******************************************************************************
                  TI ARM Linker PC v20.2.7                     
******************************************************************************
>> Linked Thu Sep 12 19:30:46 2024

OUTPUT FILE NAME:   <HC-05_UART.out>
ENTRY POINT SYMBOL: "_c_int00_noargs"  address: 00000f7d


MEMORY CONFIGURATION

         name            origin    length      used     unused   attr    fill
----------------------  --------  ---------  --------  --------  ----  --------
  FLASH                 00000000   00040000  0000122f  0003edd1  R  X
  SRAM                  20000000   00008000  00000928  000076d8  RW X


SEGMENT ALLOCATION MAP

run origin  load origin   length   init length attrs members
----------  ----------- ---------- ----------- ----- -------
00000000    00000000    00001230   00001230    r-x
  00000000    00000000    0000026c   0000026c    r-- .intvecs
  0000026c    0000026c    00000d74   00000d74    r-x .text
  00000fe0    00000fe0    000001f7   000001f7    r-- .const
  000011d8    000011d8    00000058   00000058    r-- .cinit
20000000    20000000    00000928   00000000    rw-
  20000000    20000000    00000500   00000000    rw- .bss
  20000500    20000500    00000228   00000000    rw- .data
  20000728    20000728    00000200   00000000    rw- .stack


SECTION ALLOCATION MAP

 output                                  attributes/
section   page    origin      length       input sections
--------  ----  ----------  ----------   ----------------
.intvecs   0    00000000    0000026c     
                  00000000    0000026c     tm4c123gh6pm_startup_ccs.obj (.intvecs)

.text      0    0000026c    00000d74     
                  0000026c    00000468     DMA.obj (.text)
                  000006d4    00000274     NVIC.obj (.text)
                  00000948    0000024c     SystemControl.obj (.text)
                  00000b94    00000150     SystickTimer.obj (.text)
                  00000ce4    0000009c     rtsv7M4_T_le_v4SPD16_eabi.lib : memcpy_t2.asm.obj (.text)
                  00000d80    00000096                                   : ull_div_t2.asm.obj (.text)
                  00000e16    0000007a                                   : memset_t2.asm.obj (.text)
                  00000e90    00000068                                   : copy_decompress_lzss.c.obj (.text:decompress:lzss:__TI_decompress_lzss)
                  00000ef8    00000044                                   : autoinit.c.obj (.text:__TI_auto_init_nobinit_nopinit:__TI_auto_init_nobinit_nopinit)
                  00000f3c    00000040     main.obj (.text)
                  00000f7c    00000034     rtsv7M4_T_le_v4SPD16_eabi.lib : boot_cortex_m.c.obj (.text:_c_int00_noargs:_c_int00_noargs)
                  00000fb0    0000000e                                   : copy_decompress_none.c.obj (.text:decompress:none:__TI_decompress_none)
                  00000fbe    0000000c                                   : copy_zero_init.c.obj (.text:decompress:ZI:__TI_zero_init)
                  00000fca    0000000c     tm4c123gh6pm_startup_ccs.obj (.text)
                  00000fd6    00000004     rtsv7M4_T_le_v4SPD16_eabi.lib : pre_init.c.obj (.text:_system_pre_init)
                  00000fda    00000004                                   : exit.c.obj (.text:abort:abort)
                  00000fde    00000002                                   : div0.asm.obj (.text)

.const     0    00000fe0    000001f7     
                  00000fe0    00000080     DMA.obj (.const:DMA_ChannelControlWordRegisters)
                  00001060    00000080     DMA.obj (.const:DestinationAddressPointerRegisters)
                  000010e0    00000080     DMA.obj (.const:SourceAddressPointerRegisters)
                  00001160    00000020     NVIC.obj (.const:Interrupt_Priority_Register)
                  00001180    00000010     NVIC.obj (.const:Clear_Pending_Register)
                  00001190    00000010     NVIC.obj (.const:Interrupt_Clear_Registers)
                  000011a0    00000010     NVIC.obj (.const:Interrupt_Enable_Registers)
                  000011b0    00000010     NVIC.obj (.const:Set_Pending_Register)
                  000011c0    0000000f     SystemControl.obj (.const:.string:SC_SYSDIV)
                  000011cf    00000008     SystemControl.obj (.const:.string:SC_PWMDIV)

.cinit     0    000011d8    00000058     
                  000011d8    0000002f     (.cinit..data.load) [load image, compression = lzss]
                  00001207    00000001     --HOLE-- [fill = 0]
                  00001208    0000000c     (__TI_handler_table)
                  00001214    00000004     --HOLE-- [fill = 0]
                  00001218    00000008     (.cinit..bss.load) [load image, compression = zero_init]
                  00001220    00000010     (__TI_cinit_table)

.init_array 
*          0    00000000    00000000     UNINITIALIZED

.bss       0    20000000    00000500     UNINITIALIZED
                  20000000    00000400     (.common:ui8ControlTable)
                  20000400    00000100     (.common:DestBuffer_DMA)

.data      0    20000500    00000228     UNINITIALIZED
                  20000500    00000100     main.obj (.data:SourceBuffer_DMA)
                  20000600    00000080     DMA.obj (.data:DMA_ErrorHandler_Callback)
                  20000680    00000080     DMA.obj (.data:DMA_SoftwareTransfer_Callback)
                  20000700    00000010     DMA_config.obj (.data:DMAChannel30_MemToMem)
                  20000710    00000010     DMA.obj (.data:DMA_ChannelMapSelectRegisters)
                  20000720    00000004     DMA_config.obj (.data)
                  20000724    00000004     SystickTimer.obj (.data)

.stack     0    20000728    00000200     UNINITIALIZED
                  20000728    00000004     rtsv7M4_T_le_v4SPD16_eabi.lib : boot_cortex_m.c.obj (.stack)
                  2000072c    000001fc     --HOLE--

__llvm_prf_cnts 
*          0    20000000    00000000     UNINITIALIZED

MODULE SUMMARY

       Module                         code   ro data   rw data
       ------                         ----   -------   -------
    .\
       DMA.obj                        1128   384       1296   
       NVIC.obj                       628    96        0      
       tm4c123gh6pm_startup_ccs.obj   12     620       0      
       SystemControl.obj              588    23        0      
       main.obj                       64     0         512    
       SystickTimer.obj               336    0         4      
       DMA_config.obj                 0      0         20     
    +--+------------------------------+------+---------+---------+
       Total:                         2756   1123      1832   
                                                              
    D:\CodeComposer\ccs\tools\compiler\ti-cgt-arm_20.2.7.LTS\lib\rtsv7M4_T_le_v4SPD16_eabi.lib
       memcpy_t2.asm.obj              156    0         0      
       ull_div_t2.asm.obj             150    0         0      
       memset_t2.asm.obj              122    0         0      
       copy_decompress_lzss.c.obj     104    0         0      
       autoinit.c.obj                 68     0         0      
       boot_cortex_m.c.obj            52     0         0      
       copy_decompress_none.c.obj     14     0         0      
       copy_zero_init.c.obj           12     0         0      
       exit.c.obj                     4      0         0      
       pre_init.c.obj                 4      0         0      
       div0.asm.obj                   2      0         0      
    +--+------------------------------+------+---------+---------+
       Total:                         688    0         0      
                                                              
       Stack:                         0      0         512    
       Linker Generated:              0      83        0      
    +--+------------------------------+------+---------+---------+
       Grand Total:                   3444   1206      2344   


LINKER GENERATED COPY TABLES

__TI_cinit_table @ 00001220 records: 2, size/record: 8, table size: 16
	.data: load addr=000011d8, load size=0000002f bytes, run addr=20000500, run size=00000228 bytes, compression=lzss
	.bss: load addr=00001218, load size=00000008 bytes, run addr=20000000, run size=00000500 bytes, compression=zero_init


LINKER GENERATED HANDLER TABLE

__TI_handler_table @ 00001208 records: 3, size/record: 4, table size: 12
	index: 0, handler: __TI_decompress_lzss
	index: 1, handler: __TI_decompress_none
	index: 2, handler: __TI_zero_init


GLOBAL SYMBOLS: SORTED ALPHABETICALLY BY Name 

address   name                                         
-------   ----                                         
00000fdb  C$$EXIT                                      
20000700  DMAChannel30_MemToMem                        
000005a5  DMA_AssignChannel                            
00000389  DMA_ChannelControlStructureSet               
00000507  DMA_ConfigureChannelInterrupt                
00000493  DMA_ConfigureChannelSoftwareRequest          
00000355  DMA_ConfigureControlTableBaseAddress         
000004d7  DMA_ConfigurePeripheralInterrupt             
00000549  DMA_ConfigurePriority                        
00000601  DMA_DeAssignChannel                          
0000030b  DMA_DisableChannelAttributes                 
0000036d  DMA_EnableChannel                            
000002b3  DMA_EnableChannelAttributes                  
00000283  DMA_ErrorHandler                             
00000655  DMA_MemoryToMemory_Transfer                  
0000028f  DMA_PeripheralInitialization                 
00000691  DMA_RegisterCallbackFunction_ErrorHandler    
00000677  DMA_RegisterCallbackFunction_SoftwareTransfer
0000026d  DMA_SoftwareTransferHandler                  
20000400  DestBuffer_DMA                               
00001060  DestinationAddressPointerRegisters           
000007e1  NVIC_AssignPriority                          
0000070d  NVIC_Clear_Interrupt                         
0000077d  NVIC_Clear_Pending                           
000006d5  NVIC_Enable_Interrupt                        
000007b5  NVIC_SetPriorityGrouping                     
00000745  NVIC_Set_Pending                             
20000720  Pt_DMAChannel30_MemToMem                     
00000fcb  ResetISR                                     
00000b4d  SC_ADC_ClkIntialization                      
00000b1f  SC_GetPWMFrequency                           
00000a83  SC_GetSystemClock                            
00000963  SC_Initialization                            
00000aeb  SC_PWMClkIntialization                       
000011cf  SC_PWMDIV                                    
000011c0  SC_SYSDIV                                    
000010e0  SourceAddressPointerRegisters                
20000500  SourceBuffer_DMA                             
00000be5  SysTickConfigureClockSource                  
00000c77  SysTickGenerateDelay_Interrupt               
00000c01  SysTickGenerateDelay_Polling                 
00000bd5  SystickHandler                               
00000cc5  Systick_ClearFlag                            
00000c67  Systick_RegisterCallbackFunction             
20000928  __STACK_END                                  
00000200  __STACK_SIZE                                 
20000928  __STACK_TOP                                  
00001220  __TI_CINIT_Base                              
00001230  __TI_CINIT_Limit                             
00001208  __TI_Handler_Table_Base                      
00001214  __TI_Handler_Table_Limit                     
00000ef9  __TI_auto_init_nobinit_nopinit               
00000e91  __TI_decompress_lzss                         
00000fb1  __TI_decompress_none                         
ffffffff  __TI_pprof_out_hndl                          
ffffffff  __TI_prof_data_size                          
ffffffff  __TI_prof_data_start                         
00000000  __TI_static_base__                           
00000fbf  __TI_zero_init                               
00000fdf  __aeabi_idiv0                                
00000fdf  __aeabi_ldiv0                                
00000e17  __aeabi_memclr                               
00000e17  __aeabi_memclr4                              
00000e17  __aeabi_memclr8                              
00000ce5  __aeabi_memcpy                               
00000ce5  __aeabi_memcpy4                              
00000ce5  __aeabi_memcpy8                              
00000e19  __aeabi_memset                               
00000e19  __aeabi_memset4                              
00000e19  __aeabi_memset8                              
00000d81  __aeabi_uldivmod                             
ffffffff  __binit__                                    
ffffffff  __c_args__                                   
UNDEFED   __mpu_init                                   
20000728  __stack                                      
20000000  __start___llvm_prf_cnts                      
20000000  __stop___llvm_prf_cnts                       
00000f7d  _c_int00_noargs                              
UNDEFED   _system_post_cinit                           
00000fd7  _system_pre_init                             
00000fdb  abort                                        
ffffffff  binit                                        
00000000  g_pfnVectors                                 
00000f3d  main                                         
00000ce5  memcpy                                       
00000e1f  memset                                       
20000000  ui8ControlTable                              


GLOBAL SYMBOLS: SORTED BY Symbol Address 

address   name                                         
-------   ----                                         
00000000  __TI_static_base__                           
00000000  g_pfnVectors                                 
00000200  __STACK_SIZE                                 
0000026d  DMA_SoftwareTransferHandler                  
00000283  DMA_ErrorHandler                             
0000028f  DMA_PeripheralInitialization                 
000002b3  DMA_EnableChannelAttributes                  
0000030b  DMA_DisableChannelAttributes                 
00000355  DMA_ConfigureControlTableBaseAddress         
0000036d  DMA_EnableChannel                            
00000389  DMA_ChannelControlStructureSet               
00000493  DMA_ConfigureChannelSoftwareRequest          
000004d7  DMA_ConfigurePeripheralInterrupt             
00000507  DMA_ConfigureChannelInterrupt                
00000549  DMA_ConfigurePriority                        
000005a5  DMA_AssignChannel                            
00000601  DMA_DeAssignChannel                          
00000655  DMA_MemoryToMemory_Transfer                  
00000677  DMA_RegisterCallbackFunction_SoftwareTransfer
00000691  DMA_RegisterCallbackFunction_ErrorHandler    
000006d5  NVIC_Enable_Interrupt                        
0000070d  NVIC_Clear_Interrupt                         
00000745  NVIC_Set_Pending                             
0000077d  NVIC_Clear_Pending                           
000007b5  NVIC_SetPriorityGrouping                     
000007e1  NVIC_AssignPriority                          
00000963  SC_Initialization                            
00000a83  SC_GetSystemClock                            
00000aeb  SC_PWMClkIntialization                       
00000b1f  SC_GetPWMFrequency                           
00000b4d  SC_ADC_ClkIntialization                      
00000bd5  SystickHandler                               
00000be5  SysTickConfigureClockSource                  
00000c01  SysTickGenerateDelay_Polling                 
00000c67  Systick_RegisterCallbackFunction             
00000c77  SysTickGenerateDelay_Interrupt               
00000cc5  Systick_ClearFlag                            
00000ce5  __aeabi_memcpy                               
00000ce5  __aeabi_memcpy4                              
00000ce5  __aeabi_memcpy8                              
00000ce5  memcpy                                       
00000d81  __aeabi_uldivmod                             
00000e17  __aeabi_memclr                               
00000e17  __aeabi_memclr4                              
00000e17  __aeabi_memclr8                              
00000e19  __aeabi_memset                               
00000e19  __aeabi_memset4                              
00000e19  __aeabi_memset8                              
00000e1f  memset                                       
00000e91  __TI_decompress_lzss                         
00000ef9  __TI_auto_init_nobinit_nopinit               
00000f3d  main                                         
00000f7d  _c_int00_noargs                              
00000fb1  __TI_decompress_none                         
00000fbf  __TI_zero_init                               
00000fcb  ResetISR                                     
00000fd7  _system_pre_init                             
00000fdb  C$$EXIT                                      
00000fdb  abort                                        
00000fdf  __aeabi_idiv0                                
00000fdf  __aeabi_ldiv0                                
00001060  DestinationAddressPointerRegisters           
000010e0  SourceAddressPointerRegisters                
000011c0  SC_SYSDIV                                    
000011cf  SC_PWMDIV                                    
00001208  __TI_Handler_Table_Base                      
00001214  __TI_Handler_Table_Limit                     
00001220  __TI_CINIT_Base                              
00001230  __TI_CINIT_Limit                             
20000000  __start___llvm_prf_cnts                      
20000000  __stop___llvm_prf_cnts                       
20000000  ui8ControlTable                              
20000400  DestBuffer_DMA                               
20000500  SourceBuffer_DMA                             
20000700  DMAChannel30_MemToMem                        
20000720  Pt_DMAChannel30_MemToMem                     
20000728  __stack                                      
20000928  __STACK_END                                  
20000928  __STACK_TOP                                  
ffffffff  __TI_pprof_out_hndl                          
ffffffff  __TI_prof_data_size                          
ffffffff  __TI_prof_data_start                         
ffffffff  __binit__                                    
ffffffff  __c_args__                                   
ffffffff  binit                                        
UNDEFED   __mpu_init                                   
UNDEFED   _system_post_cinit                           

[87 symbols]
