******************************************************************************
                  TI ARM Linker PC v20.2.7                     
******************************************************************************
>> Linked Mon Sep 16 14:52:39 2024

OUTPUT FILE NAME:   <HC-05_UART.out>
ENTRY POINT SYMBOL: "_c_int00_noargs"  address: 000010e5


MEMORY CONFIGURATION

         name            origin    length      used     unused   attr    fill
----------------------  --------  ---------  --------  --------  ----  --------
  FLASH                 00000000   00040000  0000143f  0003ebc1  R  X
  SRAM                  20000000   00008000  0000076f  00007891  RW X


SEGMENT ALLOCATION MAP

run origin  load origin   length   init length attrs members
----------  ----------- ---------- ----------- ----- -------
00000000    00000000    00001440   00001440    r-x
  00000000    00000000    0000026c   0000026c    r-- .intvecs
  0000026c    0000026c    00000edc   00000edc    r-x .text
  00001148    00001148    00000277   00000277    r-- .const
  000013c0    000013c0    00000080   00000080    r-- .cinit
20000000    20000000    0000076f   00000000    rw-
  20000000    20000000    00000408   00000000    rw- .bss
  20000408    20000408    00000200   00000000    rw- .stack
  20000608    20000608    00000167   00000000    rw- .data


SECTION ALLOCATION MAP

 output                                  attributes/
section   page    origin      length       input sections
--------  ----  ----------  ----------   ----------------
.intvecs   0    00000000    0000026c     
                  00000000    0000026c     tm4c123gh6pm_startup_ccs.obj (.intvecs)

.text      0    0000026c    00000edc     
                  0000026c    000005cc     DMA.obj (.text)
                  00000838    00000274     NVIC.obj (.text)
                  00000aac    0000024c     SystemControl.obj (.text)
                  00000cf8    00000150     SystickTimer.obj (.text)
                  00000e48    0000009c     rtsv7M4_T_le_v4SPD16_eabi.lib : memcpy_t2.asm.obj (.text)
                  00000ee4    00000096                                   : ull_div_t2.asm.obj (.text)
                  00000f7a    0000007a                                   : memset_t2.asm.obj (.text)
                  00000ff4    00000068                                   : copy_decompress_lzss.c.obj (.text:decompress:lzss:__TI_decompress_lzss)
                  0000105c    00000044                                   : autoinit.c.obj (.text:__TI_auto_init_nobinit_nopinit:__TI_auto_init_nobinit_nopinit)
                  000010a0    00000044     main.obj (.text)
                  000010e4    00000034     rtsv7M4_T_le_v4SPD16_eabi.lib : boot_cortex_m.c.obj (.text:_c_int00_noargs:_c_int00_noargs)
                  00001118    0000000e                                   : copy_decompress_none.c.obj (.text:decompress:none:__TI_decompress_none)
                  00001126    0000000c                                   : copy_zero_init.c.obj (.text:decompress:ZI:__TI_zero_init)
                  00001132    0000000c     tm4c123gh6pm_startup_ccs.obj (.text)
                  0000113e    00000004     rtsv7M4_T_le_v4SPD16_eabi.lib : pre_init.c.obj (.text:_system_pre_init)
                  00001142    00000004                                   : exit.c.obj (.text:abort:abort)
                  00001146    00000002                                   : div0.asm.obj (.text)

.const     0    00001148    00000277     
                  00001148    00000080     DMA.obj (.const:AlternateDMA_ChannelControlWordRegisters)
                  000011c8    00000080     DMA.obj (.const:AlternateDestinationAddressPointerRegisters)
                  00001248    00000080     DMA.obj (.const:AlternateSourceAddressPointerRegisters)
                  000012c8    00000080     DMA.obj (.const:DMA_ChannelControlWordRegisters)
                  00001348    00000020     NVIC.obj (.const:Interrupt_Priority_Register)
                  00001368    00000010     NVIC.obj (.const:Clear_Pending_Register)
                  00001378    00000010     NVIC.obj (.const:Interrupt_Clear_Registers)
                  00001388    00000010     NVIC.obj (.const:Interrupt_Enable_Registers)
                  00001398    00000010     NVIC.obj (.const:Set_Pending_Register)
                  000013a8    0000000f     SystemControl.obj (.const:.string:SC_SYSDIV)
                  000013b7    00000008     SystemControl.obj (.const:.string:SC_PWMDIV)

.cinit     0    000013c0    00000080     
                  000013c0    0000005a     (.cinit..data.load) [load image, compression = lzss]
                  0000141a    00000002     --HOLE-- [fill = 0]
                  0000141c    0000000c     (__TI_handler_table)
                  00001428    00000008     (.cinit..bss.load) [load image, compression = zero_init]
                  00001430    00000010     (__TI_cinit_table)

.init_array 
*          0    00000000    00000000     UNINITIALIZED

.bss       0    20000000    00000408     UNINITIALIZED
                  20000000    00000400     (.common:ui8ControlTable)
                  20000400    00000008     (.common:ListDest)

.data      0    20000608    00000167     UNINITIALIZED
                  20000608    00000080     DMA.obj (.data:DMA_ErrorHandler_Callback)
                  20000688    00000080     DMA.obj (.data:DMA_SoftwareTransfer_Callback)
                  20000708    00000020     DMA_config.obj (.data:DMA_ControlTable_Arr)
                  20000728    00000010     DMA_config.obj (.data:DMAChannel28_MemToMem)
                  20000738    00000010     DMA_config.obj (.data:DMAChannel30_MemToMem)
                  20000748    00000010     DMA.obj (.data:DMA_ChannelMapSelectRegisters)
                  20000758    00000008     DMA_config.obj (.data)
                  20000760    00000004     main.obj (.data:ListA)
                  20000764    00000004     main.obj (.data:ListB)
                  20000768    00000004     SystickTimer.obj (.data)
                  2000076c    00000002     UART.obj (.data)
                  2000076e    00000001     DMA.obj (.data)

.stack     0    20000408    00000200     UNINITIALIZED
                  20000408    00000004     rtsv7M4_T_le_v4SPD16_eabi.lib : boot_cortex_m.c.obj (.stack)
                  2000040c    000001fc     --HOLE--

__llvm_prf_cnts 
*          0    20000000    00000000     UNINITIALIZED

MODULE SUMMARY

       Module                         code   ro data   rw data
       ------                         ----   -------   -------
    .\
       DMA.obj                        1484   512       1297   
       NVIC.obj                       628    96        0      
       tm4c123gh6pm_startup_ccs.obj   12     620       0      
       SystemControl.obj              588    23        0      
       SystickTimer.obj               336    0         4      
       main.obj                       68     0         16     
       DMA_config.obj                 0      0         72     
       UART.obj                       0      0         2      
    +--+------------------------------+------+---------+---------+
       Total:                         3116   1251      1391   
                                                              
    D:\CodeComposer\ccs\tools\compiler\ti-cgt-arm_20.2.7.LTS\lib\rtsv7M4_T_le_v4SPD16_eabi.lib
       memcpy_t2.asm.obj              156    0         0      
       ull_div_t2.asm.obj             150    0         0      
       memset_t2.asm.obj              122    0         0      
       copy_decompress_lzss.c.obj     104    0         0      
       autoinit.c.obj                 68     0         0      
       boot_cortex_m.c.obj            52     0         0      
       copy_decompress_none.c.obj     14     0         0      
       copy_zero_init.c.obj           12     0         0      
       exit.c.obj                     4      0         0      
       pre_init.c.obj                 4      0         0      
       div0.asm.obj                   2      0         0      
    +--+------------------------------+------+---------+---------+
       Total:                         688    0         0      
                                                              
       Stack:                         0      0         512    
       Linker Generated:              0      126       0      
    +--+------------------------------+------+---------+---------+
       Grand Total:                   3804   1377      1903   


LINKER GENERATED COPY TABLES

__TI_cinit_table @ 00001430 records: 2, size/record: 8, table size: 16
	.data: load addr=000013c0, load size=0000005a bytes, run addr=20000608, run size=00000167 bytes, compression=lzss
	.bss: load addr=00001428, load size=00000008 bytes, run addr=20000000, run size=00000408 bytes, compression=zero_init


LINKER GENERATED HANDLER TABLE

__TI_handler_table @ 0000141c records: 3, size/record: 4, table size: 12
	index: 0, handler: __TI_decompress_lzss
	index: 1, handler: __TI_decompress_none
	index: 2, handler: __TI_zero_init


GLOBAL SYMBOLS: SORTED ALPHABETICALLY BY Name 

address   name                                         
-------   ----                                         
000011c8  AlternateDestinationAddressPointerRegisters  
00001248  AlternateSourceAddressPointerRegisters       
00001143  C$$EXIT                                      
20000728  DMAChannel28_MemToMem                        
20000738  DMAChannel30_MemToMem                        
000006b5  DMA_AssignChannel                            
00000479  DMA_ChannelAlternateControlStructureSet      
00000377  DMA_ChannelControlStructureSet               
00000781  DMA_ChannelScatterGatherSet                  
00000629  DMA_ConfigureChannelInterrupt                
000005ad  DMA_ConfigureChannelSoftwareRequest          
00000343  DMA_ConfigureControlTableBaseAddress         
000005f5  DMA_ConfigurePeripheralInterrupt             
00000671  DMA_ConfigurePriority                        
20000708  DMA_ControlTable_Arr                         
00000705  DMA_DeAssignChannel                          
000002f9  DMA_DisableChannelAttributes                 
0000035b  DMA_EnableChannel                            
000002a1  DMA_EnableChannelAttributes                  
00000279  DMA_ErrorHandler                             
00000755  DMA_MemoryToMemory_Transfer                  
00000285  DMA_PeripheralInitialization                 
000007e9  DMA_RegisterCallbackFunction_ErrorHandler    
000007c5  DMA_RegisterCallbackFunction_SoftwareTransfer
0000026d  DMA_SoftwareTransferHandler                  
20000760  ListA                                        
20000764  ListB                                        
20000400  ListDest                                     
00000945  NVIC_AssignPriority                          
00000871  NVIC_Clear_Interrupt                         
000008e1  NVIC_Clear_Pending                           
00000839  NVIC_Enable_Interrupt                        
00000919  NVIC_SetPriorityGrouping                     
000008a9  NVIC_Set_Pending                             
2000075c  Pt_DMAChannel28_MemToMem                     
20000758  Pt_DMAChannel30_MemToMem                     
00001133  ResetISR                                     
00000cb1  SC_ADC_ClkIntialization                      
00000c83  SC_GetPWMFrequency                           
00000be7  SC_GetSystemClock                            
00000ac7  SC_Initialization                            
00000c4f  SC_PWMClkIntialization                       
000013b7  SC_PWMDIV                                    
000013a8  SC_SYSDIV                                    
2000076e  ScatterGatherFlag                            
00000d49  SysTickConfigureClockSource                  
00000ddb  SysTickGenerateDelay_Interrupt               
00000d65  SysTickGenerateDelay_Polling                 
00000d39  SystickHandler                               
00000e29  Systick_ClearFlag                            
00000dcb  Systick_RegisterCallbackFunction             
2000076d  UARTDMA_RxFlag                               
2000076c  UARTDMA_TxFlag                               
20000608  __STACK_END                                  
00000200  __STACK_SIZE                                 
20000608  __STACK_TOP                                  
00001430  __TI_CINIT_Base                              
00001440  __TI_CINIT_Limit                             
0000141c  __TI_Handler_Table_Base                      
00001428  __TI_Handler_Table_Limit                     
0000105d  __TI_auto_init_nobinit_nopinit               
00000ff5  __TI_decompress_lzss                         
00001119  __TI_decompress_none                         
ffffffff  __TI_pprof_out_hndl                          
ffffffff  __TI_prof_data_size                          
ffffffff  __TI_prof_data_start                         
00000000  __TI_static_base__                           
00001127  __TI_zero_init                               
00001147  __aeabi_idiv0                                
00001147  __aeabi_ldiv0                                
00000f7b  __aeabi_memclr                               
00000f7b  __aeabi_memclr4                              
00000f7b  __aeabi_memclr8                              
00000e49  __aeabi_memcpy                               
00000e49  __aeabi_memcpy4                              
00000e49  __aeabi_memcpy8                              
00000f7d  __aeabi_memset                               
00000f7d  __aeabi_memset4                              
00000f7d  __aeabi_memset8                              
00000ee5  __aeabi_uldivmod                             
ffffffff  __binit__                                    
ffffffff  __c_args__                                   
UNDEFED   __mpu_init                                   
20000408  __stack                                      
20000000  __start___llvm_prf_cnts                      
20000000  __stop___llvm_prf_cnts                       
000010e5  _c_int00_noargs                              
UNDEFED   _system_post_cinit                           
0000113f  _system_pre_init                             
00001143  abort                                        
ffffffff  binit                                        
00000000  g_pfnVectors                                 
000010a1  main                                         
00000e49  memcpy                                       
00000f83  memset                                       
20000000  ui8ControlTable                              


GLOBAL SYMBOLS: SORTED BY Symbol Address 

address   name                                         
-------   ----                                         
00000000  __TI_static_base__                           
00000000  g_pfnVectors                                 
00000200  __STACK_SIZE                                 
0000026d  DMA_SoftwareTransferHandler                  
00000279  DMA_ErrorHandler                             
00000285  DMA_PeripheralInitialization                 
000002a1  DMA_EnableChannelAttributes                  
000002f9  DMA_DisableChannelAttributes                 
00000343  DMA_ConfigureControlTableBaseAddress         
0000035b  DMA_EnableChannel                            
00000377  DMA_ChannelControlStructureSet               
00000479  DMA_ChannelAlternateControlStructureSet      
000005ad  DMA_ConfigureChannelSoftwareRequest          
000005f5  DMA_ConfigurePeripheralInterrupt             
00000629  DMA_ConfigureChannelInterrupt                
00000671  DMA_ConfigurePriority                        
000006b5  DMA_AssignChannel                            
00000705  DMA_DeAssignChannel                          
00000755  DMA_MemoryToMemory_Transfer                  
00000781  DMA_ChannelScatterGatherSet                  
000007c5  DMA_RegisterCallbackFunction_SoftwareTransfer
000007e9  DMA_RegisterCallbackFunction_ErrorHandler    
00000839  NVIC_Enable_Interrupt                        
00000871  NVIC_Clear_Interrupt                         
000008a9  NVIC_Set_Pending                             
000008e1  NVIC_Clear_Pending                           
00000919  NVIC_SetPriorityGrouping                     
00000945  NVIC_AssignPriority                          
00000ac7  SC_Initialization                            
00000be7  SC_GetSystemClock                            
00000c4f  SC_PWMClkIntialization                       
00000c83  SC_GetPWMFrequency                           
00000cb1  SC_ADC_ClkIntialization                      
00000d39  SystickHandler                               
00000d49  SysTickConfigureClockSource                  
00000d65  SysTickGenerateDelay_Polling                 
00000dcb  Systick_RegisterCallbackFunction             
00000ddb  SysTickGenerateDelay_Interrupt               
00000e29  Systick_ClearFlag                            
00000e49  __aeabi_memcpy                               
00000e49  __aeabi_memcpy4                              
00000e49  __aeabi_memcpy8                              
00000e49  memcpy                                       
00000ee5  __aeabi_uldivmod                             
00000f7b  __aeabi_memclr                               
00000f7b  __aeabi_memclr4                              
00000f7b  __aeabi_memclr8                              
00000f7d  __aeabi_memset                               
00000f7d  __aeabi_memset4                              
00000f7d  __aeabi_memset8                              
00000f83  memset                                       
00000ff5  __TI_decompress_lzss                         
0000105d  __TI_auto_init_nobinit_nopinit               
000010a1  main                                         
000010e5  _c_int00_noargs                              
00001119  __TI_decompress_none                         
00001127  __TI_zero_init                               
00001133  ResetISR                                     
0000113f  _system_pre_init                             
00001143  C$$EXIT                                      
00001143  abort                                        
00001147  __aeabi_idiv0                                
00001147  __aeabi_ldiv0                                
000011c8  AlternateDestinationAddressPointerRegisters  
00001248  AlternateSourceAddressPointerRegisters       
000013a8  SC_SYSDIV                                    
000013b7  SC_PWMDIV                                    
0000141c  __TI_Handler_Table_Base                      
00001428  __TI_Handler_Table_Limit                     
00001430  __TI_CINIT_Base                              
00001440  __TI_CINIT_Limit                             
20000000  __start___llvm_prf_cnts                      
20000000  __stop___llvm_prf_cnts                       
20000000  ui8ControlTable                              
20000400  ListDest                                     
20000408  __stack                                      
20000608  __STACK_END                                  
20000608  __STACK_TOP                                  
20000708  DMA_ControlTable_Arr                         
20000728  DMAChannel28_MemToMem                        
20000738  DMAChannel30_MemToMem                        
20000758  Pt_DMAChannel30_MemToMem                     
2000075c  Pt_DMAChannel28_MemToMem                     
20000760  ListA                                        
20000764  ListB                                        
2000076c  UARTDMA_TxFlag                               
2000076d  UARTDMA_RxFlag                               
2000076e  ScatterGatherFlag                            
ffffffff  __TI_pprof_out_hndl                          
ffffffff  __TI_prof_data_size                          
ffffffff  __TI_prof_data_start                         
ffffffff  __binit__                                    
ffffffff  __c_args__                                   
ffffffff  binit                                        
UNDEFED   __mpu_init                                   
UNDEFED   _system_post_cinit                           

[96 symbols]
