<?xml version="1.0" encoding="ISO-8859-1" ?>
<link_info>
   <banner>TI ARM Linker PC v20.2.7.LTS</banner>
   <copyright>Copyright (c) 1996-2018 Texas Instruments Incorporated</copyright>
   <link_time>0x66e62388</link_time>
   <link_errors>0x0</link_errors>
   <output_file>HC-05_UART.out</output_file>
   <entry_point>
      <name>_c_int00_noargs</name>
      <address>0x2591</address>
   </entry_point>
   <input_file_list>
      <input_file id="fl-2">
         <path>.\</path>
         <kind>object</kind>
         <file>DMA.obj</file>
         <name>DMA.obj</name>
      </input_file>
      <input_file id="fl-3">
         <path>.\</path>
         <kind>object</kind>
         <file>DMA_config.obj</file>
         <name>DMA_config.obj</name>
      </input_file>
      <input_file id="fl-4">
         <path>.\</path>
         <kind>object</kind>
         <file>GPIO.obj</file>
         <name>GPIO.obj</name>
      </input_file>
      <input_file id="fl-5">
         <path>.\</path>
         <kind>object</kind>
         <file>GPIO_config.obj</file>
         <name>GPIO_config.obj</name>
      </input_file>
      <input_file id="fl-6">
         <path>.\</path>
         <kind>object</kind>
         <file>GPTM.obj</file>
         <name>GPTM.obj</name>
      </input_file>
      <input_file id="fl-7">
         <path>.\</path>
         <kind>object</kind>
         <file>GPTM_config.obj</file>
         <name>GPTM_config.obj</name>
      </input_file>
      <input_file id="fl-8">
         <path>.\</path>
         <kind>object</kind>
         <file>HC-05.obj</file>
         <name>HC-05.obj</name>
      </input_file>
      <input_file id="fl-9">
         <path>.\</path>
         <kind>object</kind>
         <file>NVIC.obj</file>
         <name>NVIC.obj</name>
      </input_file>
      <input_file id="fl-a">
         <path>.\</path>
         <kind>object</kind>
         <file>SystemControl.obj</file>
         <name>SystemControl.obj</name>
      </input_file>
      <input_file id="fl-b">
         <path>.\</path>
         <kind>object</kind>
         <file>SystemControl_Config.obj</file>
         <name>SystemControl_Config.obj</name>
      </input_file>
      <input_file id="fl-c">
         <path>.\</path>
         <kind>object</kind>
         <file>SystickTimer.obj</file>
         <name>SystickTimer.obj</name>
      </input_file>
      <input_file id="fl-d">
         <path>.\</path>
         <kind>object</kind>
         <file>UART.obj</file>
         <name>UART.obj</name>
      </input_file>
      <input_file id="fl-e">
         <path>.\</path>
         <kind>object</kind>
         <file>UART_config.obj</file>
         <name>UART_config.obj</name>
      </input_file>
      <input_file id="fl-f">
         <path>.\</path>
         <kind>object</kind>
         <file>main.obj</file>
         <name>main.obj</name>
      </input_file>
      <input_file id="fl-10">
         <path>.\</path>
         <kind>object</kind>
         <file>tm4c123gh6pm_startup_ccs.obj</file>
         <name>tm4c123gh6pm_startup_ccs.obj</name>
      </input_file>
      <input_file id="fl-14">
         <kind>object</kind>
         <file>&lt;internal&gt;</file>
         <name>&lt;internal&gt;</name>
      </input_file>
      <input_file id="fl-ca">
         <path>D:\CodeComposer\ccs\tools\compiler\ti-cgt-arm_20.2.7.LTS\lib\</path>
         <kind>archive</kind>
         <file>rtsv7M4_T_le_v4SPD16_eabi.lib</file>
         <name>ull_div_t2.asm.obj</name>
      </input_file>
      <input_file id="fl-cb">
         <path>D:\CodeComposer\ccs\tools\compiler\ti-cgt-arm_20.2.7.LTS\lib\</path>
         <kind>archive</kind>
         <file>rtsv7M4_T_le_v4SPD16_eabi.lib</file>
         <name>copy_zero_init.c.obj</name>
      </input_file>
      <input_file id="fl-cc">
         <path>D:\CodeComposer\ccs\tools\compiler\ti-cgt-arm_20.2.7.LTS\lib\</path>
         <kind>archive</kind>
         <file>rtsv7M4_T_le_v4SPD16_eabi.lib</file>
         <name>copy_decompress_none.c.obj</name>
      </input_file>
      <input_file id="fl-cd">
         <path>D:\CodeComposer\ccs\tools\compiler\ti-cgt-arm_20.2.7.LTS\lib\</path>
         <kind>archive</kind>
         <file>rtsv7M4_T_le_v4SPD16_eabi.lib</file>
         <name>copy_decompress_lzss.c.obj</name>
      </input_file>
      <input_file id="fl-ce">
         <path>D:\CodeComposer\ccs\tools\compiler\ti-cgt-arm_20.2.7.LTS\lib\</path>
         <kind>archive</kind>
         <file>rtsv7M4_T_le_v4SPD16_eabi.lib</file>
         <name>boot_cortex_m.c.obj</name>
      </input_file>
      <input_file id="fl-cf">
         <path>D:\CodeComposer\ccs\tools\compiler\ti-cgt-arm_20.2.7.LTS\lib\</path>
         <kind>archive</kind>
         <file>rtsv7M4_T_le_v4SPD16_eabi.lib</file>
         <name>div0.asm.obj</name>
      </input_file>
      <input_file id="fl-d0">
         <path>D:\CodeComposer\ccs\tools\compiler\ti-cgt-arm_20.2.7.LTS\lib\</path>
         <kind>archive</kind>
         <file>rtsv7M4_T_le_v4SPD16_eabi.lib</file>
         <name>memcpy_t2.asm.obj</name>
      </input_file>
      <input_file id="fl-d1">
         <path>D:\CodeComposer\ccs\tools\compiler\ti-cgt-arm_20.2.7.LTS\lib\</path>
         <kind>archive</kind>
         <file>rtsv7M4_T_le_v4SPD16_eabi.lib</file>
         <name>memset_t2.asm.obj</name>
      </input_file>
      <input_file id="fl-d2">
         <path>D:\CodeComposer\ccs\tools\compiler\ti-cgt-arm_20.2.7.LTS\lib\</path>
         <kind>archive</kind>
         <file>rtsv7M4_T_le_v4SPD16_eabi.lib</file>
         <name>autoinit.c.obj</name>
      </input_file>
      <input_file id="fl-d3">
         <path>D:\CodeComposer\ccs\tools\compiler\ti-cgt-arm_20.2.7.LTS\lib\</path>
         <kind>archive</kind>
         <file>rtsv7M4_T_le_v4SPD16_eabi.lib</file>
         <name>pre_init.c.obj</name>
      </input_file>
      <input_file id="fl-d4">
         <path>D:\CodeComposer\ccs\tools\compiler\ti-cgt-arm_20.2.7.LTS\lib\</path>
         <kind>archive</kind>
         <file>rtsv7M4_T_le_v4SPD16_eabi.lib</file>
         <name>cpy_tbl.c.obj</name>
      </input_file>
      <input_file id="fl-d5">
         <path>D:\CodeComposer\ccs\tools\compiler\ti-cgt-arm_20.2.7.LTS\lib\</path>
         <kind>archive</kind>
         <file>rtsv7M4_T_le_v4SPD16_eabi.lib</file>
         <name>exit.c.obj</name>
      </input_file>
      <input_file id="fl-d6">
         <path>D:\CodeComposer\ccs\tools\compiler\ti-cgt-arm_20.2.7.LTS\lib\</path>
         <kind>archive</kind>
         <file>rtsv7M4_T_le_v4SPD16_eabi.lib</file>
         <name>_lock.c.obj</name>
      </input_file>
      <input_file id="fl-d7">
         <path>D:\CodeComposer\ccs\tools\compiler\ti-cgt-arm_20.2.7.LTS\lib\</path>
         <kind>archive</kind>
         <file>rtsv7M4_T_le_v4SPD16_eabi.lib</file>
         <name>args_main.c.obj</name>
      </input_file>
   </input_file_list>
   <object_component_list>
      <object_component id="oc-12">
         <name>.intvecs</name>
         <load_address>0x0</load_address>
         <run_address>0x0</run_address>
         <size>0x26c</size>
         <input_file_ref idref="fl-10"/>
      </object_component>
      <object_component id="oc-9e">
         <name>.text</name>
         <load_address>0x26c</load_address>
         <run_address>0x26c</run_address>
         <size>0x9d0</size>
         <input_file_ref idref="fl-d"/>
      </object_component>
      <object_component id="oc-152">
         <name>.text</name>
         <load_address>0xc3c</load_address>
         <run_address>0xc3c</run_address>
         <size>0x634</size>
         <input_file_ref idref="fl-4"/>
      </object_component>
      <object_component id="oc-33">
         <name>.text</name>
         <load_address>0x1270</load_address>
         <run_address>0x1270</run_address>
         <size>0x604</size>
         <input_file_ref idref="fl-2"/>
      </object_component>
      <object_component id="oc-176">
         <name>.text</name>
         <load_address>0x1874</load_address>
         <run_address>0x1874</run_address>
         <size>0x410</size>
         <input_file_ref idref="fl-6"/>
      </object_component>
      <object_component id="oc-85">
         <name>.text</name>
         <load_address>0x1c84</load_address>
         <run_address>0x1c84</run_address>
         <size>0x274</size>
         <input_file_ref idref="fl-9"/>
      </object_component>
      <object_component id="oc-7a">
         <name>.text</name>
         <load_address>0x1ef8</load_address>
         <run_address>0x1ef8</run_address>
         <size>0x24c</size>
         <input_file_ref idref="fl-a"/>
      </object_component>
      <object_component id="oc-2d">
         <name>.text</name>
         <load_address>0x2144</load_address>
         <run_address>0x2144</run_address>
         <size>0x150</size>
         <input_file_ref idref="fl-c"/>
      </object_component>
      <object_component id="oc-105">
         <name>.text</name>
         <load_address>0x2294</load_address>
         <run_address>0x2294</run_address>
         <size>0xa4</size>
         <input_file_ref idref="fl-f"/>
      </object_component>
      <object_component id="oc-47">
         <name>.text</name>
         <load_address>0x2338</load_address>
         <run_address>0x2338</run_address>
         <size>0x9c</size>
         <input_file_ref idref="fl-d0"/>
      </object_component>
      <object_component id="oc-80">
         <name>.text</name>
         <load_address>0x23d4</load_address>
         <run_address>0x23d4</run_address>
         <size>0x96</size>
         <input_file_ref idref="fl-ca"/>
      </object_component>
      <object_component id="oc-f9">
         <name>.text</name>
         <load_address>0x246a</load_address>
         <run_address>0x246a</run_address>
         <size>0x7a</size>
         <input_file_ref idref="fl-d1"/>
      </object_component>
      <object_component id="oc-15">
         <name>.text:decompress:lzss:__TI_decompress_lzss</name>
         <load_address>0x24e4</load_address>
         <run_address>0x24e4</run_address>
         <size>0x68</size>
         <input_file_ref idref="fl-cd"/>
      </object_component>
      <object_component id="oc-209">
         <name>.text:__TI_auto_init_nobinit_nopinit:__TI_auto_init_nobinit_nopinit</name>
         <load_address>0x254c</load_address>
         <run_address>0x254c</run_address>
         <size>0x44</size>
         <input_file_ref idref="fl-d2"/>
      </object_component>
      <object_component id="oc-65">
         <name>.text:_c_int00_noargs:_c_int00_noargs</name>
         <load_address>0x2590</load_address>
         <run_address>0x2590</run_address>
         <size>0x34</size>
         <input_file_ref idref="fl-ce"/>
      </object_component>
      <object_component id="oc-1b">
         <name>.text:decompress:none:__TI_decompress_none</name>
         <load_address>0x25c4</load_address>
         <run_address>0x25c4</run_address>
         <size>0xe</size>
         <input_file_ref idref="fl-cc"/>
      </object_component>
      <object_component id="oc-59">
         <name>.text:decompress:ZI:__TI_zero_init</name>
         <load_address>0x25d2</load_address>
         <run_address>0x25d2</run_address>
         <size>0xc</size>
         <input_file_ref idref="fl-cb"/>
      </object_component>
      <object_component id="oc-27">
         <name>.text</name>
         <load_address>0x25de</load_address>
         <run_address>0x25de</run_address>
         <size>0xc</size>
         <input_file_ref idref="fl-10"/>
      </object_component>
      <object_component id="oc-ff">
         <name>.text:_system_pre_init</name>
         <load_address>0x25ea</load_address>
         <run_address>0x25ea</run_address>
         <size>0x4</size>
         <input_file_ref idref="fl-d3"/>
      </object_component>
      <object_component id="oc-1fd">
         <name>.text:abort:abort</name>
         <load_address>0x25ee</load_address>
         <run_address>0x25ee</run_address>
         <size>0x4</size>
         <input_file_ref idref="fl-d5"/>
      </object_component>
      <object_component id="oc-124">
         <name>.text</name>
         <load_address>0x25f2</load_address>
         <run_address>0x25f2</run_address>
         <size>0x2</size>
         <input_file_ref idref="fl-cf"/>
      </object_component>
      <object_component id="oc-c3">
         <name>.const:AlternateDMA_ChannelControlWordRegisters</name>
         <load_address>0x25f4</load_address>
         <run_address>0x25f4</run_address>
         <size>0x80</size>
         <input_file_ref idref="fl-2"/>
      </object_component>
      <object_component id="oc-c0">
         <name>.const:AlternateDestinationAddressPointerRegisters</name>
         <load_address>0x2674</load_address>
         <run_address>0x2674</run_address>
         <size>0x80</size>
         <input_file_ref idref="fl-2"/>
      </object_component>
      <object_component id="oc-bd">
         <name>.const:AlternateSourceAddressPointerRegisters</name>
         <load_address>0x26f4</load_address>
         <run_address>0x26f4</run_address>
         <size>0x80</size>
         <input_file_ref idref="fl-2"/>
      </object_component>
      <object_component id="oc-ba">
         <name>.const:DMA_ChannelControlWordRegisters</name>
         <load_address>0x2774</load_address>
         <run_address>0x2774</run_address>
         <size>0x80</size>
         <input_file_ref idref="fl-2"/>
      </object_component>
      <object_component id="oc-b7">
         <name>.const:DestinationAddressPointerRegisters</name>
         <load_address>0x27f4</load_address>
         <run_address>0x27f4</run_address>
         <size>0x80</size>
         <input_file_ref idref="fl-2"/>
      </object_component>
      <object_component id="oc-b4">
         <name>.const:SourceAddressPointerRegisters</name>
         <load_address>0x2874</load_address>
         <run_address>0x2874</run_address>
         <size>0x80</size>
         <input_file_ref idref="fl-2"/>
      </object_component>
      <object_component id="oc-29a">
         <name>.const:GPTM_TimerMode</name>
         <load_address>0x28f4</load_address>
         <run_address>0x28f4</run_address>
         <size>0x60</size>
         <input_file_ref idref="fl-6"/>
      </object_component>
      <object_component id="oc-297">
         <name>.const:GPTM_ConfigurationRegisters</name>
         <load_address>0x2954</load_address>
         <run_address>0x2954</run_address>
         <size>0x30</size>
         <input_file_ref idref="fl-6"/>
      </object_component>
      <object_component id="oc-294">
         <name>.const:GPTM_Control</name>
         <load_address>0x2984</load_address>
         <run_address>0x2984</run_address>
         <size>0x30</size>
         <input_file_ref idref="fl-6"/>
      </object_component>
      <object_component id="oc-2ac">
         <name>.const:GPTM_ICRRegisters</name>
         <load_address>0x29b4</load_address>
         <run_address>0x29b4</run_address>
         <size>0x30</size>
         <input_file_ref idref="fl-6"/>
      </object_component>
      <object_component id="oc-2a9">
         <name>.const:GPTM_RISRegisters</name>
         <load_address>0x29e4</load_address>
         <run_address>0x29e4</run_address>
         <size>0x30</size>
         <input_file_ref idref="fl-6"/>
      </object_component>
      <object_component id="oc-1f3">
         <name>.const:GPIO_AFSELUARTConfig_ArrPtrStruct</name>
         <load_address>0x2a14</load_address>
         <run_address>0x2a14</run_address>
         <size>0x20</size>
         <input_file_ref idref="fl-5"/>
      </object_component>
      <object_component id="oc-136">
         <name>.const:Interrupt_Priority_Register</name>
         <load_address>0x2a34</load_address>
         <run_address>0x2a34</run_address>
         <size>0x20</size>
         <input_file_ref idref="fl-9"/>
      </object_component>
      <object_component id="oc-170">
         <name>.const:UART_ClockConfigurationRegisters</name>
         <load_address>0x2a54</load_address>
         <run_address>0x2a54</run_address>
         <size>0x20</size>
         <input_file_ref idref="fl-d"/>
      </object_component>
      <object_component id="oc-164">
         <name>.const:UART_ControlRegisters</name>
         <load_address>0x2a74</load_address>
         <run_address>0x2a74</run_address>
         <size>0x20</size>
         <input_file_ref idref="fl-d"/>
      </object_component>
      <object_component id="oc-188">
         <name>.const:UART_DMAControlRegisters</name>
         <load_address>0x2a94</load_address>
         <run_address>0x2a94</run_address>
         <size>0x20</size>
         <input_file_ref idref="fl-d"/>
      </object_component>
      <object_component id="oc-17f">
         <name>.const:UART_DataRegisters</name>
         <load_address>0x2ab4</load_address>
         <run_address>0x2ab4</run_address>
         <size>0x20</size>
         <input_file_ref idref="fl-d"/>
      </object_component>
      <object_component id="oc-17c">
         <name>.const:UART_FlagRegisters</name>
         <load_address>0x2ad4</load_address>
         <run_address>0x2ad4</run_address>
         <size>0x20</size>
         <input_file_ref idref="fl-d"/>
      </object_component>
      <object_component id="oc-16a">
         <name>.const:UART_FractionalBaudRateDivisorRegisters</name>
         <load_address>0x2af4</load_address>
         <run_address>0x2af4</run_address>
         <size>0x20</size>
         <input_file_ref idref="fl-d"/>
      </object_component>
      <object_component id="oc-167">
         <name>.const:UART_IntegerBaudRateDivisorRegisters</name>
         <load_address>0x2b14</load_address>
         <run_address>0x2b14</run_address>
         <size>0x20</size>
         <input_file_ref idref="fl-d"/>
      </object_component>
      <object_component id="oc-173">
         <name>.const:UART_InterruptMaskRegisters</name>
         <load_address>0x2b34</load_address>
         <run_address>0x2b34</run_address>
         <size>0x20</size>
         <input_file_ref idref="fl-d"/>
      </object_component>
      <object_component id="oc-16d">
         <name>.const:UART_LineControlRegisters</name>
         <load_address>0x2b54</load_address>
         <run_address>0x2b54</run_address>
         <size>0x20</size>
         <input_file_ref idref="fl-d"/>
      </object_component>
      <object_component id="oc-143">
         <name>.const:UART_MaskedInterruptStatusRegisters</name>
         <load_address>0x2b74</load_address>
         <run_address>0x2b74</run_address>
         <size>0x20</size>
         <input_file_ref idref="fl-d"/>
      </object_component>
      <object_component id="oc-266">
         <name>.const:GPIO_AlternateFunctionSelect_Registers</name>
         <load_address>0x2b94</load_address>
         <run_address>0x2b94</run_address>
         <size>0x18</size>
         <input_file_ref idref="fl-4"/>
      </object_component>
      <object_component id="oc-263">
         <name>.const:GPIO_Data_Registers</name>
         <load_address>0x2bac</load_address>
         <run_address>0x2bac</run_address>
         <size>0x18</size>
         <input_file_ref idref="fl-4"/>
      </object_component>
      <object_component id="oc-26c">
         <name>.const:GPIO_DigitalEnable_Registers</name>
         <load_address>0x2bc4</load_address>
         <run_address>0x2bc4</run_address>
         <size>0x18</size>
         <input_file_ref idref="fl-4"/>
      </object_component>
      <object_component id="oc-275">
         <name>.const:GPIO_InterruptClear_Registers</name>
         <load_address>0x2bdc</load_address>
         <run_address>0x2bdc</run_address>
         <size>0x18</size>
         <input_file_ref idref="fl-4"/>
      </object_component>
      <object_component id="oc-278">
         <name>.const:GPIO_InterruptMask_Registers</name>
         <load_address>0x2bf4</load_address>
         <run_address>0x2bf4</run_address>
         <size>0x18</size>
         <input_file_ref idref="fl-4"/>
      </object_component>
      <object_component id="oc-26f">
         <name>.const:GPIO_LOCK_Registers</name>
         <load_address>0x2c0c</load_address>
         <run_address>0x2c0c</run_address>
         <size>0x18</size>
         <input_file_ref idref="fl-4"/>
      </object_component>
      <object_component id="oc-269">
         <name>.const:GPIO_PortControl_Registers</name>
         <load_address>0x2c24</load_address>
         <run_address>0x2c24</run_address>
         <size>0x18</size>
         <input_file_ref idref="fl-4"/>
      </object_component>
      <object_component id="oc-272">
         <name>.const:GPIO_Port_Commit</name>
         <load_address>0x2c3c</load_address>
         <run_address>0x2c3c</run_address>
         <size>0x18</size>
         <input_file_ref idref="fl-4"/>
      </object_component>
      <object_component id="oc-2a3">
         <name>.const:GPTM_32BitTimerB_IntervalLoad</name>
         <load_address>0x2c54</load_address>
         <run_address>0x2c54</run_address>
         <size>0x18</size>
         <input_file_ref idref="fl-6"/>
      </object_component>
      <object_component id="oc-2a6">
         <name>.const:GPTM_32BitTimerB_Match</name>
         <load_address>0x2c6c</load_address>
         <run_address>0x2c6c</run_address>
         <size>0x18</size>
         <input_file_ref idref="fl-6"/>
      </object_component>
      <object_component id="oc-29d">
         <name>.const:GPTM_32_64_BitTimerA_IntervalLoad</name>
         <load_address>0x2c84</load_address>
         <run_address>0x2c84</run_address>
         <size>0x18</size>
         <input_file_ref idref="fl-6"/>
      </object_component>
      <object_component id="oc-2a0">
         <name>.const:GPTM_32_64_BitTimerA_Match</name>
         <load_address>0x2c9c</load_address>
         <run_address>0x2c9c</run_address>
         <size>0x18</size>
         <input_file_ref idref="fl-6"/>
      </object_component>
      <object_component id="oc-133">
         <name>.const:Clear_Pending_Register</name>
         <load_address>0x2cb4</load_address>
         <run_address>0x2cb4</run_address>
         <size>0x10</size>
         <input_file_ref idref="fl-9"/>
      </object_component>
      <object_component id="oc-12d">
         <name>.const:Interrupt_Clear_Registers</name>
         <load_address>0x2cc4</load_address>
         <run_address>0x2cc4</run_address>
         <size>0x10</size>
         <input_file_ref idref="fl-9"/>
      </object_component>
      <object_component id="oc-12a">
         <name>.const:Interrupt_Enable_Registers</name>
         <load_address>0x2cd4</load_address>
         <run_address>0x2cd4</run_address>
         <size>0x10</size>
         <input_file_ref idref="fl-9"/>
      </object_component>
      <object_component id="oc-130">
         <name>.const:Set_Pending_Register</name>
         <load_address>0x2ce4</load_address>
         <run_address>0x2ce4</run_address>
         <size>0x10</size>
         <input_file_ref idref="fl-9"/>
      </object_component>
      <object_component id="oc-117">
         <name>.const:.string:SC_SYSDIV</name>
         <load_address>0x2cf4</load_address>
         <run_address>0x2cf4</run_address>
         <size>0xf</size>
         <input_file_ref idref="fl-a"/>
      </object_component>
      <object_component id="oc-11a">
         <name>.const:.string:SC_PWMDIV</name>
         <load_address>0x2d03</load_address>
         <run_address>0x2d03</run_address>
         <size>0x8</size>
         <input_file_ref idref="fl-a"/>
      </object_component>
      <object_component id="oc-2d2">
         <name>.const:GPTM_Config_32BitTimer0A</name>
         <load_address>0x2d0b</load_address>
         <run_address>0x2d0b</run_address>
         <size>0x4</size>
         <input_file_ref idref="fl-7"/>
      </object_component>
      <object_component id="oc-2d5">
         <name>.const:GPTM_Config_32BitTimer0B</name>
         <load_address>0x2d0f</load_address>
         <run_address>0x2d0f</run_address>
         <size>0x4</size>
         <input_file_ref idref="fl-7"/>
      </object_component>
      <object_component id="oc-2d8">
         <name>.const:GPTM_Config_32BitTimer1A</name>
         <load_address>0x2d13</load_address>
         <run_address>0x2d13</run_address>
         <size>0x4</size>
         <input_file_ref idref="fl-7"/>
      </object_component>
      <object_component id="oc-2db">
         <name>.const:GPTM_Config_32BitTimer1B</name>
         <load_address>0x2d17</load_address>
         <run_address>0x2d17</run_address>
         <size>0x4</size>
         <input_file_ref idref="fl-7"/>
      </object_component>
      <object_component id="oc-2de">
         <name>.const:GPTM_Config_32BitTimer2A</name>
         <load_address>0x2d1b</load_address>
         <run_address>0x2d1b</run_address>
         <size>0x4</size>
         <input_file_ref idref="fl-7"/>
      </object_component>
      <object_component id="oc-2e1">
         <name>.const:GPTM_Config_32BitTimer2B</name>
         <load_address>0x2d1f</load_address>
         <run_address>0x2d1f</run_address>
         <size>0x4</size>
         <input_file_ref idref="fl-7"/>
      </object_component>
      <object_component id="oc-2e4">
         <name>.const:GPTM_Config_32BitTimer3A</name>
         <load_address>0x2d23</load_address>
         <run_address>0x2d23</run_address>
         <size>0x4</size>
         <input_file_ref idref="fl-7"/>
      </object_component>
      <object_component id="oc-2e7">
         <name>.const:GPTM_Config_32BitTimer3B</name>
         <load_address>0x2d27</load_address>
         <run_address>0x2d27</run_address>
         <size>0x4</size>
         <input_file_ref idref="fl-7"/>
      </object_component>
      <object_component id="oc-2ea">
         <name>.const:GPTM_Config_32BitTimer4A</name>
         <load_address>0x2d2b</load_address>
         <run_address>0x2d2b</run_address>
         <size>0x4</size>
         <input_file_ref idref="fl-7"/>
      </object_component>
      <object_component id="oc-2ed">
         <name>.const:GPTM_Config_32BitTimer4B</name>
         <load_address>0x2d2f</load_address>
         <run_address>0x2d2f</run_address>
         <size>0x4</size>
         <input_file_ref idref="fl-7"/>
      </object_component>
      <object_component id="oc-2f0">
         <name>.const:GPTM_Config_32BitTimer5A</name>
         <load_address>0x2d33</load_address>
         <run_address>0x2d33</run_address>
         <size>0x4</size>
         <input_file_ref idref="fl-7"/>
      </object_component>
      <object_component id="oc-2f3">
         <name>.const:GPTM_Config_32BitTimer5B</name>
         <load_address>0x2d37</load_address>
         <run_address>0x2d37</run_address>
         <size>0x4</size>
         <input_file_ref idref="fl-7"/>
      </object_component>
      <object_component id="oc-314">
         <name>.const:UART0_AFSELConfig</name>
         <load_address>0x2d3b</load_address>
         <run_address>0x2d3b</run_address>
         <size>0x3</size>
         <input_file_ref idref="fl-5"/>
      </object_component>
      <object_component id="oc-317">
         <name>.const:UART1_AFSELConfig</name>
         <load_address>0x2d3e</load_address>
         <run_address>0x2d3e</run_address>
         <size>0x3</size>
         <input_file_ref idref="fl-5"/>
      </object_component>
      <object_component id="oc-31a">
         <name>.const:UART2_AFSELConfig</name>
         <load_address>0x2d41</load_address>
         <run_address>0x2d41</run_address>
         <size>0x3</size>
         <input_file_ref idref="fl-5"/>
      </object_component>
      <object_component id="oc-31d">
         <name>.const:UART3_AFSELConfig</name>
         <load_address>0x2d44</load_address>
         <run_address>0x2d44</run_address>
         <size>0x3</size>
         <input_file_ref idref="fl-5"/>
      </object_component>
      <object_component id="oc-320">
         <name>.const:UART4_AFSELConfig</name>
         <load_address>0x2d47</load_address>
         <run_address>0x2d47</run_address>
         <size>0x3</size>
         <input_file_ref idref="fl-5"/>
      </object_component>
      <object_component id="oc-323">
         <name>.const:UART5_AFSELConfig</name>
         <load_address>0x2d4a</load_address>
         <run_address>0x2d4a</run_address>
         <size>0x3</size>
         <input_file_ref idref="fl-5"/>
      </object_component>
      <object_component id="oc-326">
         <name>.const:UART6_AFSELConfig</name>
         <load_address>0x2d4d</load_address>
         <run_address>0x2d4d</run_address>
         <size>0x3</size>
         <input_file_ref idref="fl-5"/>
      </object_component>
      <object_component id="oc-329">
         <name>.const:UART7_AFSELConfig</name>
         <load_address>0x2d50</load_address>
         <run_address>0x2d50</run_address>
         <size>0x3</size>
         <input_file_ref idref="fl-5"/>
      </object_component>
      <object_component id="oc-41e">
         <name>.cinit..data.load</name>
         <load_address>0x2d58</load_address>
         <run_address>0x2d58</run_address>
         <size>0xf8</size>
      </object_component>
      <object_component id="oc-41c">
         <name>__TI_handler_table</name>
         <load_address>0x2e50</load_address>
         <run_address>0x2e50</run_address>
         <size>0xc</size>
      </object_component>
      <object_component id="oc-41f">
         <name>.cinit..bss.load</name>
         <load_address>0x2e60</load_address>
         <run_address>0x2e60</run_address>
         <size>0x8</size>
      </object_component>
      <object_component id="oc-41d">
         <name>__TI_cinit_table</name>
         <load_address>0x2e68</load_address>
         <run_address>0x2e68</run_address>
         <size>0x10</size>
      </object_component>
      <object_component id="oc-a4">
         <name>.data</name>
         <load_address>0x2000047e</load_address>
         <run_address>0x2000047e</run_address>
         <size>0x1</size>
         <input_file_ref idref="fl-2"/>
      </object_component>
      <object_component id="oc-cc">
         <name>.data:DMA_SoftwareTransfer_Callback</name>
         <load_address>0x20000180</load_address>
         <run_address>0x20000180</run_address>
         <size>0x80</size>
         <input_file_ref idref="fl-2"/>
      </object_component>
      <object_component id="oc-cf">
         <name>.data:DMA_ErrorHandler_Callback</name>
         <load_address>0x20000100</load_address>
         <run_address>0x20000100</run_address>
         <size>0x80</size>
         <input_file_ref idref="fl-2"/>
      </object_component>
      <object_component id="oc-c6">
         <name>.data:DMA_ChannelMapSelectRegisters</name>
         <load_address>0x20000450</load_address>
         <run_address>0x20000450</run_address>
         <size>0x10</size>
         <input_file_ref idref="fl-2"/>
      </object_component>
      <object_component id="oc-197">
         <name>.data:DMAChannel8_UARTChannel0RX</name>
         <load_address>0x20000430</load_address>
         <run_address>0x20000430</run_address>
         <size>0x10</size>
         <input_file_ref idref="fl-3"/>
      </object_component>
      <object_component id="oc-2b6">
         <name>.data:DMAChannel9_UARTChannel0TX</name>
         <load_address>0x20000440</load_address>
         <run_address>0x20000440</run_address>
         <size>0x10</size>
         <input_file_ref idref="fl-3"/>
      </object_component>
      <object_component id="oc-19a">
         <name>.data:DMAChannel22_UARTChannel1RX</name>
         <load_address>0x200003d0</load_address>
         <run_address>0x200003d0</run_address>
         <size>0x10</size>
         <input_file_ref idref="fl-3"/>
      </object_component>
      <object_component id="oc-2b9">
         <name>.data:DMAChannel23_UARTChannel1TX</name>
         <load_address>0x200003e0</load_address>
         <run_address>0x200003e0</run_address>
         <size>0x10</size>
         <input_file_ref idref="fl-3"/>
      </object_component>
      <object_component id="oc-19d">
         <name>.data:DMAChannel0_UARTChannel2RX</name>
         <load_address>0x20000340</load_address>
         <run_address>0x20000340</run_address>
         <size>0x10</size>
         <input_file_ref idref="fl-3"/>
      </object_component>
      <object_component id="oc-2bc">
         <name>.data:DMAChannel23_UARTChannel2TX</name>
         <load_address>0x200003f0</load_address>
         <run_address>0x200003f0</run_address>
         <size>0x10</size>
         <input_file_ref idref="fl-3"/>
      </object_component>
      <object_component id="oc-1a0">
         <name>.data:DMAChannel16_UARTChannel3RX</name>
         <load_address>0x20000370</load_address>
         <run_address>0x20000370</run_address>
         <size>0x10</size>
         <input_file_ref idref="fl-3"/>
      </object_component>
      <object_component id="oc-2bf">
         <name>.data:DMAChannel17_UARTChannel3TX</name>
         <load_address>0x20000380</load_address>
         <run_address>0x20000380</run_address>
         <size>0x10</size>
         <input_file_ref idref="fl-3"/>
      </object_component>
      <object_component id="oc-1a3">
         <name>.data:DMAChannel18_UARTChannel4RX</name>
         <load_address>0x20000390</load_address>
         <run_address>0x20000390</run_address>
         <size>0x10</size>
         <input_file_ref idref="fl-3"/>
      </object_component>
      <object_component id="oc-2c2">
         <name>.data:DMAChannel19_UARTChannel4TX</name>
         <load_address>0x200003a0</load_address>
         <run_address>0x200003a0</run_address>
         <size>0x10</size>
         <input_file_ref idref="fl-3"/>
      </object_component>
      <object_component id="oc-1a6">
         <name>.data:DMAChannel6_UARTChannel5RX</name>
         <load_address>0x20000410</load_address>
         <run_address>0x20000410</run_address>
         <size>0x10</size>
         <input_file_ref idref="fl-3"/>
      </object_component>
      <object_component id="oc-2c5">
         <name>.data:DMAChannel7_UARTChannel5TX</name>
         <load_address>0x20000420</load_address>
         <run_address>0x20000420</run_address>
         <size>0x10</size>
         <input_file_ref idref="fl-3"/>
      </object_component>
      <object_component id="oc-1a9">
         <name>.data:DMAChannel10_UARTChannel6RX</name>
         <load_address>0x20000350</load_address>
         <run_address>0x20000350</run_address>
         <size>0x10</size>
         <input_file_ref idref="fl-3"/>
      </object_component>
      <object_component id="oc-2c8">
         <name>.data:DMAChannel11_UARTChannel6TX</name>
         <load_address>0x20000360</load_address>
         <run_address>0x20000360</run_address>
         <size>0x10</size>
         <input_file_ref idref="fl-3"/>
      </object_component>
      <object_component id="oc-1ac">
         <name>.data:DMAChannel20_UARTChannel7RX</name>
         <load_address>0x200003b0</load_address>
         <run_address>0x200003b0</run_address>
         <size>0x10</size>
         <input_file_ref idref="fl-3"/>
      </object_component>
      <object_component id="oc-2cb">
         <name>.data:DMAChannel21_UARTChannel7TX</name>
         <load_address>0x200003c0</load_address>
         <run_address>0x200003c0</run_address>
         <size>0x10</size>
         <input_file_ref idref="fl-3"/>
      </object_component>
      <object_component id="oc-185">
         <name>.data:DMA_ChannelsConfigTX</name>
         <load_address>0x20000250</load_address>
         <run_address>0x20000250</run_address>
         <size>0x20</size>
         <input_file_ref idref="fl-3"/>
      </object_component>
      <object_component id="oc-a7">
         <name>.data:DMA_ChannelsConfigRX</name>
         <load_address>0x20000230</load_address>
         <run_address>0x20000230</run_address>
         <size>0x20</size>
         <input_file_ref idref="fl-3"/>
      </object_component>
      <object_component id="oc-1d5">
         <name>.data:DMAChannel30_MemToMem</name>
         <load_address>0x20000400</load_address>
         <run_address>0x20000400</run_address>
         <size>0x10</size>
         <input_file_ref idref="fl-3"/>
      </object_component>
      <object_component id="oc-c9">
         <name>.data</name>
         <load_address>0x20000474</load_address>
         <run_address>0x20000474</run_address>
         <size>0x4</size>
         <input_file_ref idref="fl-3"/>
      </object_component>
      <object_component id="oc-260">
         <name>.data:EXTI_Callback</name>
         <load_address>0x20000270</load_address>
         <run_address>0x20000270</run_address>
         <size>0x18</size>
         <input_file_ref idref="fl-4"/>
      </object_component>
      <object_component id="oc-27b">
         <name>.data:GPIO_BIT_BAND_Registers</name>
         <load_address>0x20000288</load_address>
         <run_address>0x20000288</run_address>
         <size>0x18</size>
         <input_file_ref idref="fl-4"/>
      </object_component>
      <object_component id="oc-18b">
         <name>.data:GPTM_Config_ArrPtrStruct</name>
         <load_address>0x20000200</load_address>
         <run_address>0x20000200</run_address>
         <size>0x30</size>
         <input_file_ref idref="fl-7"/>
      </object_component>
      <object_component id="oc-8b">
         <name>.data</name>
         <load_address>0x20000478</load_address>
         <run_address>0x20000478</run_address>
         <size>0x4</size>
         <input_file_ref idref="fl-c"/>
      </object_component>
      <object_component id="oc-b1">
         <name>.data</name>
         <load_address>0x2000047c</load_address>
         <run_address>0x2000047c</run_address>
         <size>0x2</size>
         <input_file_ref idref="fl-d"/>
      </object_component>
      <object_component id="oc-182">
         <name>.data:UART_InterruptNum_Arr</name>
         <load_address>0x2000046c</load_address>
         <run_address>0x2000046c</run_address>
         <size>0x8</size>
         <input_file_ref idref="fl-d"/>
      </object_component>
      <object_component id="oc-146">
         <name>.data:UART0_Callback</name>
         <load_address>0x200002a0</load_address>
         <run_address>0x200002a0</run_address>
         <size>0x14</size>
         <input_file_ref idref="fl-d"/>
      </object_component>
      <object_component id="oc-149">
         <name>.data:UART1_Callback</name>
         <load_address>0x200002b4</load_address>
         <run_address>0x200002b4</run_address>
         <size>0x14</size>
         <input_file_ref idref="fl-d"/>
      </object_component>
      <object_component id="oc-14c">
         <name>.data:UART2_Callback</name>
         <load_address>0x200002c8</load_address>
         <run_address>0x200002c8</run_address>
         <size>0x14</size>
         <input_file_ref idref="fl-d"/>
      </object_component>
      <object_component id="oc-14f">
         <name>.data:UART3_Callback</name>
         <load_address>0x200002dc</load_address>
         <run_address>0x200002dc</run_address>
         <size>0x14</size>
         <input_file_ref idref="fl-d"/>
      </object_component>
      <object_component id="oc-158">
         <name>.data:UART4_Callback</name>
         <load_address>0x200002f0</load_address>
         <run_address>0x200002f0</run_address>
         <size>0x14</size>
         <input_file_ref idref="fl-d"/>
      </object_component>
      <object_component id="oc-15b">
         <name>.data:UART5_Callback</name>
         <load_address>0x20000304</load_address>
         <run_address>0x20000304</run_address>
         <size>0x14</size>
         <input_file_ref idref="fl-d"/>
      </object_component>
      <object_component id="oc-15e">
         <name>.data:UART6_Callback</name>
         <load_address>0x20000318</load_address>
         <run_address>0x20000318</run_address>
         <size>0x14</size>
         <input_file_ref idref="fl-d"/>
      </object_component>
      <object_component id="oc-161">
         <name>.data:UART7_Callback</name>
         <load_address>0x2000032c</load_address>
         <run_address>0x2000032c</run_address>
         <size>0x14</size>
         <input_file_ref idref="fl-d"/>
      </object_component>
      <object_component id="oc-1f6">
         <name>.data:UARTChannel1_Config</name>
         <load_address>0x20000460</load_address>
         <run_address>0x20000460</run_address>
         <size>0xc</size>
         <input_file_ref idref="fl-e"/>
      </object_component>
      <object_component id="oc-1f9">
         <name>.data:SourceBuffer_DMA</name>
         <load_address>0x20000000</load_address>
         <run_address>0x20000000</run_address>
         <size>0x100</size>
         <input_file_ref idref="fl-f"/>
      </object_component>
      <object_component id="oc-ae">
         <name>.common:ui8ControlTable</name>
         <uninitialized>true</uninitialized>
         <run_address>0x20000800</run_address>
         <size>0x400</size>
      </object_component>
      <object_component id="oc-ad">
         <name>.common:DestBufferA</name>
         <uninitialized>true</uninitialized>
         <run_address>0x20000c00</run_address>
         <size>0x4</size>
      </object_component>
      <object_component id="oc-aa">
         <name>.common:DestBufferB</name>
         <uninitialized>true</uninitialized>
         <run_address>0x20000c04</run_address>
         <size>0x4</size>
      </object_component>
      <object_component id="oc-24">
         <name>.stack</name>
         <uninitialized>true</uninitialized>
         <run_address>0x20000480</run_address>
         <size>0x4</size>
         <input_file_ref idref="fl-ce"/>
      </object_component>
      <object_component id="oc-421">
         <name>.stack</name>
         <uninitialized>true</uninitialized>
         <run_address>0x20000480</run_address>
         <size>0x0</size>
      </object_component>
      <object_component id="oc-af">
         <name>.debug_info</name>
         <load_address>0x0</load_address>
         <run_address>0x0</run_address>
         <size>0x5b5</size>
         <input_file_ref idref="fl-2"/>
      </object_component>
      <object_component id="oc-a5">
         <name>.debug_info</name>
         <load_address>0x5b5</load_address>
         <run_address>0x5b5</run_address>
         <size>0xda</size>
         <input_file_ref idref="fl-2"/>
      </object_component>
      <object_component id="oc-cd">
         <name>.debug_info</name>
         <load_address>0x68f</load_address>
         <run_address>0x68f</run_address>
         <size>0xf2</size>
         <input_file_ref idref="fl-2"/>
      </object_component>
      <object_component id="oc-d0">
         <name>.debug_info</name>
         <load_address>0x781</load_address>
         <run_address>0x781</run_address>
         <size>0xea</size>
         <input_file_ref idref="fl-2"/>
      </object_component>
      <object_component id="oc-b5">
         <name>.debug_info</name>
         <load_address>0x86b</load_address>
         <run_address>0x86b</run_address>
         <size>0xf3</size>
         <input_file_ref idref="fl-2"/>
      </object_component>
      <object_component id="oc-be">
         <name>.debug_info</name>
         <load_address>0x95e</load_address>
         <run_address>0x95e</run_address>
         <size>0x106</size>
         <input_file_ref idref="fl-2"/>
      </object_component>
      <object_component id="oc-b8">
         <name>.debug_info</name>
         <load_address>0xa64</load_address>
         <run_address>0xa64</run_address>
         <size>0xfe</size>
         <input_file_ref idref="fl-2"/>
      </object_component>
      <object_component id="oc-c1">
         <name>.debug_info</name>
         <load_address>0xb62</load_address>
         <run_address>0xb62</run_address>
         <size>0x110</size>
         <input_file_ref idref="fl-2"/>
      </object_component>
      <object_component id="oc-c4">
         <name>.debug_info</name>
         <load_address>0xc72</load_address>
         <run_address>0xc72</run_address>
         <size>0x109</size>
         <input_file_ref idref="fl-2"/>
      </object_component>
      <object_component id="oc-bb">
         <name>.debug_info</name>
         <load_address>0xd7b</load_address>
         <run_address>0xd7b</run_address>
         <size>0xf7</size>
         <input_file_ref idref="fl-2"/>
      </object_component>
      <object_component id="oc-c7">
         <name>.debug_info</name>
         <load_address>0xe72</load_address>
         <run_address>0xe72</run_address>
         <size>0xf3</size>
         <input_file_ref idref="fl-2"/>
      </object_component>
      <object_component id="oc-34">
         <name>.debug_info</name>
         <load_address>0xf65</load_address>
         <run_address>0xf65</run_address>
         <size>0x1208</size>
         <input_file_ref idref="fl-2"/>
      </object_component>
      <object_component id="oc-d3">
         <name>.debug_info</name>
         <load_address>0x216d</load_address>
         <run_address>0x216d</run_address>
         <size>0x4b7</size>
         <input_file_ref idref="fl-2"/>
      </object_component>
      <object_component id="oc-18f">
         <name>.debug_info</name>
         <load_address>0x2624</load_address>
         <run_address>0x2624</run_address>
         <size>0x1c1</size>
         <input_file_ref idref="fl-2"/>
      </object_component>
      <object_component id="oc-1bb">
         <name>.debug_info</name>
         <load_address>0x27e5</load_address>
         <run_address>0x27e5</run_address>
         <size>0x3ba</size>
         <input_file_ref idref="fl-2"/>
      </object_component>
      <object_component id="oc-13a">
         <name>.debug_info</name>
         <load_address>0x2b9f</load_address>
         <run_address>0x2b9f</run_address>
         <size>0x12a</size>
         <input_file_ref idref="fl-2"/>
      </object_component>
      <object_component id="oc-1c0">
         <name>.debug_info</name>
         <load_address>0x2cc9</load_address>
         <run_address>0x2cc9</run_address>
         <size>0x9c0</size>
         <input_file_ref idref="fl-2"/>
      </object_component>
      <object_component id="oc-da">
         <name>.debug_info</name>
         <load_address>0x3689</load_address>
         <run_address>0x3689</run_address>
         <size>0x26b</size>
         <input_file_ref idref="fl-2"/>
      </object_component>
      <object_component id="oc-42">
         <name>.debug_info</name>
         <load_address>0x38f4</load_address>
         <run_address>0x38f4</run_address>
         <size>0x84</size>
         <input_file_ref idref="fl-2"/>
      </object_component>
      <object_component id="oc-8f">
         <name>.debug_info</name>
         <load_address>0x3978</load_address>
         <run_address>0x3978</run_address>
         <size>0xa1</size>
         <input_file_ref idref="fl-2"/>
      </object_component>
      <object_component id="oc-1de">
         <name>.debug_info</name>
         <load_address>0x3a19</load_address>
         <run_address>0x3a19</run_address>
         <size>0x2a4</size>
         <input_file_ref idref="fl-2"/>
      </object_component>
      <object_component id="oc-1b1">
         <name>.debug_info</name>
         <load_address>0x3cbd</load_address>
         <run_address>0x3cbd</run_address>
         <size>0xcb</size>
         <input_file_ref idref="fl-3"/>
      </object_component>
      <object_component id="oc-198">
         <name>.debug_info</name>
         <load_address>0x3d88</load_address>
         <run_address>0x3d88</run_address>
         <size>0xf4</size>
         <input_file_ref idref="fl-3"/>
      </object_component>
      <object_component id="oc-2b7">
         <name>.debug_info</name>
         <load_address>0x3e7c</load_address>
         <run_address>0x3e7c</run_address>
         <size>0xf4</size>
         <input_file_ref idref="fl-3"/>
      </object_component>
      <object_component id="oc-19b">
         <name>.debug_info</name>
         <load_address>0x3f70</load_address>
         <run_address>0x3f70</run_address>
         <size>0xf6</size>
         <input_file_ref idref="fl-3"/>
      </object_component>
      <object_component id="oc-2ba">
         <name>.debug_info</name>
         <load_address>0x4066</load_address>
         <run_address>0x4066</run_address>
         <size>0xf6</size>
         <input_file_ref idref="fl-3"/>
      </object_component>
      <object_component id="oc-19e">
         <name>.debug_info</name>
         <load_address>0x415c</load_address>
         <run_address>0x415c</run_address>
         <size>0xf4</size>
         <input_file_ref idref="fl-3"/>
      </object_component>
      <object_component id="oc-2bd">
         <name>.debug_info</name>
         <load_address>0x4250</load_address>
         <run_address>0x4250</run_address>
         <size>0xf6</size>
         <input_file_ref idref="fl-3"/>
      </object_component>
      <object_component id="oc-1a1">
         <name>.debug_info</name>
         <load_address>0x4346</load_address>
         <run_address>0x4346</run_address>
         <size>0xf6</size>
         <input_file_ref idref="fl-3"/>
      </object_component>
      <object_component id="oc-2c0">
         <name>.debug_info</name>
         <load_address>0x443c</load_address>
         <run_address>0x443c</run_address>
         <size>0xf6</size>
         <input_file_ref idref="fl-3"/>
      </object_component>
      <object_component id="oc-1a4">
         <name>.debug_info</name>
         <load_address>0x4532</load_address>
         <run_address>0x4532</run_address>
         <size>0xf6</size>
         <input_file_ref idref="fl-3"/>
      </object_component>
      <object_component id="oc-2c3">
         <name>.debug_info</name>
         <load_address>0x4628</load_address>
         <run_address>0x4628</run_address>
         <size>0xf6</size>
         <input_file_ref idref="fl-3"/>
      </object_component>
      <object_component id="oc-1a7">
         <name>.debug_info</name>
         <load_address>0x471e</load_address>
         <run_address>0x471e</run_address>
         <size>0xf4</size>
         <input_file_ref idref="fl-3"/>
      </object_component>
      <object_component id="oc-2c6">
         <name>.debug_info</name>
         <load_address>0x4812</load_address>
         <run_address>0x4812</run_address>
         <size>0xf4</size>
         <input_file_ref idref="fl-3"/>
      </object_component>
      <object_component id="oc-1aa">
         <name>.debug_info</name>
         <load_address>0x4906</load_address>
         <run_address>0x4906</run_address>
         <size>0xf6</size>
         <input_file_ref idref="fl-3"/>
      </object_component>
      <object_component id="oc-2c9">
         <name>.debug_info</name>
         <load_address>0x49fc</load_address>
         <run_address>0x49fc</run_address>
         <size>0xf6</size>
         <input_file_ref idref="fl-3"/>
      </object_component>
      <object_component id="oc-1ad">
         <name>.debug_info</name>
         <load_address>0x4af2</load_address>
         <run_address>0x4af2</run_address>
         <size>0xf6</size>
         <input_file_ref idref="fl-3"/>
      </object_component>
      <object_component id="oc-2cc">
         <name>.debug_info</name>
         <load_address>0x4be8</load_address>
         <run_address>0x4be8</run_address>
         <size>0xf6</size>
         <input_file_ref idref="fl-3"/>
      </object_component>
      <object_component id="oc-186">
         <name>.debug_info</name>
         <load_address>0x4cde</load_address>
         <run_address>0x4cde</run_address>
         <size>0xe8</size>
         <input_file_ref idref="fl-3"/>
      </object_component>
      <object_component id="oc-a8">
         <name>.debug_info</name>
         <load_address>0x4dc6</load_address>
         <run_address>0x4dc6</run_address>
         <size>0xe8</size>
         <input_file_ref idref="fl-3"/>
      </object_component>
      <object_component id="oc-1d6">
         <name>.debug_info</name>
         <load_address>0x4eae</load_address>
         <run_address>0x4eae</run_address>
         <size>0xea</size>
         <input_file_ref idref="fl-3"/>
      </object_component>
      <object_component id="oc-ca">
         <name>.debug_info</name>
         <load_address>0x4f98</load_address>
         <run_address>0x4f98</run_address>
         <size>0xf0</size>
         <input_file_ref idref="fl-3"/>
      </object_component>
      <object_component id="oc-2fb">
         <name>.debug_info</name>
         <load_address>0x5088</load_address>
         <run_address>0x5088</run_address>
         <size>0xa18</size>
         <input_file_ref idref="fl-3"/>
      </object_component>
      <object_component id="oc-27f">
         <name>.debug_info</name>
         <load_address>0x5aa0</load_address>
         <run_address>0x5aa0</run_address>
         <size>0x385</size>
         <input_file_ref idref="fl-4"/>
      </object_component>
      <object_component id="oc-261">
         <name>.debug_info</name>
         <load_address>0x5e25</load_address>
         <run_address>0x5e25</run_address>
         <size>0xd3</size>
         <input_file_ref idref="fl-4"/>
      </object_component>
      <object_component id="oc-267">
         <name>.debug_info</name>
         <load_address>0x5ef8</load_address>
         <run_address>0x5ef8</run_address>
         <size>0x106</size>
         <input_file_ref idref="fl-4"/>
      </object_component>
      <object_component id="oc-279">
         <name>.debug_info</name>
         <load_address>0x5ffe</load_address>
         <run_address>0x5ffe</run_address>
         <size>0xf2</size>
         <input_file_ref idref="fl-4"/>
      </object_component>
      <object_component id="oc-264">
         <name>.debug_info</name>
         <load_address>0x60f0</load_address>
         <run_address>0x60f0</run_address>
         <size>0xe0</size>
         <input_file_ref idref="fl-4"/>
      </object_component>
      <object_component id="oc-26d">
         <name>.debug_info</name>
         <load_address>0x61d0</load_address>
         <run_address>0x61d0</run_address>
         <size>0xf2</size>
         <input_file_ref idref="fl-4"/>
      </object_component>
      <object_component id="oc-26a">
         <name>.debug_info</name>
         <load_address>0x62c2</load_address>
         <run_address>0x62c2</run_address>
         <size>0xee</size>
         <input_file_ref idref="fl-4"/>
      </object_component>
      <object_component id="oc-270">
         <name>.debug_info</name>
         <load_address>0x63b0</load_address>
         <run_address>0x63b0</run_address>
         <size>0xe0</size>
         <input_file_ref idref="fl-4"/>
      </object_component>
      <object_component id="oc-273">
         <name>.debug_info</name>
         <load_address>0x6490</load_address>
         <run_address>0x6490</run_address>
         <size>0xda</size>
         <input_file_ref idref="fl-4"/>
      </object_component>
      <object_component id="oc-276">
         <name>.debug_info</name>
         <load_address>0x656a</load_address>
         <run_address>0x656a</run_address>
         <size>0xf4</size>
         <input_file_ref idref="fl-4"/>
      </object_component>
      <object_component id="oc-27c">
         <name>.debug_info</name>
         <load_address>0x665e</load_address>
         <run_address>0x665e</run_address>
         <size>0xe9</size>
         <input_file_ref idref="fl-4"/>
      </object_component>
      <object_component id="oc-153">
         <name>.debug_info</name>
         <load_address>0x6747</load_address>
         <run_address>0x6747</run_address>
         <size>0x17f9</size>
         <input_file_ref idref="fl-4"/>
      </object_component>
      <object_component id="oc-1b4">
         <name>.debug_info</name>
         <load_address>0x7f40</load_address>
         <run_address>0x7f40</run_address>
         <size>0x3ba</size>
         <input_file_ref idref="fl-4"/>
      </object_component>
      <object_component id="oc-370">
         <name>.debug_info</name>
         <load_address>0x82fa</load_address>
         <run_address>0x82fa</run_address>
         <size>0x59b</size>
         <input_file_ref idref="fl-4"/>
      </object_component>
      <object_component id="oc-32e">
         <name>.debug_info</name>
         <load_address>0x8895</load_address>
         <run_address>0x8895</run_address>
         <size>0xf4</size>
         <input_file_ref idref="fl-5"/>
      </object_component>
      <object_component id="oc-315">
         <name>.debug_info</name>
         <load_address>0x8989</load_address>
         <run_address>0x8989</run_address>
         <size>0xe3</size>
         <input_file_ref idref="fl-5"/>
      </object_component>
      <object_component id="oc-318">
         <name>.debug_info</name>
         <load_address>0x8a6c</load_address>
         <run_address>0x8a6c</run_address>
         <size>0xe3</size>
         <input_file_ref idref="fl-5"/>
      </object_component>
      <object_component id="oc-31b">
         <name>.debug_info</name>
         <load_address>0x8b4f</load_address>
         <run_address>0x8b4f</run_address>
         <size>0xe3</size>
         <input_file_ref idref="fl-5"/>
      </object_component>
      <object_component id="oc-31e">
         <name>.debug_info</name>
         <load_address>0x8c32</load_address>
         <run_address>0x8c32</run_address>
         <size>0xe3</size>
         <input_file_ref idref="fl-5"/>
      </object_component>
      <object_component id="oc-321">
         <name>.debug_info</name>
         <load_address>0x8d15</load_address>
         <run_address>0x8d15</run_address>
         <size>0xe3</size>
         <input_file_ref idref="fl-5"/>
      </object_component>
      <object_component id="oc-324">
         <name>.debug_info</name>
         <load_address>0x8df8</load_address>
         <run_address>0x8df8</run_address>
         <size>0xe3</size>
         <input_file_ref idref="fl-5"/>
      </object_component>
      <object_component id="oc-327">
         <name>.debug_info</name>
         <load_address>0x8edb</load_address>
         <run_address>0x8edb</run_address>
         <size>0xe3</size>
         <input_file_ref idref="fl-5"/>
      </object_component>
      <object_component id="oc-32a">
         <name>.debug_info</name>
         <load_address>0x8fbe</load_address>
         <run_address>0x8fbe</run_address>
         <size>0xe3</size>
         <input_file_ref idref="fl-5"/>
      </object_component>
      <object_component id="oc-1f4">
         <name>.debug_info</name>
         <load_address>0x90a1</load_address>
         <run_address>0x90a1</run_address>
         <size>0x103</size>
         <input_file_ref idref="fl-5"/>
      </object_component>
      <object_component id="oc-142">
         <name>.debug_info</name>
         <load_address>0x91a4</load_address>
         <run_address>0x91a4</run_address>
         <size>0x3f2</size>
         <input_file_ref idref="fl-6"/>
      </object_component>
      <object_component id="oc-29e">
         <name>.debug_info</name>
         <load_address>0x9596</load_address>
         <run_address>0x9596</run_address>
         <size>0xfb</size>
         <input_file_ref idref="fl-6"/>
      </object_component>
      <object_component id="oc-2a4">
         <name>.debug_info</name>
         <load_address>0x9691</load_address>
         <run_address>0x9691</run_address>
         <size>0xf3</size>
         <input_file_ref idref="fl-6"/>
      </object_component>
      <object_component id="oc-2a1">
         <name>.debug_info</name>
         <load_address>0x9784</load_address>
         <run_address>0x9784</run_address>
         <size>0xed</size>
         <input_file_ref idref="fl-6"/>
      </object_component>
      <object_component id="oc-2a7">
         <name>.debug_info</name>
         <load_address>0x9871</load_address>
         <run_address>0x9871</run_address>
         <size>0xe5</size>
         <input_file_ref idref="fl-6"/>
      </object_component>
      <object_component id="oc-29b">
         <name>.debug_info</name>
         <load_address>0x9956</load_address>
         <run_address>0x9956</run_address>
         <size>0xd5</size>
         <input_file_ref idref="fl-6"/>
      </object_component>
      <object_component id="oc-295">
         <name>.debug_info</name>
         <load_address>0x9a2b</load_address>
         <run_address>0x9a2b</run_address>
         <size>0xd1</size>
         <input_file_ref idref="fl-6"/>
      </object_component>
      <object_component id="oc-298">
         <name>.debug_info</name>
         <load_address>0x9afc</load_address>
         <run_address>0x9afc</run_address>
         <size>0xef</size>
         <input_file_ref idref="fl-6"/>
      </object_component>
      <object_component id="oc-2ad">
         <name>.debug_info</name>
         <load_address>0x9beb</load_address>
         <run_address>0x9beb</run_address>
         <size>0xdb</size>
         <input_file_ref idref="fl-6"/>
      </object_component>
      <object_component id="oc-2aa">
         <name>.debug_info</name>
         <load_address>0x9cc6</load_address>
         <run_address>0x9cc6</run_address>
         <size>0xdb</size>
         <input_file_ref idref="fl-6"/>
      </object_component>
      <object_component id="oc-17a">
         <name>.debug_info</name>
         <load_address>0x9da1</load_address>
         <run_address>0x9da1</run_address>
         <size>0xb8d</size>
         <input_file_ref idref="fl-6"/>
      </object_component>
      <object_component id="oc-99">
         <name>.debug_info</name>
         <load_address>0xa92e</load_address>
         <run_address>0xa92e</run_address>
         <size>0x2b8</size>
         <input_file_ref idref="fl-6"/>
      </object_component>
      <object_component id="oc-11f">
         <name>.debug_info</name>
         <load_address>0xabe6</load_address>
         <run_address>0xabe6</run_address>
         <size>0x32d</size>
         <input_file_ref idref="fl-6"/>
      </object_component>
      <object_component id="oc-251">
         <name>.debug_info</name>
         <load_address>0xaf13</load_address>
         <run_address>0xaf13</run_address>
         <size>0x663</size>
         <input_file_ref idref="fl-6"/>
      </object_component>
      <object_component id="oc-2f8">
         <name>.debug_info</name>
         <load_address>0xb576</load_address>
         <run_address>0xb576</run_address>
         <size>0xdb</size>
         <input_file_ref idref="fl-7"/>
      </object_component>
      <object_component id="oc-2d3">
         <name>.debug_info</name>
         <load_address>0xb651</load_address>
         <run_address>0xb651</run_address>
         <size>0xf1</size>
         <input_file_ref idref="fl-7"/>
      </object_component>
      <object_component id="oc-2d6">
         <name>.debug_info</name>
         <load_address>0xb742</load_address>
         <run_address>0xb742</run_address>
         <size>0xf1</size>
         <input_file_ref idref="fl-7"/>
      </object_component>
      <object_component id="oc-2d9">
         <name>.debug_info</name>
         <load_address>0xb833</load_address>
         <run_address>0xb833</run_address>
         <size>0xf1</size>
         <input_file_ref idref="fl-7"/>
      </object_component>
      <object_component id="oc-2dc">
         <name>.debug_info</name>
         <load_address>0xb924</load_address>
         <run_address>0xb924</run_address>
         <size>0xf1</size>
         <input_file_ref idref="fl-7"/>
      </object_component>
      <object_component id="oc-2df">
         <name>.debug_info</name>
         <load_address>0xba15</load_address>
         <run_address>0xba15</run_address>
         <size>0xf1</size>
         <input_file_ref idref="fl-7"/>
      </object_component>
      <object_component id="oc-2e2">
         <name>.debug_info</name>
         <load_address>0xbb06</load_address>
         <run_address>0xbb06</run_address>
         <size>0xf1</size>
         <input_file_ref idref="fl-7"/>
      </object_component>
      <object_component id="oc-2e5">
         <name>.debug_info</name>
         <load_address>0xbbf7</load_address>
         <run_address>0xbbf7</run_address>
         <size>0xf1</size>
         <input_file_ref idref="fl-7"/>
      </object_component>
      <object_component id="oc-2e8">
         <name>.debug_info</name>
         <load_address>0xbce8</load_address>
         <run_address>0xbce8</run_address>
         <size>0xf1</size>
         <input_file_ref idref="fl-7"/>
      </object_component>
      <object_component id="oc-2eb">
         <name>.debug_info</name>
         <load_address>0xbdd9</load_address>
         <run_address>0xbdd9</run_address>
         <size>0xf1</size>
         <input_file_ref idref="fl-7"/>
      </object_component>
      <object_component id="oc-2ee">
         <name>.debug_info</name>
         <load_address>0xbeca</load_address>
         <run_address>0xbeca</run_address>
         <size>0xf1</size>
         <input_file_ref idref="fl-7"/>
      </object_component>
      <object_component id="oc-2f1">
         <name>.debug_info</name>
         <load_address>0xbfbb</load_address>
         <run_address>0xbfbb</run_address>
         <size>0xf1</size>
         <input_file_ref idref="fl-7"/>
      </object_component>
      <object_component id="oc-2f4">
         <name>.debug_info</name>
         <load_address>0xc0ac</load_address>
         <run_address>0xc0ac</run_address>
         <size>0xf1</size>
         <input_file_ref idref="fl-7"/>
      </object_component>
      <object_component id="oc-18c">
         <name>.debug_info</name>
         <load_address>0xc19d</load_address>
         <run_address>0xc19d</run_address>
         <size>0xf1</size>
         <input_file_ref idref="fl-7"/>
      </object_component>
      <object_component id="oc-244">
         <name>.debug_info</name>
         <load_address>0xc28e</load_address>
         <run_address>0xc28e</run_address>
         <size>0x287</size>
         <input_file_ref idref="fl-9"/>
      </object_component>
      <object_component id="oc-12b">
         <name>.debug_info</name>
         <load_address>0xc515</load_address>
         <run_address>0xc515</run_address>
         <size>0xed</size>
         <input_file_ref idref="fl-9"/>
      </object_component>
      <object_component id="oc-12e">
         <name>.debug_info</name>
         <load_address>0xc602</load_address>
         <run_address>0xc602</run_address>
         <size>0xeb</size>
         <input_file_ref idref="fl-9"/>
      </object_component>
      <object_component id="oc-131">
         <name>.debug_info</name>
         <load_address>0xc6ed</load_address>
         <run_address>0xc6ed</run_address>
         <size>0xe1</size>
         <input_file_ref idref="fl-9"/>
      </object_component>
      <object_component id="oc-134">
         <name>.debug_info</name>
         <load_address>0xc7ce</load_address>
         <run_address>0xc7ce</run_address>
         <size>0xe5</size>
         <input_file_ref idref="fl-9"/>
      </object_component>
      <object_component id="oc-137">
         <name>.debug_info</name>
         <load_address>0xc8b3</load_address>
         <run_address>0xc8b3</run_address>
         <size>0xef</size>
         <input_file_ref idref="fl-9"/>
      </object_component>
      <object_component id="oc-86">
         <name>.debug_info</name>
         <load_address>0xc9a2</load_address>
         <run_address>0xc9a2</run_address>
         <size>0x619</size>
         <input_file_ref idref="fl-9"/>
      </object_component>
      <object_component id="oc-355">
         <name>.debug_info</name>
         <load_address>0xcfbb</load_address>
         <run_address>0xcfbb</run_address>
         <size>0x113</size>
         <input_file_ref idref="fl-9"/>
      </object_component>
      <object_component id="oc-11e">
         <name>.debug_info</name>
         <load_address>0xd0ce</load_address>
         <run_address>0xd0ce</run_address>
         <size>0x281</size>
         <input_file_ref idref="fl-a"/>
      </object_component>
      <object_component id="oc-118">
         <name>.debug_info</name>
         <load_address>0xd34f</load_address>
         <run_address>0xd34f</run_address>
         <size>0xd5</size>
         <input_file_ref idref="fl-a"/>
      </object_component>
      <object_component id="oc-11b">
         <name>.debug_info</name>
         <load_address>0xd424</load_address>
         <run_address>0xd424</run_address>
         <size>0xd5</size>
         <input_file_ref idref="fl-a"/>
      </object_component>
      <object_component id="oc-7b">
         <name>.debug_info</name>
         <load_address>0xd4f9</load_address>
         <run_address>0xd4f9</run_address>
         <size>0x613</size>
         <input_file_ref idref="fl-a"/>
      </object_component>
      <object_component id="oc-141">
         <name>.debug_info</name>
         <load_address>0xdb0c</load_address>
         <run_address>0xdb0c</run_address>
         <size>0x2d1</size>
         <input_file_ref idref="fl-c"/>
      </object_component>
      <object_component id="oc-8c">
         <name>.debug_info</name>
         <load_address>0xdddd</load_address>
         <run_address>0xdddd</run_address>
         <size>0xe1</size>
         <input_file_ref idref="fl-c"/>
      </object_component>
      <object_component id="oc-2e">
         <name>.debug_info</name>
         <load_address>0xdebe</load_address>
         <run_address>0xdebe</run_address>
         <size>0x829</size>
         <input_file_ref idref="fl-c"/>
      </object_component>
      <object_component id="oc-94">
         <name>.debug_info</name>
         <load_address>0xe6e7</load_address>
         <run_address>0xe6e7</run_address>
         <size>0x48</size>
         <input_file_ref idref="fl-c"/>
      </object_component>
      <object_component id="oc-194">
         <name>.debug_info</name>
         <load_address>0xe72f</load_address>
         <run_address>0xe72f</run_address>
         <size>0x63f</size>
         <input_file_ref idref="fl-d"/>
      </object_component>
      <object_component id="oc-b2">
         <name>.debug_info</name>
         <load_address>0xed6e</load_address>
         <run_address>0xed6e</run_address>
         <size>0x103</size>
         <input_file_ref idref="fl-d"/>
      </object_component>
      <object_component id="oc-183">
         <name>.debug_info</name>
         <load_address>0xee71</load_address>
         <run_address>0xee71</run_address>
         <size>0xe4</size>
         <input_file_ref idref="fl-d"/>
      </object_component>
      <object_component id="oc-147">
         <name>.debug_info</name>
         <load_address>0xef55</load_address>
         <run_address>0xef55</run_address>
         <size>0xd5</size>
         <input_file_ref idref="fl-d"/>
      </object_component>
      <object_component id="oc-14a">
         <name>.debug_info</name>
         <load_address>0xf02a</load_address>
         <run_address>0xf02a</run_address>
         <size>0xd5</size>
         <input_file_ref idref="fl-d"/>
      </object_component>
      <object_component id="oc-14d">
         <name>.debug_info</name>
         <load_address>0xf0ff</load_address>
         <run_address>0xf0ff</run_address>
         <size>0xd5</size>
         <input_file_ref idref="fl-d"/>
      </object_component>
      <object_component id="oc-150">
         <name>.debug_info</name>
         <load_address>0xf1d4</load_address>
         <run_address>0xf1d4</run_address>
         <size>0xd5</size>
         <input_file_ref idref="fl-d"/>
      </object_component>
      <object_component id="oc-159">
         <name>.debug_info</name>
         <load_address>0xf2a9</load_address>
         <run_address>0xf2a9</run_address>
         <size>0xd5</size>
         <input_file_ref idref="fl-d"/>
      </object_component>
      <object_component id="oc-15c">
         <name>.debug_info</name>
         <load_address>0xf37e</load_address>
         <run_address>0xf37e</run_address>
         <size>0xd5</size>
         <input_file_ref idref="fl-d"/>
      </object_component>
      <object_component id="oc-15f">
         <name>.debug_info</name>
         <load_address>0xf453</load_address>
         <run_address>0xf453</run_address>
         <size>0xd5</size>
         <input_file_ref idref="fl-d"/>
      </object_component>
      <object_component id="oc-162">
         <name>.debug_info</name>
         <load_address>0xf528</load_address>
         <run_address>0xf528</run_address>
         <size>0xd5</size>
         <input_file_ref idref="fl-d"/>
      </object_component>
      <object_component id="oc-180">
         <name>.debug_info</name>
         <load_address>0xf5fd</load_address>
         <run_address>0xf5fd</run_address>
         <size>0xdd</size>
         <input_file_ref idref="fl-d"/>
      </object_component>
      <object_component id="oc-17d">
         <name>.debug_info</name>
         <load_address>0xf6da</load_address>
         <run_address>0xf6da</run_address>
         <size>0xdd</size>
         <input_file_ref idref="fl-d"/>
      </object_component>
      <object_component id="oc-168">
         <name>.debug_info</name>
         <load_address>0xf7b7</load_address>
         <run_address>0xf7b7</run_address>
         <size>0x101</size>
         <input_file_ref idref="fl-d"/>
      </object_component>
      <object_component id="oc-16b">
         <name>.debug_info</name>
         <load_address>0xf8b8</load_address>
         <run_address>0xf8b8</run_address>
         <size>0x108</size>
         <input_file_ref idref="fl-d"/>
      </object_component>
      <object_component id="oc-171">
         <name>.debug_info</name>
         <load_address>0xf9c0</load_address>
         <run_address>0xf9c0</run_address>
         <size>0xfa</size>
         <input_file_ref idref="fl-d"/>
      </object_component>
      <object_component id="oc-165">
         <name>.debug_info</name>
         <load_address>0xfaba</load_address>
         <run_address>0xfaba</run_address>
         <size>0xe4</size>
         <input_file_ref idref="fl-d"/>
      </object_component>
      <object_component id="oc-16e">
         <name>.debug_info</name>
         <load_address>0xfb9e</load_address>
         <run_address>0xfb9e</run_address>
         <size>0xec</size>
         <input_file_ref idref="fl-d"/>
      </object_component>
      <object_component id="oc-174">
         <name>.debug_info</name>
         <load_address>0xfc8a</load_address>
         <run_address>0xfc8a</run_address>
         <size>0xf0</size>
         <input_file_ref idref="fl-d"/>
      </object_component>
      <object_component id="oc-144">
         <name>.debug_info</name>
         <load_address>0xfd7a</load_address>
         <run_address>0xfd7a</run_address>
         <size>0x100</size>
         <input_file_ref idref="fl-d"/>
      </object_component>
      <object_component id="oc-189">
         <name>.debug_info</name>
         <load_address>0xfe7a</load_address>
         <run_address>0xfe7a</run_address>
         <size>0xea</size>
         <input_file_ref idref="fl-d"/>
      </object_component>
      <object_component id="oc-a0">
         <name>.debug_info</name>
         <load_address>0xff64</load_address>
         <run_address>0xff64</run_address>
         <size>0x15bf</size>
         <input_file_ref idref="fl-d"/>
      </object_component>
      <object_component id="oc-1f7">
         <name>.debug_info</name>
         <load_address>0x11523</load_address>
         <run_address>0x11523</run_address>
         <size>0xe7</size>
         <input_file_ref idref="fl-e"/>
      </object_component>
      <object_component id="oc-ab">
         <name>.debug_info</name>
         <load_address>0x1160a</load_address>
         <run_address>0x1160a</run_address>
         <size>0x6f6</size>
         <input_file_ref idref="fl-f"/>
      </object_component>
      <object_component id="oc-1fa">
         <name>.debug_info</name>
         <load_address>0x11d00</load_address>
         <run_address>0x11d00</run_address>
         <size>0xda</size>
         <input_file_ref idref="fl-f"/>
      </object_component>
      <object_component id="oc-108">
         <name>.debug_info</name>
         <load_address>0x11dda</load_address>
         <run_address>0x11dda</run_address>
         <size>0x34a</size>
         <input_file_ref idref="fl-f"/>
      </object_component>
      <object_component id="oc-3b">
         <name>.debug_info</name>
         <load_address>0x12124</load_address>
         <run_address>0x12124</run_address>
         <size>0x331</size>
         <input_file_ref idref="fl-10"/>
      </object_component>
      <object_component id="oc-13">
         <name>.debug_info</name>
         <load_address>0x12455</load_address>
         <run_address>0x12455</run_address>
         <size>0xe6</size>
         <input_file_ref idref="fl-10"/>
      </object_component>
      <object_component id="oc-2b">
         <name>.debug_info</name>
         <load_address>0x1253b</load_address>
         <run_address>0x1253b</run_address>
         <size>0x262</size>
         <input_file_ref idref="fl-10"/>
      </object_component>
      <object_component id="oc-df">
         <name>.debug_info</name>
         <load_address>0x1279d</load_address>
         <run_address>0x1279d</run_address>
         <size>0xbb</size>
         <input_file_ref idref="fl-10"/>
      </object_component>
      <object_component id="oc-81">
         <name>.debug_info</name>
         <load_address>0x12858</load_address>
         <run_address>0x12858</run_address>
         <size>0x134</size>
         <input_file_ref idref="fl-ca"/>
      </object_component>
      <object_component id="oc-f8">
         <name>.debug_info</name>
         <load_address>0x1298c</load_address>
         <run_address>0x1298c</run_address>
         <size>0x2d4</size>
         <input_file_ref idref="fl-cb"/>
      </object_component>
[...]
         <object_component_ref idref="oc-152"/>
      </symbol>
      <symbol id="sm-253">
         <name>GPIO_ReadBitBandBits</name>
         <value>0x10f7</value>
         <object_component_ref idref="oc-152"/>
      </symbol>
      <symbol id="sm-254">
         <name>GPIO_EXTIClearInterrupt</name>
         <value>0xfdd</value>
         <object_component_ref idref="oc-152"/>
      </symbol>
      <symbol id="sm-255">
         <name>GPIO_SetData</name>
         <value>0xcf7</value>
         <object_component_ref idref="oc-152"/>
      </symbol>
      <symbol id="sm-256">
         <name>GPIO_ConfigurePortControl</name>
         <value>0xe71</value>
         <object_component_ref idref="oc-152"/>
      </symbol>
      <symbol id="sm-257">
         <name>GPIO_WriteBitBandBits</name>
         <value>0x1121</value>
         <object_component_ref idref="oc-152"/>
      </symbol>
      <symbol id="sm-258">
         <name>GPIO_ConfigureAnalogModeSelect</name>
         <value>0xe51</value>
         <object_component_ref idref="oc-152"/>
      </symbol>
      <symbol id="sm-259">
         <name>GPIO_BIT_BAND_Registers</name>
         <value>0x20000288</value>
         <object_component_ref idref="oc-27b"/>
      </symbol>
      <symbol id="sm-25a">
         <name>GPIO_ConfigureDigitalEnable</name>
         <value>0xebb</value>
         <object_component_ref idref="oc-152"/>
      </symbol>
      <symbol id="sm-25b">
         <name>GPIO_SetPinStatus</name>
         <value>0xcd7</value>
         <object_component_ref idref="oc-152"/>
      </symbol>
      <symbol id="sm-25c">
         <name>EXTIDIntHandler</name>
         <value>0xca7</value>
         <object_component_ref idref="oc-152"/>
      </symbol>
      <symbol id="sm-25d">
         <name>EXTIEIntHandler</name>
         <value>0xcb7</value>
         <object_component_ref idref="oc-152"/>
      </symbol>
      <symbol id="sm-298">
         <name>UART5_AFSELConfig</name>
         <value>0x2d4a</value>
         <object_component_ref idref="oc-323"/>
      </symbol>
      <symbol id="sm-299">
         <name>UART3_AFSELConfig</name>
         <value>0x2d44</value>
         <object_component_ref idref="oc-31d"/>
      </symbol>
      <symbol id="sm-29a">
         <name>GPIO_AFSELUARTConfig_ArrPtrStruct</name>
         <value>0x2a14</value>
         <object_component_ref idref="oc-1f3"/>
      </symbol>
      <symbol id="sm-29b">
         <name>UART1_AFSELConfig</name>
         <value>0x2d3e</value>
         <object_component_ref idref="oc-317"/>
      </symbol>
      <symbol id="sm-29c">
         <name>UART6_AFSELConfig</name>
         <value>0x2d4d</value>
         <object_component_ref idref="oc-326"/>
      </symbol>
      <symbol id="sm-29d">
         <name>UART4_AFSELConfig</name>
         <value>0x2d47</value>
         <object_component_ref idref="oc-320"/>
      </symbol>
      <symbol id="sm-29e">
         <name>UART2_AFSELConfig</name>
         <value>0x2d41</value>
         <object_component_ref idref="oc-31a"/>
      </symbol>
      <symbol id="sm-29f">
         <name>UART7_AFSELConfig</name>
         <value>0x2d50</value>
         <object_component_ref idref="oc-329"/>
      </symbol>
      <symbol id="sm-2a0">
         <name>UART0_AFSELConfig</name>
         <value>0x2d3b</value>
         <object_component_ref idref="oc-314"/>
      </symbol>
      <symbol id="sm-319">
         <name>GPTM_GenerateDelay</name>
         <value>0x1bbd</value>
         <object_component_ref idref="oc-176"/>
      </symbol>
      <symbol id="sm-31a">
         <name>GPTM_InitializeDelayMode</name>
         <value>0x1af9</value>
         <object_component_ref idref="oc-176"/>
      </symbol>
      <symbol id="sm-31b">
         <name>GPTM_InitializePWM</name>
         <value>0x1945</value>
         <object_component_ref idref="oc-176"/>
      </symbol>
      <symbol id="sm-31c">
         <name>GPTM_GeneratePWM</name>
         <value>0x1a57</value>
         <object_component_ref idref="oc-176"/>
      </symbol>
      <symbol id="sm-36f">
         <name>GPTM_Config_ArrPtrStruct</name>
         <value>0x20000200</value>
         <object_component_ref idref="oc-18b"/>
      </symbol>
      <symbol id="sm-370">
         <name>GPTM_Config_32BitTimer5A</name>
         <value>0x2d33</value>
         <object_component_ref idref="oc-2f0"/>
      </symbol>
      <symbol id="sm-371">
         <name>GPTM_Config_32BitTimer5B</name>
         <value>0x2d37</value>
         <object_component_ref idref="oc-2f3"/>
      </symbol>
      <symbol id="sm-372">
         <name>GPTM_Config_32BitTimer4A</name>
         <value>0x2d2b</value>
         <object_component_ref idref="oc-2ea"/>
      </symbol>
      <symbol id="sm-373">
         <name>GPTM_Config_32BitTimer4B</name>
         <value>0x2d2f</value>
         <object_component_ref idref="oc-2ed"/>
      </symbol>
      <symbol id="sm-374">
         <name>GPTM_Config_32BitTimer1A</name>
         <value>0x2d13</value>
         <object_component_ref idref="oc-2d8"/>
      </symbol>
      <symbol id="sm-375">
         <name>GPTM_Config_32BitTimer1B</name>
         <value>0x2d17</value>
         <object_component_ref idref="oc-2db"/>
      </symbol>
      <symbol id="sm-376">
         <name>GPTM_Config_32BitTimer0A</name>
         <value>0x2d0b</value>
         <object_component_ref idref="oc-2d2"/>
      </symbol>
      <symbol id="sm-377">
         <name>GPTM_Config_32BitTimer0B</name>
         <value>0x2d0f</value>
         <object_component_ref idref="oc-2d5"/>
      </symbol>
      <symbol id="sm-378">
         <name>GPTM_Config_32BitTimer3A</name>
         <value>0x2d23</value>
         <object_component_ref idref="oc-2e4"/>
      </symbol>
      <symbol id="sm-379">
         <name>GPTM_Config_32BitTimer3B</name>
         <value>0x2d27</value>
         <object_component_ref idref="oc-2e7"/>
      </symbol>
      <symbol id="sm-37a">
         <name>GPTM_Config_32BitTimer2A</name>
         <value>0x2d1b</value>
         <object_component_ref idref="oc-2de"/>
      </symbol>
      <symbol id="sm-37b">
         <name>GPTM_Config_32BitTimer2B</name>
         <value>0x2d1f</value>
         <object_component_ref idref="oc-2e1"/>
      </symbol>
      <symbol id="sm-3c2">
         <name>NVIC_Set_Pending</name>
         <value>0x1cf5</value>
         <object_component_ref idref="oc-85"/>
      </symbol>
      <symbol id="sm-3c3">
         <name>NVIC_Clear_Pending</name>
         <value>0x1d2d</value>
         <object_component_ref idref="oc-85"/>
      </symbol>
      <symbol id="sm-3c4">
         <name>NVIC_Clear_Interrupt</name>
         <value>0x1cbd</value>
         <object_component_ref idref="oc-85"/>
      </symbol>
      <symbol id="sm-3c5">
         <name>NVIC_Enable_Interrupt</name>
         <value>0x1c85</value>
         <object_component_ref idref="oc-85"/>
      </symbol>
      <symbol id="sm-3c6">
         <name>NVIC_SetPriorityGrouping</name>
         <value>0x1d65</value>
         <object_component_ref idref="oc-85"/>
      </symbol>
      <symbol id="sm-3c7">
         <name>NVIC_AssignPriority</name>
         <value>0x1d91</value>
         <object_component_ref idref="oc-85"/>
      </symbol>
      <symbol id="sm-407">
         <name>SC_PWMDIV</name>
         <value>0x2d03</value>
         <object_component_ref idref="oc-11a"/>
      </symbol>
      <symbol id="sm-408">
         <name>SC_GetSystemClock</name>
         <value>0x2033</value>
         <object_component_ref idref="oc-7a"/>
      </symbol>
      <symbol id="sm-409">
         <name>SC_Initialization</name>
         <value>0x1f13</value>
         <object_component_ref idref="oc-7a"/>
      </symbol>
      <symbol id="sm-40a">
         <name>SC_GetPWMFrequency</name>
         <value>0x20cf</value>
         <object_component_ref idref="oc-7a"/>
      </symbol>
      <symbol id="sm-40b">
         <name>SC_PWMClkIntialization</name>
         <value>0x209b</value>
         <object_component_ref idref="oc-7a"/>
      </symbol>
      <symbol id="sm-40c">
         <name>SC_SYSDIV</name>
         <value>0x2cf4</value>
         <object_component_ref idref="oc-117"/>
      </symbol>
      <symbol id="sm-40d">
         <name>SC_ADC_ClkIntialization</name>
         <value>0x20fd</value>
         <object_component_ref idref="oc-7a"/>
      </symbol>
      <symbol id="sm-43c">
         <name>Systick_ClearFlag</name>
         <value>0x2275</value>
         <object_component_ref idref="oc-2d"/>
      </symbol>
      <symbol id="sm-43d">
         <name>Systick_RegisterCallbackFunction</name>
         <value>0x2217</value>
         <object_component_ref idref="oc-2d"/>
      </symbol>
      <symbol id="sm-43e">
         <name>SysTickGenerateDelay_Polling</name>
         <value>0x21b1</value>
         <object_component_ref idref="oc-2d"/>
      </symbol>
      <symbol id="sm-43f">
         <name>SysTickGenerateDelay_Interrupt</name>
         <value>0x2227</value>
         <object_component_ref idref="oc-2d"/>
      </symbol>
      <symbol id="sm-440">
         <name>SystickHandler</name>
         <value>0x2185</value>
         <object_component_ref idref="oc-2d"/>
      </symbol>
      <symbol id="sm-441">
         <name>SysTickConfigureClockSource</name>
         <value>0x2195</value>
         <object_component_ref idref="oc-2d"/>
      </symbol>
      <symbol id="sm-563">
         <name>UART4_RegisterCallbackFunction</name>
         <value>0xb7d</value>
         <object_component_ref idref="oc-9e"/>
      </symbol>
      <symbol id="sm-564">
         <name>UART_RecCharwTimeOut</name>
         <value>0xacd</value>
         <object_component_ref idref="oc-9e"/>
      </symbol>
      <symbol id="sm-565">
         <name>UART6_RegisterCallbackFunction</name>
         <value>0xbbb</value>
         <object_component_ref idref="oc-9e"/>
      </symbol>
      <symbol id="sm-566">
         <name>UARTDMA_TxFlag</name>
         <value>0x2000047c</value>
         <object_component_ref idref="oc-b1"/>
      </symbol>
      <symbol id="sm-567">
         <name>UARTDMA_RxFlag</name>
         <value>0x2000047d</value>
         <object_component_ref idref="oc-b1"/>
      </symbol>
      <symbol id="sm-568">
         <name>UART7_IntHandler</name>
         <value>0x5f5</value>
         <object_component_ref idref="oc-9e"/>
      </symbol>
      <symbol id="sm-569">
         <name>UART0_RegisterCallbackFunction</name>
         <value>0xb15</value>
         <object_component_ref idref="oc-9e"/>
      </symbol>
      <symbol id="sm-56a">
         <name>UART0_IntHandler</name>
         <value>0x26d</value>
         <object_component_ref idref="oc-9e"/>
      </symbol>
      <symbol id="sm-56b">
         <name>UART_DMA_Reload_AlternateControlStructure</name>
         <value>0xa8b</value>
         <object_component_ref idref="oc-9e"/>
      </symbol>
      <symbol id="sm-56c">
         <name>UART2_RegisterCallbackFunction</name>
         <value>0xb49</value>
         <object_component_ref idref="oc-9e"/>
      </symbol>
      <symbol id="sm-56d">
         <name>UART_Receive_DMA</name>
         <value>0xa15</value>
         <object_component_ref idref="oc-9e"/>
      </symbol>
      <symbol id="sm-56e">
         <name>UART5_IntHandler</name>
         <value>0x4e3</value>
         <object_component_ref idref="oc-9e"/>
      </symbol>
      <symbol id="sm-56f">
         <name>UART_Initialization</name>
         <value>0x681</value>
         <object_component_ref idref="oc-9e"/>
      </symbol>
      <symbol id="sm-570">
         <name>UART5_RegisterCallbackFunction</name>
         <value>0xba1</value>
         <object_component_ref idref="oc-9e"/>
      </symbol>
      <symbol id="sm-571">
         <name>UART_RecieveChar_Interrupt</name>
         <value>0x94b</value>
         <object_component_ref idref="oc-9e"/>
      </symbol>
      <symbol id="sm-572">
         <name>UART_DMA_Reload_PrimaryControlStructure</name>
         <value>0xa4d</value>
         <object_component_ref idref="oc-9e"/>
      </symbol>
      <symbol id="sm-573">
         <name>UART_TransmitChar_Interrupt</name>
         <value>0x8f1</value>
         <object_component_ref idref="oc-9e"/>
      </symbol>
      <symbol id="sm-574">
         <name>UART6_IntHandler</name>
         <value>0x569</value>
         <object_component_ref idref="oc-9e"/>
      </symbol>
      <symbol id="sm-575">
         <name>UART_ConfigureInterruptSource</name>
         <value>0x781</value>
         <object_component_ref idref="oc-9e"/>
      </symbol>
      <symbol id="sm-576">
         <name>UART7_RegisterCallbackFunction</name>
         <value>0xbd5</value>
         <object_component_ref idref="oc-9e"/>
      </symbol>
      <symbol id="sm-577">
         <name>UART3_IntHandler</name>
         <value>0x3e7</value>
         <object_component_ref idref="oc-9e"/>
      </symbol>
      <symbol id="sm-578">
         <name>UART1_RegisterCallbackFunction</name>
         <value>0xb2f</value>
         <object_component_ref idref="oc-9e"/>
      </symbol>
      <symbol id="sm-579">
         <name>UART_Transmit_DMA</name>
         <value>0x9a9</value>
         <object_component_ref idref="oc-9e"/>
      </symbol>
      <symbol id="sm-57a">
         <name>UART_InterruptNum_Arr</name>
         <value>0x2000046c</value>
         <object_component_ref idref="oc-182"/>
      </symbol>
      <symbol id="sm-57b">
         <name>UART_TransmitChar_Polling</name>
         <value>0x851</value>
         <object_component_ref idref="oc-9e"/>
      </symbol>
      <symbol id="sm-57c">
         <name>UART3_RegisterCallbackFunction</name>
         <value>0xb63</value>
         <object_component_ref idref="oc-9e"/>
      </symbol>
      <symbol id="sm-57d">
         <name>UART4_IntHandler</name>
         <value>0x465</value>
         <object_component_ref idref="oc-9e"/>
      </symbol>
      <symbol id="sm-57e">
         <name>UART1_IntHandler</name>
         <value>0x2eb</value>
         <object_component_ref idref="oc-9e"/>
      </symbol>
      <symbol id="sm-57f">
         <name>UART2_IntHandler</name>
         <value>0x369</value>
         <object_component_ref idref="oc-9e"/>
      </symbol>
      <symbol id="sm-580">
         <name>UART_RecieveChar_Polling</name>
         <value>0x8a3</value>
         <object_component_ref idref="oc-9e"/>
      </symbol>
      <symbol id="sm-588">
         <name>UARTChannel1_Config</name>
         <value>0x20000460</value>
         <object_component_ref idref="oc-1f6"/>
      </symbol>
      <symbol id="sm-5a5">
         <name>DestBufferA</name>
         <value>0x20000c00</value>
      </symbol>
      <symbol id="sm-5a6">
         <name>DestBufferB</name>
         <value>0x20000c04</value>
      </symbol>
      <symbol id="sm-5a7">
         <name>main</name>
         <value>0x2295</value>
         <object_component_ref idref="oc-105"/>
      </symbol>
      <symbol id="sm-5a8">
         <name>SourceBuffer_DMA</name>
         <value>0x20000000</value>
         <object_component_ref idref="oc-1f9"/>
      </symbol>
      <symbol id="sm-5c9">
         <name>ResetISR</name>
         <value>0x25df</value>
         <object_component_ref idref="oc-27"/>
      </symbol>
      <symbol id="sm-5ca">
         <name>g_pfnVectors</name>
         <value>0x0</value>
         <object_component_ref idref="oc-12"/>
      </symbol>
      <symbol id="sm-5d7">
         <name>__aeabi_uldivmod</name>
         <value>0x23d5</value>
         <object_component_ref idref="oc-80"/>
      </symbol>
      <symbol id="sm-5ee">
         <name>__TI_zero_init</name>
         <value>0x25d3</value>
         <object_component_ref idref="oc-59"/>
      </symbol>
      <symbol id="sm-605">
         <name>__TI_decompress_none</name>
         <value>0x25c5</value>
         <object_component_ref idref="oc-1b"/>
      </symbol>
      <symbol id="sm-628">
         <name>__TI_decompress_lzss</name>
         <value>0x24e5</value>
         <object_component_ref idref="oc-15"/>
      </symbol>
      <symbol id="sm-63b">
         <name>__stack</name>
         <value>0x20000480</value>
         <object_component_ref idref="oc-24"/>
      </symbol>
      <symbol id="sm-63c">
         <name>_c_int00_noargs</name>
         <value>0x2591</value>
         <object_component_ref idref="oc-65"/>
      </symbol>
      <symbol id="sm-646">
         <name>__aeabi_idiv0</name>
         <value>0x25f3</value>
         <object_component_ref idref="oc-124"/>
      </symbol>
      <symbol id="sm-647">
         <name>__aeabi_ldiv0</name>
         <value>0x25f3</value>
         <object_component_ref idref="oc-124"/>
      </symbol>
      <symbol id="sm-662">
         <name>memcpy</name>
         <value>0x2339</value>
         <object_component_ref idref="oc-47"/>
      </symbol>
      <symbol id="sm-663">
         <name>__aeabi_memcpy</name>
         <value>0x2339</value>
         <object_component_ref idref="oc-47"/>
      </symbol>
      <symbol id="sm-664">
         <name>__aeabi_memcpy8</name>
         <value>0x2339</value>
         <object_component_ref idref="oc-47"/>
      </symbol>
      <symbol id="sm-665">
         <name>__aeabi_memcpy4</name>
         <value>0x2339</value>
         <object_component_ref idref="oc-47"/>
      </symbol>
      <symbol id="sm-674">
         <name>__aeabi_memset</name>
         <value>0x246d</value>
         <object_component_ref idref="oc-f9"/>
      </symbol>
      <symbol id="sm-675">
         <name>memset</name>
         <value>0x2473</value>
         <object_component_ref idref="oc-f9"/>
      </symbol>
      <symbol id="sm-676">
         <name>__aeabi_memset8</name>
         <value>0x246d</value>
         <object_component_ref idref="oc-f9"/>
      </symbol>
      <symbol id="sm-677">
         <name>__aeabi_memset4</name>
         <value>0x246d</value>
         <object_component_ref idref="oc-f9"/>
      </symbol>
      <symbol id="sm-678">
         <name>__aeabi_memclr8</name>
         <value>0x246b</value>
         <object_component_ref idref="oc-f9"/>
      </symbol>
      <symbol id="sm-679">
         <name>__aeabi_memclr4</name>
         <value>0x246b</value>
         <object_component_ref idref="oc-f9"/>
      </symbol>
      <symbol id="sm-67a">
         <name>__aeabi_memclr</name>
         <value>0x246b</value>
         <object_component_ref idref="oc-f9"/>
      </symbol>
      <symbol id="sm-6a2">
         <name>__TI_auto_init_nobinit_nopinit</name>
         <value>0x254d</value>
         <object_component_ref idref="oc-209"/>
      </symbol>
      <symbol id="sm-6ac">
         <name>_system_pre_init</name>
         <value>0x25eb</value>
         <object_component_ref idref="oc-ff"/>
      </symbol>
      <symbol id="sm-6b8">
         <name>C$$EXIT</name>
         <value>0x25ef</value>
         <object_component_ref idref="oc-1fd"/>
      </symbol>
      <symbol id="sm-6b9">
         <name>abort</name>
         <value>0x25ef</value>
         <object_component_ref idref="oc-1fd"/>
      </symbol>
      <symbol id="sm-6bc">
         <name>__TI_static_base__</name>
         <value>0x0</value>
      </symbol>
      <symbol id="sm-6bf">
         <name>__mpu_init</name>
         <value>0x0</value>
      </symbol>
      <symbol id="sm-6c0">
         <name>_system_post_cinit</name>
         <value>0x0</value>
      </symbol>
   </symbol_table>
   <title>Link successful</title>
</link_info>
