******************************************************************************
                  TI ARM Linker PC v20.2.7                     
******************************************************************************
>> Linked Mon Sep  9 21:07:17 2024

OUTPUT FILE NAME:   <HC-05_UART.out>
ENTRY POINT SYMBOL: "_c_int00_noargs"  address: 000022a1


MEMORY CONFIGURATION

         name            origin    length      used     unused   attr    fill
----------------------  --------  ---------  --------  --------  ----  --------
  FLASH                 00000000   00040000  000029eb  0003d615  R  X
  SRAM                  20000000   00008000  00000984  0000767c  RW X


SEGMENT ALLOCATION MAP

run origin  load origin   length   init length attrs members
----------  ----------- ---------- ----------- ----- -------
00000000    00000000    000029f0   000029f0    r-x
  00000000    00000000    0000026c   0000026c    r-- .intvecs
  0000026c    0000026c    00002098   00002098    r-x .text
  00002304    00002304    000005c7   000005c7    r-- .const
  000028d0    000028d0    00000120   00000120    r-- .cinit
20000000    20000000    00000988   00000000    rw-
  20000000    20000000    00000400   00000000    rw- .bss
  20000400    20000400    00000384   00000000    rw- .data
  20000788    20000788    00000200   00000000    rw- .stack


SECTION ALLOCATION MAP

 output                                  attributes/
section   page    origin      length       input sections
--------  ----  ----------  ----------   ----------------
.intvecs   0    00000000    0000026c     
                  00000000    0000026c     tm4c123gh6pm_startup_ccs.obj (.intvecs)

.text      0    0000026c    00002098     
                  0000026c    00000940     UART.obj (.text)
                  00000bac    000005bc     GPIO.obj (.text)
                  00001168    00000468     DMA.obj (.text)
                  000015d0    00000410     GPTM.obj (.text)
                  000019e0    00000274     NVIC.obj (.text)
                  00001c54    0000024c     SystemControl.obj (.text)
                  00001ea0    00000150     SystickTimer.obj (.text)
                  00001ff0    0000009c     rtsv7M4_T_le_v4SPD16_eabi.lib : memcpy_t2.asm.obj (.text)
                  0000208c    00000096                                   : ull_div_t2.asm.obj (.text)
                  00002122    0000007a                                   : memset_t2.asm.obj (.text)
                  0000219c    00000068                                   : copy_decompress_lzss.c.obj (.text:decompress:lzss:__TI_decompress_lzss)
                  00002204    00000058     main.obj (.text)
                  0000225c    00000044     rtsv7M4_T_le_v4SPD16_eabi.lib : autoinit.c.obj (.text:__TI_auto_init_nobinit_nopinit:__TI_auto_init_nobinit_nopinit)
                  000022a0    00000034                                   : boot_cortex_m.c.obj (.text:_c_int00_noargs:_c_int00_noargs)
                  000022d4    0000000e                                   : copy_decompress_none.c.obj (.text:decompress:none:__TI_decompress_none)
                  000022e2    0000000c                                   : copy_zero_init.c.obj (.text:decompress:ZI:__TI_zero_init)
                  000022ee    0000000c     tm4c123gh6pm_startup_ccs.obj (.text)
                  000022fa    00000004     rtsv7M4_T_le_v4SPD16_eabi.lib : pre_init.c.obj (.text:_system_pre_init)
                  000022fe    00000004                                   : exit.c.obj (.text:abort:abort)
                  00002302    00000002                                   : div0.asm.obj (.text)

.const     0    00002304    000005c7     
                  00002304    00000080     DMA.obj (.const:DMA_ChannelControlWordRegisters)
                  00002384    00000080     DMA.obj (.const:DestinationAddressPointerRegisters)
                  00002404    00000080     DMA.obj (.const:SourceAddressPointerRegisters)
                  00002484    00000060     GPTM.obj (.const:GPTM_TimerMode)
                  000024e4    00000030     GPTM.obj (.const:GPTM_ConfigurationRegisters)
                  00002514    00000030     GPTM.obj (.const:GPTM_Control)
                  00002544    00000030     GPTM.obj (.const:GPTM_ICRRegisters)
                  00002574    00000030     GPTM.obj (.const:GPTM_RISRegisters)
                  000025a4    00000020     GPIO_config.obj (.const:GPIO_AFSELUARTConfig_ArrPtrStruct)
                  000025c4    00000020     NVIC.obj (.const:Interrupt_Priority_Register)
                  000025e4    00000020     UART.obj (.const:UART_ClockConfigurationRegisters)
                  00002604    00000020     UART.obj (.const:UART_ControlRegisters)
                  00002624    00000020     UART.obj (.const:UART_DMAControlRegisters)
                  00002644    00000020     UART.obj (.const:UART_DataRegisters)
                  00002664    00000020     UART.obj (.const:UART_FlagRegisters)
                  00002684    00000020     UART.obj (.const:UART_FractionalBaudRateDivisorRegisters)
                  000026a4    00000020     UART.obj (.const:UART_IntegerBaudRateDivisorRegisters)
                  000026c4    00000020     UART.obj (.const:UART_InterruptMaskRegisters)
                  000026e4    00000020     UART.obj (.const:UART_LineControlRegisters)
                  00002704    00000020     UART.obj (.const:UART_MaskedInterruptStatusRegisters)
                  00002724    00000018     GPIO.obj (.const:GPIO_Data_Registers)
                  0000273c    00000018     GPIO.obj (.const:GPIO_DigitalEnable_Registers)
                  00002754    00000018     GPIO.obj (.const:GPIO_InterruptClear_Registers)
                  0000276c    00000018     GPIO.obj (.const:GPIO_InterruptMask_Registers)
                  00002784    00000018     GPIO.obj (.const:GPIO_LOCK_Registers)
                  0000279c    00000018     GPIO.obj (.const:GPIO_PortControl_Registers)
                  000027b4    00000018     GPIO.obj (.const:GPIO_Port_Commit)
                  000027cc    00000018     GPTM.obj (.const:GPTM_32BitTimerB_IntervalLoad)
                  000027e4    00000018     GPTM.obj (.const:GPTM_32BitTimerB_Match)
                  000027fc    00000018     GPTM.obj (.const:GPTM_32_64_BitTimerA_IntervalLoad)
                  00002814    00000018     GPTM.obj (.const:GPTM_32_64_BitTimerA_Match)
                  0000282c    00000010     NVIC.obj (.const:Clear_Pending_Register)
                  0000283c    00000010     NVIC.obj (.const:Interrupt_Clear_Registers)
                  0000284c    00000010     NVIC.obj (.const:Interrupt_Enable_Registers)
                  0000285c    00000010     NVIC.obj (.const:Set_Pending_Register)
                  0000286c    0000000f     SystemControl.obj (.const:.string:SC_SYSDIV)
                  0000287b    00000008     SystemControl.obj (.const:.string:SC_PWMDIV)
                  00002883    00000004     GPTM_config.obj (.const:GPTM_Config_32BitTimer0A)
                  00002887    00000004     GPTM_config.obj (.const:GPTM_Config_32BitTimer0B)
                  0000288b    00000004     GPTM_config.obj (.const:GPTM_Config_32BitTimer1A)
                  0000288f    00000004     GPTM_config.obj (.const:GPTM_Config_32BitTimer1B)
                  00002893    00000004     GPTM_config.obj (.const:GPTM_Config_32BitTimer2A)
                  00002897    00000004     GPTM_config.obj (.const:GPTM_Config_32BitTimer2B)
                  0000289b    00000004     GPTM_config.obj (.const:GPTM_Config_32BitTimer3A)
                  0000289f    00000004     GPTM_config.obj (.const:GPTM_Config_32BitTimer3B)
                  000028a3    00000004     GPTM_config.obj (.const:GPTM_Config_32BitTimer4A)
                  000028a7    00000004     GPTM_config.obj (.const:GPTM_Config_32BitTimer4B)
                  000028ab    00000004     GPTM_config.obj (.const:GPTM_Config_32BitTimer5A)
                  000028af    00000004     GPTM_config.obj (.const:GPTM_Config_32BitTimer5B)
                  000028b3    00000003     GPIO_config.obj (.const:UART0_AFSELConfig)
                  000028b6    00000003     GPIO_config.obj (.const:UART1_AFSELConfig)
                  000028b9    00000003     GPIO_config.obj (.const:UART2_AFSELConfig)
                  000028bc    00000003     GPIO_config.obj (.const:UART3_AFSELConfig)
                  000028bf    00000003     GPIO_config.obj (.const:UART4_AFSELConfig)
                  000028c2    00000003     GPIO_config.obj (.const:UART5_AFSELConfig)
                  000028c5    00000003     GPIO_config.obj (.const:UART6_AFSELConfig)
                  000028c8    00000003     GPIO_config.obj (.const:UART7_AFSELConfig)

.cinit     0    000028d0    00000120     
                  000028d0    000000f5     (.cinit..data.load) [load image, compression = lzss]
                  000029c5    00000003     --HOLE-- [fill = 0]
                  000029c8    0000000c     (__TI_handler_table)
                  000029d4    00000004     --HOLE-- [fill = 0]
                  000029d8    00000008     (.cinit..bss.load) [load image, compression = zero_init]
                  000029e0    00000010     (__TI_cinit_table)

.init_array 
*          0    00000000    00000000     UNINITIALIZED

.bss       0    20000000    00000400     UNINITIALIZED
                  20000000    00000400     (.common:ui8ControlTable)

.data      0    20000400    00000384     UNINITIALIZED
                  20000400    00000080     DMA.obj (.data:DMA_ErrorHandler_Callback)
                  20000480    00000080     DMA.obj (.data:DMA_SoftwareTransfer_Callback)
                  20000500    00000030     GPTM_config.obj (.data:GPTM_Config_ArrPtrStruct)
                  20000530    00000020     DMA_config.obj (.data:DMA_ChannelsConfigRX)
                  20000550    00000020     DMA_config.obj (.data:DMA_ChannelsConfigTX)
                  20000570    00000018     GPIO.obj (.data:EXTI_Callback)
                  20000588    00000018     GPIO.obj (.data:GPIO_BIT_BAND_Registers)
                  200005a0    00000014     UART.obj (.data:UART0_Callback)
                  200005b4    00000014     UART.obj (.data:UART1_Callback)
                  200005c8    00000014     UART.obj (.data:UART2_Callback)
                  200005dc    00000014     UART.obj (.data:UART3_Callback)
                  200005f0    00000014     UART.obj (.data:UART4_Callback)
                  20000604    00000014     UART.obj (.data:UART5_Callback)
                  20000618    00000014     UART.obj (.data:UART6_Callback)
                  2000062c    00000014     UART.obj (.data:UART7_Callback)
                  20000640    00000010     DMA_config.obj (.data:DMAChannel0_UARTChannel2RX)
                  20000650    00000010     DMA_config.obj (.data:DMAChannel10_UARTChannel6RX)
                  20000660    00000010     DMA_config.obj (.data:DMAChannel11_UARTChannel6TX)
                  20000670    00000010     DMA_config.obj (.data:DMAChannel16_UARTChannel3RX)
                  20000680    00000010     DMA_config.obj (.data:DMAChannel17_UARTChannel3TX)
                  20000690    00000010     DMA_config.obj (.data:DMAChannel18_UARTChannel4RX)
                  200006a0    00000010     DMA_config.obj (.data:DMAChannel19_UARTChannel4TX)
                  200006b0    00000010     DMA_config.obj (.data:DMAChannel20_UARTChannel7RX)
                  200006c0    00000010     DMA_config.obj (.data:DMAChannel21_UARTChannel7TX)
                  200006d0    00000010     DMA_config.obj (.data:DMAChannel22_UARTChannel1RX)
                  200006e0    00000010     DMA_config.obj (.data:DMAChannel23_UARTChannel1TX)
                  200006f0    00000010     DMA_config.obj (.data:DMAChannel23_UARTChannel2TX)
                  20000700    00000010     DMA_config.obj (.data:DMAChannel30_MemToMem)
                  20000710    00000010     DMA_config.obj (.data:DMAChannel6_UARTChannel5RX)
                  20000720    00000010     DMA_config.obj (.data:DMAChannel7_UARTChannel5TX)
                  20000730    00000010     DMA_config.obj (.data:DMAChannel8_UARTChannel0RX)
                  20000740    00000010     DMA_config.obj (.data:DMAChannel9_UARTChannel0TX)
                  20000750    00000010     DMA.obj (.data:DMA_ChannelMapSelectRegisters)
                  20000760    0000000c     UART_config.obj (.data:UARTChannel1_Config)
                  2000076c    00000008     UART.obj (.data:UART_InterruptNum_Arr)
                  20000774    00000008     main.obj (.data)
                  2000077c    00000004     DMA_config.obj (.data)
                  20000780    00000004     SystickTimer.obj (.data)

.stack     0    20000788    00000200     UNINITIALIZED
                  20000788    00000004     rtsv7M4_T_le_v4SPD16_eabi.lib : boot_cortex_m.c.obj (.stack)
                  2000078c    000001fc     --HOLE--

__llvm_prf_cnts 
*          0    20000000    00000000     UNINITIALIZED

MODULE SUMMARY

       Module                         code   ro data   rw data
       ------                         ----   -------   -------
    .\
       UART.obj                       2368   320       168    
       DMA.obj                        1128   384       1296   
       GPIO.obj                       1468   168       48     
       GPTM.obj                       1040   384       0      
       NVIC.obj                       628    96        0      
       tm4c123gh6pm_startup_ccs.obj   12     620       0      
       SystemControl.obj              588    23        0      
       DMA_config.obj                 0      0         340    
       SystickTimer.obj               336    0         4      
       GPTM_config.obj                0      48        48     
       main.obj                       88     0         8      
       GPIO_config.obj                0      56        0      
       UART_config.obj                0      0         12     
    +--+------------------------------+------+---------+---------+
       Total:                         7656   2099      1924   
                                                              
    D:\CodeComposer\ccs\tools\compiler\ti-cgt-arm_20.2.7.LTS\lib\rtsv7M4_T_le_v4SPD16_eabi.lib
       memcpy_t2.asm.obj              156    0         0      
       ull_div_t2.asm.obj             150    0         0      
       memset_t2.asm.obj              122    0         0      
       copy_decompress_lzss.c.obj     104    0         0      
       autoinit.c.obj                 68     0         0      
       boot_cortex_m.c.obj            52     0         0      
       copy_decompress_none.c.obj     14     0         0      
       copy_zero_init.c.obj           12     0         0      
       exit.c.obj                     4      0         0      
       pre_init.c.obj                 4      0         0      
       div0.asm.obj                   2      0         0      
    +--+------------------------------+------+---------+---------+
       Total:                         688    0         0      
                                                              
       Stack:                         0      0         512    
       Linker Generated:              0      281       0      
    +--+------------------------------+------+---------+---------+
       Grand Total:                   8344   2380      2436   


LINKER GENERATED COPY TABLES

__TI_cinit_table @ 000029e0 records: 2, size/record: 8, table size: 16
	.data: load addr=000028d0, load size=000000f5 bytes, run addr=20000400, run size=00000384 bytes, compression=lzss
	.bss: load addr=000029d8, load size=00000008 bytes, run addr=20000000, run size=00000400 bytes, compression=zero_init


LINKER GENERATED HANDLER TABLE

__TI_handler_table @ 000029c8 records: 3, size/record: 4, table size: 12
	index: 0, handler: __TI_decompress_lzss
	index: 1, handler: __TI_decompress_none
	index: 2, handler: __TI_zero_init


GLOBAL SYMBOLS: SORTED ALPHABETICALLY BY Name 

address   name                                         
-------   ----                                         
000022ff  C$$EXIT                                      
20000640  DMAChannel0_UARTChannel2RX                   
20000650  DMAChannel10_UARTChannel6RX                  
20000660  DMAChannel11_UARTChannel6TX                  
20000670  DMAChannel16_UARTChannel3RX                  
20000680  DMAChannel17_UARTChannel3TX                  
20000690  DMAChannel18_UARTChannel4RX                  
200006a0  DMAChannel19_UARTChannel4TX                  
200006b0  DMAChannel20_UARTChannel7RX                  
200006c0  DMAChannel21_UARTChannel7TX                  
200006d0  DMAChannel22_UARTChannel1RX                  
200006e0  DMAChannel23_UARTChannel1TX                  
200006f0  DMAChannel23_UARTChannel2TX                  
20000700  DMAChannel30_MemToMem                        
20000710  DMAChannel6_UARTChannel5RX                   
20000720  DMAChannel7_UARTChannel5TX                   
20000730  DMAChannel8_UARTChannel0RX                   
20000740  DMAChannel9_UARTChannel0TX                   
000014a1  DMA_AssignChannel                            
00001285  DMA_ChannelControlStructureSet               
20000530  DMA_ChannelsConfigRX                         
20000550  DMA_ChannelsConfigTX                         
00001403  DMA_ConfigureChannelInterrupt                
0000138f  DMA_ConfigureChannelSoftwareRequest          
00001251  DMA_ConfigureControlTableBaseAddress         
000013d3  DMA_ConfigurePeripheralInterrupt             
00001445  DMA_ConfigurePriority                        
000014fd  DMA_DeAssignChannel                          
00001207  DMA_DisableChannelAttributes                 
00001269  DMA_EnableChannel                            
000011af  DMA_EnableChannelAttributes                  
0000117f  DMA_ErrorHandler                             
00001551  DMA_MemoryToMemory_Transfer                  
0000118b  DMA_PeripheralInitialization                 
0000158d  DMA_RegisterCallbackFunction_ErrorHandler    
00001573  DMA_RegisterCallbackFunction_SoftwareTransfer
00001169  DMA_SoftwareTransferHandler                  
00002384  DestinationAddressPointerRegisters           
00000be7  EXTIAIntHandler                              
00000bf7  EXTIBIntHandler                              
00000c07  EXTICIntHandler                              
00000c17  EXTIDIntHandler                              
00000c27  EXTIEIntHandler                              
00000c37  EXTIFIntHandler                              
000025a4  GPIO_AFSELUARTConfig_ArrPtrStruct            
20000588  GPIO_BIT_BAND_Registers                      
00000d35  GPIO_ConfigureAlternateFunctionSelect        
00000d55  GPIO_ConfigureAnalogModeSelect               
00000e4b  GPIO_ConfigureCommit                         
00000dbf  GPIO_ConfigureDigitalEnable                  
00000f21  GPIO_ConfigureInterruptMask                  
00000fb1  GPIO_ConfigureOutputPin                      
00000d75  GPIO_ConfigurePortControl                    
00000ec9  GPIO_EXTIClearInterrupt                      
00001083  GPIO_EnableAFSEL_GPTM                        
000010d1  GPIO_EnableAFSEL_UART                        
00000ff7  GPIO_ReadBitBandBits                         
00000c67  GPIO_SetData                                 
00000c47  GPIO_SetPinStatus                            
00000cf3  GPIO_TogglePinValue                          
0000101d  GPIO_WriteBitBandBits                        
00002883  GPTM_Config_32BitTimer0A                     
00002887  GPTM_Config_32BitTimer0B                     
0000288b  GPTM_Config_32BitTimer1A                     
0000288f  GPTM_Config_32BitTimer1B                     
00002893  GPTM_Config_32BitTimer2A                     
00002897  GPTM_Config_32BitTimer2B                     
0000289b  GPTM_Config_32BitTimer3A                     
0000289f  GPTM_Config_32BitTimer3B                     
000028a3  GPTM_Config_32BitTimer4A                     
000028a7  GPTM_Config_32BitTimer4B                     
000028ab  GPTM_Config_32BitTimer5A                     
000028af  GPTM_Config_32BitTimer5B                     
20000500  GPTM_Config_ArrPtrStruct                     
00001919  GPTM_GenerateDelay                           
000017b3  GPTM_GeneratePWM                             
00001855  GPTM_InitializeDelayMode                     
000016a1  GPTM_InitializePWM                           
00001aed  NVIC_AssignPriority                          
00001a19  NVIC_Clear_Interrupt                         
00001a89  NVIC_Clear_Pending                           
000019e1  NVIC_Enable_Interrupt                        
00001ac1  NVIC_SetPriorityGrouping                     
00001a51  NVIC_Set_Pending                             
2000077c  Pt_DMAChannel30_MemToMem                     
00001133  RegisterCallbackFunction                     
000022ef  ResetISR                                     
00001e59  SC_ADC_ClkIntialization                      
00001e2b  SC_GetPWMFrequency                           
00001d8f  SC_GetSystemClock                            
00001c6f  SC_Initialization                            
00001df7  SC_PWMClkIntialization                       
0000287b  SC_PWMDIV                                    
0000286c  SC_SYSDIV                                    
00002404  SourceAddressPointerRegisters                
00001ef1  SysTickConfigureClockSource                  
00001f83  SysTickGenerateDelay_Interrupt               
00001f0d  SysTickGenerateDelay_Polling                 
00001ee1  SystickHandler                               
00001fd1  Systick_ClearFlag                            
00001f73  Systick_RegisterCallbackFunction             
000028b3  UART0_AFSELConfig                            
0000026d  UART0_IntHandler                             
00000a95  UART0_RegisterCallbackFunction               
000028b6  UART1_AFSELConfig                            
000002eb  UART1_IntHandler                             
00000aaf  UART1_RegisterCallbackFunction               
000028b9  UART2_AFSELConfig                            
00000369  UART2_IntHandler                             
00000ac9  UART2_RegisterCallbackFunction               
000028bc  UART3_AFSELConfig                            
000003e7  UART3_IntHandler                             
00000ae9  UART3_RegisterCallbackFunction               
000028bf  UART4_AFSELConfig                            
00000465  UART4_IntHandler                             
00000b03  UART4_RegisterCallbackFunction               
000028c2  UART5_AFSELConfig                            
000004e3  UART5_IntHandler                             
00000b1d  UART5_RegisterCallbackFunction               
000028c5  UART6_AFSELConfig                            
00000569  UART6_IntHandler                             
00000b37  UART6_RegisterCallbackFunction               
000028c8  UART7_AFSELConfig                            
000005f5  UART7_IntHandler                             
00000b51  UART7_RegisterCallbackFunction               
20000760  UARTChannel1_Config                          
00000781  UART_ConfigureInterruptSource                
00000681  UART_Initialization                          
2000076c  UART_InterruptNum_Arr                        
00000a4d  UART_RecCharwTimeOut                         
000009fd  UART_Receive_DMA                             
0000094b  UART_RecieveChar_Interrupt                   
000008a3  UART_RecieveChar_Polling                     
000008f1  UART_TransmitChar_Interrupt                  
00000851  UART_TransmitChar_Polling                    
000009a1  UART_Transmit_DMA                            
20000988  __STACK_END                                  
00000200  __STACK_SIZE                                 
20000988  __STACK_TOP                                  
000029e0  __TI_CINIT_Base                              
000029f0  __TI_CINIT_Limit                             
000029c8  __TI_Handler_Table_Base                      
000029d4  __TI_Handler_Table_Limit                     
0000225d  __TI_auto_init_nobinit_nopinit               
0000219d  __TI_decompress_lzss                         
000022d5  __TI_decompress_none                         
ffffffff  __TI_pprof_out_hndl                          
ffffffff  __TI_prof_data_size                          
ffffffff  __TI_prof_data_start                         
00000000  __TI_static_base__                           
000022e3  __TI_zero_init                               
00002303  __aeabi_idiv0                                
00002303  __aeabi_ldiv0                                
00002123  __aeabi_memclr                               
00002123  __aeabi_memclr4                              
00002123  __aeabi_memclr8                              
00001ff1  __aeabi_memcpy                               
00001ff1  __aeabi_memcpy4                              
00001ff1  __aeabi_memcpy8                              
00002125  __aeabi_memset                               
00002125  __aeabi_memset4                              
00002125  __aeabi_memset8                              
0000208d  __aeabi_uldivmod                             
ffffffff  __binit__                                    
ffffffff  __c_args__                                   
UNDEFED   __mpu_init                                   
20000788  __stack                                      
20000000  __start___llvm_prf_cnts                      
20000000  __stop___llvm_prf_cnts                       
000022a1  _c_int00_noargs                              
UNDEFED   _system_post_cinit                           
000022fb  _system_pre_init                             
000022ff  abort                                        
ffffffff  binit                                        
20000774  charater1                                    
00000000  g_pfnVectors                                 
00002205  main                                         
00001ff1  memcpy                                       
0000212b  memset                                       
20000778  ptr_charater1                                
20000000  ui8ControlTable                              


GLOBAL SYMBOLS: SORTED BY Symbol Address 

address   name                                         
-------   ----                                         
00000000  __TI_static_base__                           
00000000  g_pfnVectors                                 
00000200  __STACK_SIZE                                 
0000026d  UART0_IntHandler                             
000002eb  UART1_IntHandler                             
00000369  UART2_IntHandler                             
000003e7  UART3_IntHandler                             
00000465  UART4_IntHandler                             
000004e3  UART5_IntHandler                             
00000569  UART6_IntHandler                             
000005f5  UART7_IntHandler                             
00000681  UART_Initialization                          
00000781  UART_ConfigureInterruptSource                
00000851  UART_TransmitChar_Polling                    
000008a3  UART_RecieveChar_Polling                     
000008f1  UART_TransmitChar_Interrupt                  
0000094b  UART_RecieveChar_Interrupt                   
000009a1  UART_Transmit_DMA                            
000009fd  UART_Receive_DMA                             
00000a4d  UART_RecCharwTimeOut                         
00000a95  UART0_RegisterCallbackFunction               
00000aaf  UART1_RegisterCallbackFunction               
00000ac9  UART2_RegisterCallbackFunction               
00000ae9  UART3_RegisterCallbackFunction               
00000b03  UART4_RegisterCallbackFunction               
00000b1d  UART5_RegisterCallbackFunction               
00000b37  UART6_RegisterCallbackFunction               
00000b51  UART7_RegisterCallbackFunction               
00000be7  EXTIAIntHandler                              
00000bf7  EXTIBIntHandler                              
00000c07  EXTICIntHandler                              
00000c17  EXTIDIntHandler                              
00000c27  EXTIEIntHandler                              
00000c37  EXTIFIntHandler                              
00000c47  GPIO_SetPinStatus                            
00000c67  GPIO_SetData                                 
00000cf3  GPIO_TogglePinValue                          
00000d35  GPIO_ConfigureAlternateFunctionSelect        
00000d55  GPIO_ConfigureAnalogModeSelect               
00000d75  GPIO_ConfigurePortControl                    
00000dbf  GPIO_ConfigureDigitalEnable                  
00000e4b  GPIO_ConfigureCommit                         
00000ec9  GPIO_EXTIClearInterrupt                      
00000f21  GPIO_ConfigureInterruptMask                  
00000fb1  GPIO_ConfigureOutputPin                      
00000ff7  GPIO_ReadBitBandBits                         
0000101d  GPIO_WriteBitBandBits                        
00001083  GPIO_EnableAFSEL_GPTM                        
000010d1  GPIO_EnableAFSEL_UART                        
00001133  RegisterCallbackFunction                     
00001169  DMA_SoftwareTransferHandler                  
0000117f  DMA_ErrorHandler                             
0000118b  DMA_PeripheralInitialization                 
000011af  DMA_EnableChannelAttributes                  
00001207  DMA_DisableChannelAttributes                 
00001251  DMA_ConfigureControlTableBaseAddress         
00001269  DMA_EnableChannel                            
00001285  DMA_ChannelControlStructureSet               
0000138f  DMA_ConfigureChannelSoftwareRequest          
000013d3  DMA_ConfigurePeripheralInterrupt             
00001403  DMA_ConfigureChannelInterrupt                
00001445  DMA_ConfigurePriority                        
000014a1  DMA_AssignChannel                            
000014fd  DMA_DeAssignChannel                          
00001551  DMA_MemoryToMemory_Transfer                  
00001573  DMA_RegisterCallbackFunction_SoftwareTransfer
0000158d  DMA_RegisterCallbackFunction_ErrorHandler    
000016a1  GPTM_InitializePWM                           
000017b3  GPTM_GeneratePWM                             
00001855  GPTM_InitializeDelayMode                     
00001919  GPTM_GenerateDelay                           
000019e1  NVIC_Enable_Interrupt                        
00001a19  NVIC_Clear_Interrupt                         
00001a51  NVIC_Set_Pending                             
00001a89  NVIC_Clear_Pending                           
00001ac1  NVIC_SetPriorityGrouping                     
00001aed  NVIC_AssignPriority                          
00001c6f  SC_Initialization                            
00001d8f  SC_GetSystemClock                            
00001df7  SC_PWMClkIntialization                       
00001e2b  SC_GetPWMFrequency                           
00001e59  SC_ADC_ClkIntialization                      
00001ee1  SystickHandler                               
00001ef1  SysTickConfigureClockSource                  
00001f0d  SysTickGenerateDelay_Polling                 
00001f73  Systick_RegisterCallbackFunction             
00001f83  SysTickGenerateDelay_Interrupt               
00001fd1  Systick_ClearFlag                            
00001ff1  __aeabi_memcpy                               
00001ff1  __aeabi_memcpy4                              
00001ff1  __aeabi_memcpy8                              
00001ff1  memcpy                                       
0000208d  __aeabi_uldivmod                             
00002123  __aeabi_memclr                               
00002123  __aeabi_memclr4                              
00002123  __aeabi_memclr8                              
00002125  __aeabi_memset                               
00002125  __aeabi_memset4                              
00002125  __aeabi_memset8                              
0000212b  memset                                       
0000219d  __TI_decompress_lzss                         
00002205  main                                         
0000225d  __TI_auto_init_nobinit_nopinit               
000022a1  _c_int00_noargs                              
000022d5  __TI_decompress_none                         
000022e3  __TI_zero_init                               
000022ef  ResetISR                                     
000022fb  _system_pre_init                             
000022ff  C$$EXIT                                      
000022ff  abort                                        
00002303  __aeabi_idiv0                                
00002303  __aeabi_ldiv0                                
00002384  DestinationAddressPointerRegisters           
00002404  SourceAddressPointerRegisters                
000025a4  GPIO_AFSELUARTConfig_ArrPtrStruct            
0000286c  SC_SYSDIV                                    
0000287b  SC_PWMDIV                                    
00002883  GPTM_Config_32BitTimer0A                     
00002887  GPTM_Config_32BitTimer0B                     
0000288b  GPTM_Config_32BitTimer1A                     
0000288f  GPTM_Config_32BitTimer1B                     
00002893  GPTM_Config_32BitTimer2A                     
00002897  GPTM_Config_32BitTimer2B                     
0000289b  GPTM_Config_32BitTimer3A                     
0000289f  GPTM_Config_32BitTimer3B                     
000028a3  GPTM_Config_32BitTimer4A                     
000028a7  GPTM_Config_32BitTimer4B                     
000028ab  GPTM_Config_32BitTimer5A                     
000028af  GPTM_Config_32BitTimer5B                     
000028b3  UART0_AFSELConfig                            
000028b6  UART1_AFSELConfig                            
000028b9  UART2_AFSELConfig                            
000028bc  UART3_AFSELConfig                            
000028bf  UART4_AFSELConfig                            
000028c2  UART5_AFSELConfig                            
000028c5  UART6_AFSELConfig                            
000028c8  UART7_AFSELConfig                            
000029c8  __TI_Handler_Table_Base                      
000029d4  __TI_Handler_Table_Limit                     
000029e0  __TI_CINIT_Base                              
000029f0  __TI_CINIT_Limit                             
20000000  __start___llvm_prf_cnts                      
20000000  __stop___llvm_prf_cnts                       
20000000  ui8ControlTable                              
20000500  GPTM_Config_ArrPtrStruct                     
20000530  DMA_ChannelsConfigRX                         
20000550  DMA_ChannelsConfigTX                         
20000588  GPIO_BIT_BAND_Registers                      
20000640  DMAChannel0_UARTChannel2RX                   
20000650  DMAChannel10_UARTChannel6RX                  
20000660  DMAChannel11_UARTChannel6TX                  
20000670  DMAChannel16_UARTChannel3RX                  
20000680  DMAChannel17_UARTChannel3TX                  
20000690  DMAChannel18_UARTChannel4RX                  
200006a0  DMAChannel19_UARTChannel4TX                  
200006b0  DMAChannel20_UARTChannel7RX                  
200006c0  DMAChannel21_UARTChannel7TX                  
200006d0  DMAChannel22_UARTChannel1RX                  
200006e0  DMAChannel23_UARTChannel1TX                  
200006f0  DMAChannel23_UARTChannel2TX                  
20000700  DMAChannel30_MemToMem                        
20000710  DMAChannel6_UARTChannel5RX                   
20000720  DMAChannel7_UARTChannel5TX                   
20000730  DMAChannel8_UARTChannel0RX                   
20000740  DMAChannel9_UARTChannel0TX                   
20000760  UARTChannel1_Config                          
2000076c  UART_InterruptNum_Arr                        
20000774  charater1                                    
20000778  ptr_charater1                                
2000077c  Pt_DMAChannel30_MemToMem                     
20000788  __stack                                      
20000988  __STACK_END                                  
20000988  __STACK_TOP                                  
ffffffff  __TI_pprof_out_hndl                          
ffffffff  __TI_prof_data_size                          
ffffffff  __TI_prof_data_start                         
ffffffff  __binit__                                    
ffffffff  __c_args__                                   
ffffffff  binit                                        
UNDEFED   __mpu_init                                   
UNDEFED   _system_post_cinit                           

[181 symbols]
