******************************************************************************
                  TI ARM Linker PC v20.2.7                     
******************************************************************************
>> Linked Sat Sep  7 20:56:35 2024

OUTPUT FILE NAME:   <HC-05_UART.out>
ENTRY POINT SYMBOL: "_c_int00_noargs"  address: 00002245


MEMORY CONFIGURATION

         name            origin    length      used     unused   attr    fill
----------------------  --------  ---------  --------  --------  ----  --------
  FLASH                 00000000   00040000  0000297f  0003d681  R  X
  SRAM                  20000000   00008000  00000908  000076f8  RW X


SEGMENT ALLOCATION MAP

run origin  load origin   length   init length attrs members
----------  ----------- ---------- ----------- ----- -------
00000000    00000000    00002980   00002980    r-x
  00000000    00000000    0000026c   0000026c    r-- .intvecs
  0000026c    0000026c    0000203c   0000203c    r-x .text
  000022a8    000022a8    000005c7   000005c7    r-- .const
  00002870    00002870    00000110   00000110    r-- .cinit
20000000    20000000    00000908   00000000    rw-
  20000000    20000000    00000400   00000000    rw- .bss
  20000400    20000400    00000308   00000000    rw- .data
  20000708    20000708    00000200   00000000    rw- .stack


SECTION ALLOCATION MAP

 output                                  attributes/
section   page    origin      length       input sections
--------  ----  ----------  ----------   ----------------
.intvecs   0    00000000    0000026c     
                  00000000    0000026c     tm4c123gh6pm_startup_ccs.obj (.intvecs)

.text      0    0000026c    0000203c     
                  0000026c    00000940     UART.obj (.text)
                  00000bac    000005bc     GPIO.obj (.text)
                  00001168    00000424     DMA.obj (.text)
                  0000158c    00000410     GPTM.obj (.text)
                  0000199c    00000274     NVIC.obj (.text)
                  00001c10    0000024c     SystemControl.obj (.text)
                  00001e5c    00000150     SystickTimer.obj (.text)
                  00001fac    0000009c     rtsv7M4_T_le_v4SPD16_eabi.lib : memcpy_t2.asm.obj (.text)
                  00002048    00000096                                   : ull_div_t2.asm.obj (.text)
                  000020de    0000007a                                   : memset_t2.asm.obj (.text)
                  00002158    00000068                                   : copy_decompress_lzss.c.obj (.text:decompress:lzss:__TI_decompress_lzss)
                  000021c0    00000044                                   : autoinit.c.obj (.text:__TI_auto_init_nobinit_nopinit:__TI_auto_init_nobinit_nopinit)
                  00002204    00000040     main.obj (.text)
                  00002244    00000034     rtsv7M4_T_le_v4SPD16_eabi.lib : boot_cortex_m.c.obj (.text:_c_int00_noargs:_c_int00_noargs)
                  00002278    0000000e                                   : copy_decompress_none.c.obj (.text:decompress:none:__TI_decompress_none)
                  00002286    0000000c                                   : copy_zero_init.c.obj (.text:decompress:ZI:__TI_zero_init)
                  00002292    0000000c     tm4c123gh6pm_startup_ccs.obj (.text)
                  0000229e    00000004     rtsv7M4_T_le_v4SPD16_eabi.lib : pre_init.c.obj (.text:_system_pre_init)
                  000022a2    00000004                                   : exit.c.obj (.text:abort:abort)
                  000022a6    00000002                                   : div0.asm.obj (.text)

.const     0    000022a8    000005c7     
                  000022a8    00000080     DMA.obj (.const:DMA_ChannelControlWordRegisters)
                  00002328    00000080     DMA.obj (.const:DestinationAddressPointerRegisters)
                  000023a8    00000080     DMA.obj (.const:SourceAddressPointerRegisters)
                  00002428    00000060     GPTM.obj (.const:GPTM_TimerMode)
                  00002488    00000030     GPTM.obj (.const:GPTM_ConfigurationRegisters)
                  000024b8    00000030     GPTM.obj (.const:GPTM_Control)
                  000024e8    00000030     GPTM.obj (.const:GPTM_ICRRegisters)
                  00002518    00000030     GPTM.obj (.const:GPTM_RISRegisters)
                  00002548    00000020     GPIO_config.obj (.const:GPIO_AFSELUARTConfig_ArrPtrStruct)
                  00002568    00000020     NVIC.obj (.const:Interrupt_Priority_Register)
                  00002588    00000020     UART.obj (.const:UART_ClockConfigurationRegisters)
                  000025a8    00000020     UART.obj (.const:UART_ControlRegisters)
                  000025c8    00000020     UART.obj (.const:UART_DMAControlRegisters)
                  000025e8    00000020     UART.obj (.const:UART_DataRegisters)
                  00002608    00000020     UART.obj (.const:UART_FlagRegisters)
                  00002628    00000020     UART.obj (.const:UART_FractionalBaudRateDivisorRegisters)
                  00002648    00000020     UART.obj (.const:UART_IntegerBaudRateDivisorRegisters)
                  00002668    00000020     UART.obj (.const:UART_InterruptMaskRegisters)
                  00002688    00000020     UART.obj (.const:UART_LineControlRegisters)
                  000026a8    00000020     UART.obj (.const:UART_MaskedInterruptStatusRegisters)
                  000026c8    00000018     GPIO.obj (.const:GPIO_Data_Registers)
                  000026e0    00000018     GPIO.obj (.const:GPIO_DigitalEnable_Registers)
                  000026f8    00000018     GPIO.obj (.const:GPIO_InterruptClear_Registers)
                  00002710    00000018     GPIO.obj (.const:GPIO_InterruptMask_Registers)
                  00002728    00000018     GPIO.obj (.const:GPIO_LOCK_Registers)
                  00002740    00000018     GPIO.obj (.const:GPIO_PortControl_Registers)
                  00002758    00000018     GPIO.obj (.const:GPIO_Port_Commit)
                  00002770    00000018     GPTM.obj (.const:GPTM_32BitTimerB_IntervalLoad)
                  00002788    00000018     GPTM.obj (.const:GPTM_32BitTimerB_Match)
                  000027a0    00000018     GPTM.obj (.const:GPTM_32_64_BitTimerA_IntervalLoad)
                  000027b8    00000018     GPTM.obj (.const:GPTM_32_64_BitTimerA_Match)
                  000027d0    00000010     NVIC.obj (.const:Clear_Pending_Register)
                  000027e0    00000010     NVIC.obj (.const:Interrupt_Clear_Registers)
                  000027f0    00000010     NVIC.obj (.const:Interrupt_Enable_Registers)
                  00002800    00000010     NVIC.obj (.const:Set_Pending_Register)
                  00002810    0000000f     SystemControl.obj (.const:.string:SC_SYSDIV)
                  0000281f    00000008     SystemControl.obj (.const:.string:SC_PWMDIV)
                  00002827    00000004     GPTM_config.obj (.const:GPTM_Config_32BitTimer0A)
                  0000282b    00000004     GPTM_config.obj (.const:GPTM_Config_32BitTimer0B)
                  0000282f    00000004     GPTM_config.obj (.const:GPTM_Config_32BitTimer1A)
                  00002833    00000004     GPTM_config.obj (.const:GPTM_Config_32BitTimer1B)
                  00002837    00000004     GPTM_config.obj (.const:GPTM_Config_32BitTimer2A)
                  0000283b    00000004     GPTM_config.obj (.const:GPTM_Config_32BitTimer2B)
                  0000283f    00000004     GPTM_config.obj (.const:GPTM_Config_32BitTimer3A)
                  00002843    00000004     GPTM_config.obj (.const:GPTM_Config_32BitTimer3B)
                  00002847    00000004     GPTM_config.obj (.const:GPTM_Config_32BitTimer4A)
                  0000284b    00000004     GPTM_config.obj (.const:GPTM_Config_32BitTimer4B)
                  0000284f    00000004     GPTM_config.obj (.const:GPTM_Config_32BitTimer5A)
                  00002853    00000004     GPTM_config.obj (.const:GPTM_Config_32BitTimer5B)
                  00002857    00000003     GPIO_config.obj (.const:UART0_AFSELConfig)
                  0000285a    00000003     GPIO_config.obj (.const:UART1_AFSELConfig)
                  0000285d    00000003     GPIO_config.obj (.const:UART2_AFSELConfig)
                  00002860    00000003     GPIO_config.obj (.const:UART3_AFSELConfig)
                  00002863    00000003     GPIO_config.obj (.const:UART4_AFSELConfig)
                  00002866    00000003     GPIO_config.obj (.const:UART5_AFSELConfig)
                  00002869    00000003     GPIO_config.obj (.const:UART6_AFSELConfig)
                  0000286c    00000003     GPIO_config.obj (.const:UART7_AFSELConfig)

.cinit     0    00002870    00000110     
                  00002870    000000ec     (.cinit..data.load) [load image, compression = lzss]
                  0000295c    0000000c     (__TI_handler_table)
                  00002968    00000008     (.cinit..bss.load) [load image, compression = zero_init]
                  00002970    00000010     (__TI_cinit_table)

.init_array 
*          0    00000000    00000000     UNINITIALIZED

.bss       0    20000000    00000400     UNINITIALIZED
                  20000000    00000400     (.common:ui8ControlTable)

.data      0    20000400    00000308     UNINITIALIZED
                  20000400    00000080     DMA.obj (.data:DMA_ErrorHandler_Callback)
                  20000480    00000080     DMA.obj (.data:DMA_SoftwareTransfer_Callback)
                  20000500    00000030     GPTM_config.obj (.data:GPTM_Config_ArrPtrStruct)
                  20000530    00000020     DMA_config.obj (.data:DMA_ChannelsConfigRX)
                  20000550    00000020     DMA_config.obj (.data:DMA_ChannelsConfigTX)
                  20000570    00000018     GPIO.obj (.data:EXTI_Callback)
                  20000588    00000018     GPIO.obj (.data:GPIO_BIT_BAND_Registers)
                  200005a0    00000014     UART.obj (.data:UART0_Callback)
                  200005b4    00000014     UART.obj (.data:UART1_Callback)
                  200005c8    00000014     UART.obj (.data:UART2_Callback)
                  200005dc    00000014     UART.obj (.data:UART3_Callback)
                  200005f0    00000014     UART.obj (.data:UART4_Callback)
                  20000604    00000014     UART.obj (.data:UART5_Callback)
                  20000618    00000014     UART.obj (.data:UART6_Callback)
                  2000062c    00000014     UART.obj (.data:UART7_Callback)
                  20000640    00000010     DMA.obj (.data:DMA_ChannelMapSelectRegisters)
                  20000650    0000000c     UART_config.obj (.data:UARTChannel1_Config)
                  2000065c    00000009     DMA_config.obj (.data:DMAChannel0_UARTChannel2RX)
                  20000665    00000009     DMA_config.obj (.data:DMAChannel10_UARTChannel6RX)
                  2000066e    00000009     DMA_config.obj (.data:DMAChannel11_UARTChannel6TX)
                  20000677    00000009     DMA_config.obj (.data:DMAChannel16_UARTChannel3RX)
                  20000680    00000009     DMA_config.obj (.data:DMAChannel17_UARTChannel3TX)
                  20000689    00000009     DMA_config.obj (.data:DMAChannel18_UARTChannel4RX)
                  20000692    00000009     DMA_config.obj (.data:DMAChannel19_UARTChannel4TX)
                  2000069b    00000009     DMA_config.obj (.data:DMAChannel20_UARTChannel7RX)
                  200006a4    00000009     DMA_config.obj (.data:DMAChannel21_UARTChannel7TX)
                  200006ad    00000009     DMA_config.obj (.data:DMAChannel22_UARTChannel1RX)
                  200006b6    00000009     DMA_config.obj (.data:DMAChannel23_UARTChannel1TX)
                  200006bf    00000009     DMA_config.obj (.data:DMAChannel23_UARTChannel2TX)
                  200006c8    00000009     DMA_config.obj (.data:DMAChannel30_MemToMem)
                  200006d1    00000009     DMA_config.obj (.data:DMAChannel6_UARTChannel5RX)
                  200006da    00000009     DMA_config.obj (.data:DMAChannel7_UARTChannel5TX)
                  200006e3    00000009     DMA_config.obj (.data:DMAChannel8_UARTChannel0RX)
                  200006ec    00000009     DMA_config.obj (.data:DMAChannel9_UARTChannel0TX)
                  200006f5    00000008     UART.obj (.data:UART_InterruptNum_Arr)
                  200006fd    00000003     --HOLE--
                  20000700    00000004     DMA_config.obj (.data)
                  20000704    00000004     SystickTimer.obj (.data)

.stack     0    20000708    00000200     UNINITIALIZED
                  20000708    00000004     rtsv7M4_T_le_v4SPD16_eabi.lib : boot_cortex_m.c.obj (.stack)
                  2000070c    000001fc     --HOLE--

__llvm_prf_cnts 
*          0    20000000    00000000     UNINITIALIZED

MODULE SUMMARY

       Module                         code   ro data   rw data
       ------                         ----   -------   -------
    .\
       UART.obj                       2368   320       168    
       DMA.obj                        1060   384       1296   
       GPIO.obj                       1468   168       48     
       GPTM.obj                       1040   384       0      
       NVIC.obj                       628    96        0      
       tm4c123gh6pm_startup_ccs.obj   12     620       0      
       SystemControl.obj              588    23        0      
       SystickTimer.obj               336    0         4      
       DMA_config.obj                 0      0         221    
       GPTM_config.obj                0      48        48     
       main.obj                       64     0         0      
       GPIO_config.obj                0      56        0      
       UART_config.obj                0      0         12     
    +--+------------------------------+------+---------+---------+
       Total:                         7564   2099      1797   
                                                              
    D:\CodeComposer\ccs\tools\compiler\ti-cgt-arm_20.2.7.LTS\lib\rtsv7M4_T_le_v4SPD16_eabi.lib
       memcpy_t2.asm.obj              156    0         0      
       ull_div_t2.asm.obj             150    0         0      
       memset_t2.asm.obj              122    0         0      
       copy_decompress_lzss.c.obj     104    0         0      
       autoinit.c.obj                 68     0         0      
       boot_cortex_m.c.obj            52     0         0      
       copy_decompress_none.c.obj     14     0         0      
       copy_zero_init.c.obj           12     0         0      
       exit.c.obj                     4      0         0      
       pre_init.c.obj                 4      0         0      
       div0.asm.obj                   2      0         0      
    +--+------------------------------+------+---------+---------+
       Total:                         688    0         0      
                                                              
       Stack:                         0      0         512    
       Linker Generated:              0      272       0      
    +--+------------------------------+------+---------+---------+
       Grand Total:                   8252   2371      2309   


LINKER GENERATED COPY TABLES

__TI_cinit_table @ 00002970 records: 2, size/record: 8, table size: 16
	.data: load addr=00002870, load size=000000ec bytes, run addr=20000400, run size=00000308 bytes, compression=lzss
	.bss: load addr=00002968, load size=00000008 bytes, run addr=20000000, run size=00000400 bytes, compression=zero_init


LINKER GENERATED HANDLER TABLE

__TI_handler_table @ 0000295c records: 3, size/record: 4, table size: 12
	index: 0, handler: __TI_decompress_lzss
	index: 1, handler: __TI_decompress_none
	index: 2, handler: __TI_zero_init


GLOBAL SYMBOLS: SORTED ALPHABETICALLY BY Name 

address   name                                         
-------   ----                                         
000022a3  C$$EXIT                                      
2000065c  DMAChannel0_UARTChannel2RX                   
20000665  DMAChannel10_UARTChannel6RX                  
2000066e  DMAChannel11_UARTChannel6TX                  
20000677  DMAChannel16_UARTChannel3RX                  
20000680  DMAChannel17_UARTChannel3TX                  
20000689  DMAChannel18_UARTChannel4RX                  
20000692  DMAChannel19_UARTChannel4TX                  
2000069b  DMAChannel20_UARTChannel7RX                  
200006a4  DMAChannel21_UARTChannel7TX                  
200006ad  DMAChannel22_UARTChannel1RX                  
200006b6  DMAChannel23_UARTChannel1TX                  
200006bf  DMAChannel23_UARTChannel2TX                  
200006c8  DMAChannel30_MemToMem                        
200006d1  DMAChannel6_UARTChannel5RX                   
200006da  DMAChannel7_UARTChannel5TX                   
200006e3  DMAChannel8_UARTChannel0RX                   
200006ec  DMAChannel9_UARTChannel0TX                   
00001447  DMA_AssignChannel                            
00001243  DMA_ChannelControlStructureSet               
20000530  DMA_ChannelsConfigRX                         
20000550  DMA_ChannelsConfigTX                         
000011b7  DMA_ConfigChannelAttributes                  
000013c1  DMA_ConfigureChannelInterrupt                
0000134d  DMA_ConfigureChannelSoftwareRequest          
0000120f  DMA_ConfigureControlTableBaseAddress         
00001391  DMA_ConfigurePeripheralInterrupt             
00001403  DMA_ConfigurePriority                        
000014b1  DMA_DeAssignChannel                          
00001227  DMA_EnableChannel                            
0000117f  DMA_ErrorHandler                             
0000150d  DMA_MemoryToMemory_Transfer                  
0000118b  DMA_PeripheralInitialization                 
00001549  DMA_RegisterCallbackFunction_ErrorHandler    
0000152f  DMA_RegisterCallbackFunction_SoftwareTransfer
00001169  DMA_SoftwareTransferHandler                  
00002328  DestinationAddressPointerRegisters           
00000be7  EXTIAIntHandler                              
00000bf7  EXTIBIntHandler                              
00000c07  EXTICIntHandler                              
00000c17  EXTIDIntHandler                              
00000c27  EXTIEIntHandler                              
00000c37  EXTIFIntHandler                              
00002548  GPIO_AFSELUARTConfig_ArrPtrStruct            
20000588  GPIO_BIT_BAND_Registers                      
00000d35  GPIO_ConfigureAlternateFunctionSelect        
00000d55  GPIO_ConfigureAnalogModeSelect               
00000e4b  GPIO_ConfigureCommit                         
00000dbf  GPIO_ConfigureDigitalEnable                  
00000f21  GPIO_ConfigureInterruptMask                  
00000fb1  GPIO_ConfigureOutputPin                      
00000d75  GPIO_ConfigurePortControl                    
00000ec9  GPIO_EXTIClearInterrupt                      
00001083  GPIO_EnableAFSEL_GPTM                        
000010d1  GPIO_EnableAFSEL_UART                        
00000ff7  GPIO_ReadBitBandBits                         
00000c67  GPIO_SetData                                 
00000c47  GPIO_SetPinStatus                            
00000cf3  GPIO_TogglePinValue                          
0000101d  GPIO_WriteBitBandBits                        
00002827  GPTM_Config_32BitTimer0A                     
0000282b  GPTM_Config_32BitTimer0B                     
0000282f  GPTM_Config_32BitTimer1A                     
00002833  GPTM_Config_32BitTimer1B                     
00002837  GPTM_Config_32BitTimer2A                     
0000283b  GPTM_Config_32BitTimer2B                     
0000283f  GPTM_Config_32BitTimer3A                     
00002843  GPTM_Config_32BitTimer3B                     
00002847  GPTM_Config_32BitTimer4A                     
0000284b  GPTM_Config_32BitTimer4B                     
0000284f  GPTM_Config_32BitTimer5A                     
00002853  GPTM_Config_32BitTimer5B                     
20000500  GPTM_Config_ArrPtrStruct                     
000018d5  GPTM_GenerateDelay                           
0000176f  GPTM_GeneratePWM                             
00001811  GPTM_InitializeDelayMode                     
0000165d  GPTM_InitializePWM                           
00001aa9  NVIC_AssignPriority                          
000019d5  NVIC_Clear_Interrupt                         
00001a45  NVIC_Clear_Pending                           
0000199d  NVIC_Enable_Interrupt                        
00001a7d  NVIC_SetPriorityGrouping                     
00001a0d  NVIC_Set_Pending                             
20000700  Pt_DMAChannel30_MemToMem                     
00001133  RegisterCallbackFunction                     
00002293  ResetISR                                     
00001e15  SC_ADC_ClkIntialization                      
00001de7  SC_GetPWMFrequency                           
00001d4b  SC_GetSystemClock                            
00001c2b  SC_Initialization                            
00001db3  SC_PWMClkIntialization                       
0000281f  SC_PWMDIV                                    
00002810  SC_SYSDIV                                    
000023a8  SourceAddressPointerRegisters                
00001ead  SysTickConfigureClockSource                  
00001f3f  SysTickGenerateDelay_Interrupt               
00001ec9  SysTickGenerateDelay_Polling                 
00001e9d  SystickHandler                               
00001f8d  Systick_ClearFlag                            
00001f2f  Systick_RegisterCallbackFunction             
00002857  UART0_AFSELConfig                            
0000026d  UART0_IntHandler                             
00000a95  UART0_RegisterCallbackFunction               
0000285a  UART1_AFSELConfig                            
000002eb  UART1_IntHandler                             
00000aaf  UART1_RegisterCallbackFunction               
0000285d  UART2_AFSELConfig                            
00000369  UART2_IntHandler                             
00000ac9  UART2_RegisterCallbackFunction               
00002860  UART3_AFSELConfig                            
000003e7  UART3_IntHandler                             
00000ae9  UART3_RegisterCallbackFunction               
00002863  UART4_AFSELConfig                            
00000465  UART4_IntHandler                             
00000b03  UART4_RegisterCallbackFunction               
00002866  UART5_AFSELConfig                            
000004e3  UART5_IntHandler                             
00000b1d  UART5_RegisterCallbackFunction               
00002869  UART6_AFSELConfig                            
00000569  UART6_IntHandler                             
00000b37  UART6_RegisterCallbackFunction               
0000286c  UART7_AFSELConfig                            
000005f5  UART7_IntHandler                             
00000b51  UART7_RegisterCallbackFunction               
20000650  UARTChannel1_Config                          
00000781  UART_ConfigureInterruptSource                
00000681  UART_Initialization                          
200006f5  UART_InterruptNum_Arr                        
00000a4d  UART_RecCharwTimeOut                         
000009fd  UART_Receive_DMA                             
0000094b  UART_RecieveChar_Interrupt                   
000008a3  UART_RecieveChar_Polling                     
000008f1  UART_TransmitChar_Interrupt                  
00000851  UART_TransmitChar_Polling                    
000009a1  UART_Transmit_DMA                            
20000908  __STACK_END                                  
00000200  __STACK_SIZE                                 
20000908  __STACK_TOP                                  
00002970  __TI_CINIT_Base                              
00002980  __TI_CINIT_Limit                             
0000295c  __TI_Handler_Table_Base                      
00002968  __TI_Handler_Table_Limit                     
000021c1  __TI_auto_init_nobinit_nopinit               
00002159  __TI_decompress_lzss                         
00002279  __TI_decompress_none                         
ffffffff  __TI_pprof_out_hndl                          
ffffffff  __TI_prof_data_size                          
ffffffff  __TI_prof_data_start                         
00000000  __TI_static_base__                           
00002287  __TI_zero_init                               
000022a7  __aeabi_idiv0                                
000022a7  __aeabi_ldiv0                                
000020df  __aeabi_memclr                               
000020df  __aeabi_memclr4                              
000020df  __aeabi_memclr8                              
00001fad  __aeabi_memcpy                               
00001fad  __aeabi_memcpy4                              
00001fad  __aeabi_memcpy8                              
000020e1  __aeabi_memset                               
000020e1  __aeabi_memset4                              
000020e1  __aeabi_memset8                              
00002049  __aeabi_uldivmod                             
ffffffff  __binit__                                    
ffffffff  __c_args__                                   
UNDEFED   __mpu_init                                   
20000708  __stack                                      
20000000  __start___llvm_prf_cnts                      
20000000  __stop___llvm_prf_cnts                       
00002245  _c_int00_noargs                              
UNDEFED   _system_post_cinit                           
0000229f  _system_pre_init                             
000022a3  abort                                        
ffffffff  binit                                        
00000000  g_pfnVectors                                 
00002205  main                                         
00001fad  memcpy                                       
000020e7  memset                                       
20000000  ui8ControlTable                              


GLOBAL SYMBOLS: SORTED BY Symbol Address 

address   name                                         
-------   ----                                         
00000000  __TI_static_base__                           
00000000  g_pfnVectors                                 
00000200  __STACK_SIZE                                 
0000026d  UART0_IntHandler                             
000002eb  UART1_IntHandler                             
00000369  UART2_IntHandler                             
000003e7  UART3_IntHandler                             
00000465  UART4_IntHandler                             
000004e3  UART5_IntHandler                             
00000569  UART6_IntHandler                             
000005f5  UART7_IntHandler                             
00000681  UART_Initialization                          
00000781  UART_ConfigureInterruptSource                
00000851  UART_TransmitChar_Polling                    
000008a3  UART_RecieveChar_Polling                     
000008f1  UART_TransmitChar_Interrupt                  
0000094b  UART_RecieveChar_Interrupt                   
000009a1  UART_Transmit_DMA                            
000009fd  UART_Receive_DMA                             
00000a4d  UART_RecCharwTimeOut                         
00000a95  UART0_RegisterCallbackFunction               
00000aaf  UART1_RegisterCallbackFunction               
00000ac9  UART2_RegisterCallbackFunction               
00000ae9  UART3_RegisterCallbackFunction               
00000b03  UART4_RegisterCallbackFunction               
00000b1d  UART5_RegisterCallbackFunction               
00000b37  UART6_RegisterCallbackFunction               
00000b51  UART7_RegisterCallbackFunction               
00000be7  EXTIAIntHandler                              
00000bf7  EXTIBIntHandler                              
00000c07  EXTICIntHandler                              
00000c17  EXTIDIntHandler                              
00000c27  EXTIEIntHandler                              
00000c37  EXTIFIntHandler                              
00000c47  GPIO_SetPinStatus                            
00000c67  GPIO_SetData                                 
00000cf3  GPIO_TogglePinValue                          
00000d35  GPIO_ConfigureAlternateFunctionSelect        
00000d55  GPIO_ConfigureAnalogModeSelect               
00000d75  GPIO_ConfigurePortControl                    
00000dbf  GPIO_ConfigureDigitalEnable                  
00000e4b  GPIO_ConfigureCommit                         
00000ec9  GPIO_EXTIClearInterrupt                      
00000f21  GPIO_ConfigureInterruptMask                  
00000fb1  GPIO_ConfigureOutputPin                      
00000ff7  GPIO_ReadBitBandBits                         
0000101d  GPIO_WriteBitBandBits                        
00001083  GPIO_EnableAFSEL_GPTM                        
000010d1  GPIO_EnableAFSEL_UART                        
00001133  RegisterCallbackFunction                     
00001169  DMA_SoftwareTransferHandler                  
0000117f  DMA_ErrorHandler                             
0000118b  DMA_PeripheralInitialization                 
000011b7  DMA_ConfigChannelAttributes                  
0000120f  DMA_ConfigureControlTableBaseAddress         
00001227  DMA_EnableChannel                            
00001243  DMA_ChannelControlStructureSet               
0000134d  DMA_ConfigureChannelSoftwareRequest          
00001391  DMA_ConfigurePeripheralInterrupt             
000013c1  DMA_ConfigureChannelInterrupt                
00001403  DMA_ConfigurePriority                        
00001447  DMA_AssignChannel                            
000014b1  DMA_DeAssignChannel                          
0000150d  DMA_MemoryToMemory_Transfer                  
0000152f  DMA_RegisterCallbackFunction_SoftwareTransfer
00001549  DMA_RegisterCallbackFunction_ErrorHandler    
0000165d  GPTM_InitializePWM                           
0000176f  GPTM_GeneratePWM                             
00001811  GPTM_InitializeDelayMode                     
000018d5  GPTM_GenerateDelay                           
0000199d  NVIC_Enable_Interrupt                        
000019d5  NVIC_Clear_Interrupt                         
00001a0d  NVIC_Set_Pending                             
00001a45  NVIC_Clear_Pending                           
00001a7d  NVIC_SetPriorityGrouping                     
00001aa9  NVIC_AssignPriority                          
00001c2b  SC_Initialization                            
00001d4b  SC_GetSystemClock                            
00001db3  SC_PWMClkIntialization                       
00001de7  SC_GetPWMFrequency                           
00001e15  SC_ADC_ClkIntialization                      
00001e9d  SystickHandler                               
00001ead  SysTickConfigureClockSource                  
00001ec9  SysTickGenerateDelay_Polling                 
00001f2f  Systick_RegisterCallbackFunction             
00001f3f  SysTickGenerateDelay_Interrupt               
00001f8d  Systick_ClearFlag                            
00001fad  __aeabi_memcpy                               
00001fad  __aeabi_memcpy4                              
00001fad  __aeabi_memcpy8                              
00001fad  memcpy                                       
00002049  __aeabi_uldivmod                             
000020df  __aeabi_memclr                               
000020df  __aeabi_memclr4                              
000020df  __aeabi_memclr8                              
000020e1  __aeabi_memset                               
000020e1  __aeabi_memset4                              
000020e1  __aeabi_memset8                              
000020e7  memset                                       
00002159  __TI_decompress_lzss                         
000021c1  __TI_auto_init_nobinit_nopinit               
00002205  main                                         
00002245  _c_int00_noargs                              
00002279  __TI_decompress_none                         
00002287  __TI_zero_init                               
00002293  ResetISR                                     
0000229f  _system_pre_init                             
000022a3  C$$EXIT                                      
000022a3  abort                                        
000022a7  __aeabi_idiv0                                
000022a7  __aeabi_ldiv0                                
00002328  DestinationAddressPointerRegisters           
000023a8  SourceAddressPointerRegisters                
00002548  GPIO_AFSELUARTConfig_ArrPtrStruct            
00002810  SC_SYSDIV                                    
0000281f  SC_PWMDIV                                    
00002827  GPTM_Config_32BitTimer0A                     
0000282b  GPTM_Config_32BitTimer0B                     
0000282f  GPTM_Config_32BitTimer1A                     
00002833  GPTM_Config_32BitTimer1B                     
00002837  GPTM_Config_32BitTimer2A                     
0000283b  GPTM_Config_32BitTimer2B                     
0000283f  GPTM_Config_32BitTimer3A                     
00002843  GPTM_Config_32BitTimer3B                     
00002847  GPTM_Config_32BitTimer4A                     
0000284b  GPTM_Config_32BitTimer4B                     
0000284f  GPTM_Config_32BitTimer5A                     
00002853  GPTM_Config_32BitTimer5B                     
00002857  UART0_AFSELConfig                            
0000285a  UART1_AFSELConfig                            
0000285d  UART2_AFSELConfig                            
00002860  UART3_AFSELConfig                            
00002863  UART4_AFSELConfig                            
00002866  UART5_AFSELConfig                            
00002869  UART6_AFSELConfig                            
0000286c  UART7_AFSELConfig                            
0000295c  __TI_Handler_Table_Base                      
00002968  __TI_Handler_Table_Limit                     
00002970  __TI_CINIT_Base                              
00002980  __TI_CINIT_Limit                             
20000000  __start___llvm_prf_cnts                      
20000000  __stop___llvm_prf_cnts                       
20000000  ui8ControlTable                              
20000500  GPTM_Config_ArrPtrStruct                     
20000530  DMA_ChannelsConfigRX                         
20000550  DMA_ChannelsConfigTX                         
20000588  GPIO_BIT_BAND_Registers                      
20000650  UARTChannel1_Config                          
2000065c  DMAChannel0_UARTChannel2RX                   
20000665  DMAChannel10_UARTChannel6RX                  
2000066e  DMAChannel11_UARTChannel6TX                  
20000677  DMAChannel16_UARTChannel3RX                  
20000680  DMAChannel17_UARTChannel3TX                  
20000689  DMAChannel18_UARTChannel4RX                  
20000692  DMAChannel19_UARTChannel4TX                  
2000069b  DMAChannel20_UARTChannel7RX                  
200006a4  DMAChannel21_UARTChannel7TX                  
200006ad  DMAChannel22_UARTChannel1RX                  
200006b6  DMAChannel23_UARTChannel1TX                  
200006bf  DMAChannel23_UARTChannel2TX                  
200006c8  DMAChannel30_MemToMem                        
200006d1  DMAChannel6_UARTChannel5RX                   
200006da  DMAChannel7_UARTChannel5TX                   
200006e3  DMAChannel8_UARTChannel0RX                   
200006ec  DMAChannel9_UARTChannel0TX                   
200006f5  UART_InterruptNum_Arr                        
20000700  Pt_DMAChannel30_MemToMem                     
20000708  __stack                                      
20000908  __STACK_END                                  
20000908  __STACK_TOP                                  
ffffffff  __TI_pprof_out_hndl                          
ffffffff  __TI_prof_data_size                          
ffffffff  __TI_prof_data_start                         
ffffffff  __binit__                                    
ffffffff  __c_args__                                   
ffffffff  binit                                        
UNDEFED   __mpu_init                                   
UNDEFED   _system_post_cinit                           

[178 symbols]
