******************************************************************************
                  TI ARM Linker PC v20.2.7                     
******************************************************************************
>> Linked Thu Sep 19 02:12:13 2024

OUTPUT FILE NAME:   <HC-05_UART.out>
ENTRY POINT SYMBOL: "_c_int00_noargs"  address: 000026b5


MEMORY CONFIGURATION

         name            origin    length      used     unused   attr    fill
----------------------  --------  ---------  --------  --------  ----  --------
  FLASH                 00000000   00040000  00003085  0003cf7b  R  X
  SRAM                  20000000   00008000  00000e65  0000719b  RW X


SEGMENT ALLOCATION MAP

run origin  load origin   length   init length attrs members
----------  ----------- ---------- ----------- ----- -------
00000000    00000000    00003088   00003088    r-x
  00000000    00000000    0000026c   0000026c    r-- .intvecs
  0000026c    0000026c    000024e2   000024e2    r-x .text
  00002750    00002750    00000797   00000797    r-- .const
  00002ee8    00002ee8    000001a0   000001a0    r-- .cinit
20000000    20000000    00000e68   00000000    rw-
  20000000    20000000    00000818   00000000    rw- .bss
  20000818    20000818    0000044d   00000000    rw- .data
  20000c68    20000c68    00000200   00000000    rw- .stack


SECTION ALLOCATION MAP

 output                                  attributes/
section   page    origin      length       input sections
--------  ----  ----------  ----------   ----------------
.intvecs   0    00000000    0000026c     
                  00000000    0000026c     tm4c123gh6pm_startup_ccs.obj (.intvecs)

.text      0    0000026c    000024e2     
                  0000026c    000009f0     UART.obj (.text)
                  00000c5c    000006d4     GPIO.obj (.text)
                  00001330    00000660     DMA.obj (.text)
                  00001990    00000410     GPTM.obj (.text)
                  00001da0    00000274     NVIC.obj (.text)
                  00002014    0000024c     SystemControl.obj (.text)
                  00002260    00000150     SystickTimer.obj (.text)
                  000023b0    000000ac     main.obj (.text)
                  0000245c    0000009c     rtsv7M4_T_le_v4SPD16_eabi.lib : memcpy_t2.asm.obj (.text)
                  000024f8    00000096                                   : ull_div_t2.asm.obj (.text)
                  0000258e    0000007a                                   : memset_t2.asm.obj (.text)
                  00002608    00000068                                   : copy_decompress_lzss.c.obj (.text:decompress:lzss:__TI_decompress_lzss)
                  00002670    00000044                                   : autoinit.c.obj (.text:__TI_auto_init_nobinit_nopinit:__TI_auto_init_nobinit_nopinit)
                  000026b4    00000034                                   : boot_cortex_m.c.obj (.text:_c_int00_noargs:_c_int00_noargs)
                  000026e8    00000034                                   : rand.c.obj (.text:rand)
                  0000271c    0000000e                                   : copy_decompress_none.c.obj (.text:decompress:none:__TI_decompress_none)
                  0000272a    0000000c                                   : copy_zero_init.c.obj (.text:decompress:ZI:__TI_zero_init)
                  00002736    0000000c     tm4c123gh6pm_startup_ccs.obj (.text)
                  00002742    00000004     rtsv7M4_T_le_v4SPD16_eabi.lib : pre_init.c.obj (.text:_system_pre_init)
                  00002746    00000004                                   : exit.c.obj (.text:abort:abort)
                  0000274a    00000002                                   : _lock.c.obj (.text:_nop)
                  0000274c    00000002                                   : div0.asm.obj (.text)

.const     0    00002750    00000797     
                  00002750    00000080     DMA.obj (.const:AlternateDMA_ChannelControlWordRegisters)
                  000027d0    00000080     DMA.obj (.const:AlternateDestinationAddressPointerRegisters)
                  00002850    00000080     DMA.obj (.const:AlternateSourceAddressPointerRegisters)
                  000028d0    00000080     DMA.obj (.const:DMA_ChannelControlWordRegisters)
                  00002950    00000080     DMA.obj (.const:DestinationAddressPointerRegisters)
                  000029d0    00000080     DMA.obj (.const:SourceAddressPointerRegisters)
                  00002a50    00000060     GPTM.obj (.const:GPTM_TimerMode)
                  00002ab0    00000030     GPTM.obj (.const:GPTM_ConfigurationRegisters)
                  00002ae0    00000030     GPTM.obj (.const:GPTM_Control)
                  00002b10    00000030     GPTM.obj (.const:GPTM_ICRRegisters)
                  00002b40    00000030     GPTM.obj (.const:GPTM_RISRegisters)
                  00002b70    00000020     GPIO_config.obj (.const:GPIO_AFSELUARTConfig_ArrPtrStruct)
                  00002b90    00000020     NVIC.obj (.const:Interrupt_Priority_Register)
                  00002bb0    00000020     UART.obj (.const:UART_ClockConfigurationRegisters)
                  00002bd0    00000020     UART.obj (.const:UART_ControlRegisters)
                  00002bf0    00000020     UART.obj (.const:UART_DMAControlRegisters)
                  00002c10    00000020     UART.obj (.const:UART_DataRegisters)
                  00002c30    00000020     UART.obj (.const:UART_FlagRegisters)
                  00002c50    00000020     UART.obj (.const:UART_FractionalBaudRateDivisorRegisters)
                  00002c70    00000020     UART.obj (.const:UART_IntegerBaudRateDivisorRegisters)
                  00002c90    00000020     UART.obj (.const:UART_InterruptFIFOLevelSelect)
                  00002cb0    00000020     UART.obj (.const:UART_InterruptMaskRegisters)
                  00002cd0    00000020     UART.obj (.const:UART_LineControlRegisters)
                  00002cf0    00000020     UART.obj (.const:UART_MaskedInterruptStatusRegisters)
                  00002d10    00000018     GPIO.obj (.const:GPIO_AlternateFunctionSelect_Registers)
                  00002d28    00000018     GPIO.obj (.const:GPIO_Data_Registers)
                  00002d40    00000018     GPIO.obj (.const:GPIO_DigitalEnable_Registers)
                  00002d58    00000018     GPIO.obj (.const:GPIO_Direction_Registers)
                  00002d70    00000018     GPIO.obj (.const:GPIO_InterruptClear_Registers)
                  00002d88    00000018     GPIO.obj (.const:GPIO_InterruptMask_Registers)
                  00002da0    00000018     GPIO.obj (.const:GPIO_LOCK_Registers)
                  00002db8    00000018     GPIO.obj (.const:GPIO_PortControl_Registers)
                  00002dd0    00000018     GPIO.obj (.const:GPIO_Port_Commit)
                  00002de8    00000018     GPTM.obj (.const:GPTM_32BitTimerB_IntervalLoad)
                  00002e00    00000018     GPTM.obj (.const:GPTM_32BitTimerB_Match)
                  00002e18    00000018     GPTM.obj (.const:GPTM_32_64_BitTimerA_IntervalLoad)
                  00002e30    00000018     GPTM.obj (.const:GPTM_32_64_BitTimerA_Match)
                  00002e48    00000010     NVIC.obj (.const:Clear_Pending_Register)
                  00002e58    00000010     NVIC.obj (.const:Interrupt_Clear_Registers)
                  00002e68    00000010     NVIC.obj (.const:Interrupt_Enable_Registers)
                  00002e78    00000010     NVIC.obj (.const:Set_Pending_Register)
                  00002e88    0000000f     SystemControl.obj (.const:.string:SC_SYSDIV)
                  00002e97    00000008     SystemControl.obj (.const:.string:SC_PWMDIV)
                  00002e9f    00000004     GPTM_config.obj (.const:GPTM_Config_32BitTimer0A)
                  00002ea3    00000004     GPTM_config.obj (.const:GPTM_Config_32BitTimer0B)
                  00002ea7    00000004     GPTM_config.obj (.const:GPTM_Config_32BitTimer1A)
                  00002eab    00000004     GPTM_config.obj (.const:GPTM_Config_32BitTimer1B)
                  00002eaf    00000004     GPTM_config.obj (.const:GPTM_Config_32BitTimer2A)
                  00002eb3    00000004     GPTM_config.obj (.const:GPTM_Config_32BitTimer2B)
                  00002eb7    00000004     GPTM_config.obj (.const:GPTM_Config_32BitTimer3A)
                  00002ebb    00000004     GPTM_config.obj (.const:GPTM_Config_32BitTimer3B)
                  00002ebf    00000004     GPTM_config.obj (.const:GPTM_Config_32BitTimer4A)
                  00002ec3    00000004     GPTM_config.obj (.const:GPTM_Config_32BitTimer4B)
                  00002ec7    00000004     GPTM_config.obj (.const:GPTM_Config_32BitTimer5A)
                  00002ecb    00000004     GPTM_config.obj (.const:GPTM_Config_32BitTimer5B)
                  00002ecf    00000003     GPIO_config.obj (.const:UART0_AFSELConfig)
                  00002ed2    00000003     GPIO_config.obj (.const:UART1_AFSELConfig)
                  00002ed5    00000003     GPIO_config.obj (.const:UART2_AFSELConfig)
                  00002ed8    00000003     GPIO_config.obj (.const:UART3_AFSELConfig)
                  00002edb    00000003     GPIO_config.obj (.const:UART4_AFSELConfig)
                  00002ede    00000003     GPIO_config.obj (.const:UART5_AFSELConfig)
                  00002ee1    00000003     GPIO_config.obj (.const:UART6_AFSELConfig)
                  00002ee4    00000003     GPIO_config.obj (.const:UART7_AFSELConfig)

.cinit     0    00002ee8    000001a0     
                  00002ee8    0000017b     (.cinit..data.load) [load image, compression = lzss]
                  00003063    00000001     --HOLE-- [fill = 0]
                  00003064    0000000c     (__TI_handler_table)
                  00003070    00000008     (.cinit..bss.load) [load image, compression = zero_init]
                  00003078    00000010     (__TI_cinit_table)

.init_array 
*          0    00000000    00000000     UNINITIALIZED

.bss       0    20000000    00000818     UNINITIALIZED
                  20000000    00000400     (.common:SourceBuffer_DMA)
                  20000400    00000400     (.common:ui8ControlTable)
                  20000800    00000018     (.common:ListDest)

.data      0    20000818    0000044d     UNINITIALIZED
                  20000818    00000080     DMA.obj (.data:DMA_ErrorHandler_Callback)
                  20000898    00000080     DMA.obj (.data:DMA_SoftwareTransfer_Callback)
                  20000918    00000030     DMA_config.obj (.data:DMA_ControlTable_Arr)
                  20000948    00000030     DMA_config.obj (.data:DMA_ControlTable_PeripheralScatterGatherArr)
                  20000978    00000030     GPTM_config.obj (.data:GPTM_Config_ArrPtrStruct)
                  200009a8    00000020     DMA_config.obj (.data:DMA_ChannelsConfigRX)
                  200009c8    00000020     DMA_config.obj (.data:DMA_ChannelsConfigTX)
                  200009e8    00000018     GPIO.obj (.data:EXTI_Callback)
                  20000a00    00000018     GPIO.obj (.data:GPIO_BIT_BAND_Registers)
                  20000a18    00000014     UART.obj (.data:UART0_Callback)
                  20000a2c    00000014     UART.obj (.data:UART1_Callback)
                  20000a40    00000014     UART.obj (.data:UART2_Callback)
                  20000a54    00000014     UART.obj (.data:UART3_Callback)
                  20000a68    00000014     UART.obj (.data:UART4_Callback)
                  20000a7c    00000014     UART.obj (.data:UART5_Callback)
                  20000a90    00000014     UART.obj (.data:UART6_Callback)
                  20000aa4    00000014     UART.obj (.data:UART7_Callback)
                  20000ab8    00000010     DMA_config.obj (.data:DMAChannel0_UARTChannel2RX)
                  20000ac8    00000010     DMA_config.obj (.data:DMAChannel10_UARTChannel6RX)
                  20000ad8    00000010     DMA_config.obj (.data:DMAChannel11_UARTChannel6TX)
                  20000ae8    00000010     DMA_config.obj (.data:DMAChannel16_UARTChannel3RX)
                  20000af8    00000010     DMA_config.obj (.data:DMAChannel17_UARTChannel3TX)
                  20000b08    00000010     DMA_config.obj (.data:DMAChannel18_UARTChannel4RX)
                  20000b18    00000010     DMA_config.obj (.data:DMAChannel19_UARTChannel4TX)
                  20000b28    00000010     DMA_config.obj (.data:DMAChannel20_UARTChannel7RX)
                  20000b38    00000010     DMA_config.obj (.data:DMAChannel21_UARTChannel7TX)
                  20000b48    00000010     DMA_config.obj (.data:DMAChannel22_UARTChannel1RX)
                  20000b58    00000010     DMA_config.obj (.data:DMAChannel23_UARTChannel1TX)
                  20000b68    00000010     DMA_config.obj (.data:DMAChannel23_UARTChannel2TX)
                  20000b78    00000010     DMA_config.obj (.data:DMAChannel28_MemToMem)
                  20000b88    00000010     DMA_config.obj (.data:DMAChannel29_MemToMem)
                  20000b98    00000010     DMA_config.obj (.data:DMAChannel30_MemToMem)
                  20000ba8    00000010     DMA_config.obj (.data:DMAChannel6_UARTChannel5RX)
                  20000bb8    00000010     DMA_config.obj (.data:DMAChannel7_UARTChannel5TX)
                  20000bc8    00000010     DMA_config.obj (.data:DMAChannel8_UARTChannel0RX)
                  20000bd8    00000010     DMA_config.obj (.data:DMAChannel9_UARTChannel0TX)
                  20000be8    00000010     DMA.obj (.data:DMA_ChannelMapSelectRegisters)
                  20000bf8    0000000c     DMA_config.obj (.data)
                  20000c04    0000000c     UART_config.obj (.data:UARTChannel1_Config)
                  20000c10    0000000c     main.obj (.data)
                  20000c1c    00000008     rtsv7M4_T_le_v4SPD16_eabi.lib : _lock.c.obj (.data:$O1$$)
                  20000c24    00000008     main.obj (.data:ListD)
                  20000c2c    00000008     main.obj (.data:ListE)
                  20000c34    00000008     main.obj (.data:ListF)
                  20000c3c    00000008     main.obj (.data:SourceBufferUART)
                  20000c44    00000008     UART.obj (.data:UART_InterruptNum_Arr)
                  20000c4c    00000004     main.obj (.data:ListA)
                  20000c50    00000004     main.obj (.data:ListB)
                  20000c54    00000004     main.obj (.data:ListC)
                  20000c58    00000004     SystickTimer.obj (.data)
                  20000c5c    00000004     rtsv7M4_T_le_v4SPD16_eabi.lib : rand.c.obj (.data)
                  20000c60    00000002     GPIO_config.obj (.data:GPIO_ConfigurePin_PF1)
                  20000c62    00000002     UART.obj (.data)
                  20000c64    00000001     DMA.obj (.data)

.stack     0    20000c68    00000200     UNINITIALIZED
                  20000c68    00000004     rtsv7M4_T_le_v4SPD16_eabi.lib : boot_cortex_m.c.obj (.stack)
                  20000c6c    000001fc     --HOLE--

__llvm_prf_cnts 
*          0    20000000    00000000     UNINITIALIZED

MODULE SUMMARY

       Module                         code   ro data   rw data
       ------                         ----   -------   -------
    .\
       DMA.obj                        1632   768       1297   
       UART.obj                       2544   352       170    
       GPIO.obj                       1748   216       48     
       GPTM.obj                       1040   384       0      
       main.obj                       172    0         1104   
       NVIC.obj                       628    96        0      
       tm4c123gh6pm_startup_ccs.obj   12     620       0      
       SystemControl.obj              588    23        0      
       DMA_config.obj                 0      0         476    
       SystickTimer.obj               336    0         4      
       GPTM_config.obj                0      48        48     
       GPIO_config.obj                0      56        2      
       UART_config.obj                0      0         12     
    +--+------------------------------+------+---------+---------+
       Total:                         8700   2563      3161   
                                                              
    D:\CodeComposer\ccs\tools\compiler\ti-cgt-arm_20.2.7.LTS\lib\rtsv7M4_T_le_v4SPD16_eabi.lib
       memcpy_t2.asm.obj              156    0         0      
       ull_div_t2.asm.obj             150    0         0      
       memset_t2.asm.obj              122    0         0      
       copy_decompress_lzss.c.obj     104    0         0      
       autoinit.c.obj                 68     0         0      
       rand.c.obj                     52     0         4      
       boot_cortex_m.c.obj            52     0         0      
       copy_decompress_none.c.obj     14     0         0      
       copy_zero_init.c.obj           12     0         0      
       _lock.c.obj                    2      0         8      
       exit.c.obj                     4      0         0      
       pre_init.c.obj                 4      0         0      
       div0.asm.obj                   2      0         0      
    +--+------------------------------+------+---------+---------+
       Total:                         742    0         12     
                                                              
       Stack:                         0      0         512    
       Linker Generated:              0      415       0      
    +--+------------------------------+------+---------+---------+
       Grand Total:                   9442   2978      3685   


LINKER GENERATED COPY TABLES

__TI_cinit_table @ 00003078 records: 2, size/record: 8, table size: 16
	.data: load addr=00002ee8, load size=0000017b bytes, run addr=20000818, run size=0000044d bytes, compression=lzss
	.bss: load addr=00003070, load size=00000008 bytes, run addr=20000000, run size=00000818 bytes, compression=zero_init


LINKER GENERATED HANDLER TABLE

__TI_handler_table @ 00003064 records: 3, size/record: 4, table size: 12
	index: 0, handler: __TI_decompress_lzss
	index: 1, handler: __TI_decompress_none
	index: 2, handler: __TI_zero_init


GLOBAL SYMBOLS: SORTED ALPHABETICALLY BY Name 

address   name                                         
-------   ----                                         
000027d0  AlternateDestinationAddressPointerRegisters  
00002850  AlternateSourceAddressPointerRegisters       
00002747  C$$EXIT                                      
20000ab8  DMAChannel0_UARTChannel2RX                   
20000ac8  DMAChannel10_UARTChannel6RX                  
20000ad8  DMAChannel11_UARTChannel6TX                  
20000ae8  DMAChannel16_UARTChannel3RX                  
20000af8  DMAChannel17_UARTChannel3TX                  
20000b08  DMAChannel18_UARTChannel4RX                  
20000b18  DMAChannel19_UARTChannel4TX                  
20000b28  DMAChannel20_UARTChannel7RX                  
20000b38  DMAChannel21_UARTChannel7TX                  
20000b48  DMAChannel22_UARTChannel1RX                  
20000b58  DMAChannel23_UARTChannel1TX                  
20000b68  DMAChannel23_UARTChannel2TX                  
20000b78  DMAChannel28_MemToMem                        
20000b88  DMAChannel29_MemToMem                        
20000b98  DMAChannel30_MemToMem                        
20000ba8  DMAChannel6_UARTChannel5RX                   
20000bb8  DMAChannel7_UARTChannel5TX                   
20000bc8  DMAChannel8_UARTChannel0RX                   
20000bd8  DMAChannel9_UARTChannel0TX                   
000017d9  DMA_AssignChannel                            
00001599  DMA_ChannelAlternateControlStructureSet      
00001451  DMA_ChannelControlStructureSet               
000018dd  DMA_ChannelPeripheralScatterGatherSet        
0000189b  DMA_ChannelScatterGatherSet                  
200009a8  DMA_ChannelsConfigRX                         
200009c8  DMA_ChannelsConfigTX                         
0000174d  DMA_ConfigureChannelInterrupt                
000016c1  DMA_ConfigureChannelSoftwareRequest          
0000141d  DMA_ConfigureControlTableBaseAddress         
00001709  DMA_ConfigurePeripheralInterrupt             
00001795  DMA_ConfigurePriority                        
20000918  DMA_ControlTable_Arr                         
20000948  DMA_ControlTable_PeripheralScatterGatherArr  
00001829  DMA_DeAssignChannel                          
000013d3  DMA_DisableChannelAttributes                 
00001435  DMA_EnableChannel                            
0000137b  DMA_EnableChannelAttributes                  
00001353  DMA_ErrorHandler                             
00001879  DMA_MemoryToMemory_Transfer                  
0000135f  DMA_PeripheralInitialization                 
00001933  DMA_RegisterCallbackFunction_ErrorHandler    
00001919  DMA_RegisterCallbackFunction_SoftwareTransfer
00001331  DMA_SoftwareTransferHandler                  
00002950  DestinationAddressPointerRegisters           
00000c97  EXTIAIntHandler                              
00000ca7  EXTIBIntHandler                              
00000cb7  EXTICIntHandler                              
00000cc7  EXTIDIntHandler                              
00000cd7  EXTIEIntHandler                              
00000ce7  EXTIFIntHandler                              
00002b70  GPIO_AFSELUARTConfig_ArrPtrStruct            
20000a00  GPIO_BIT_BAND_Registers                      
00000e51  GPIO_ConfigureAlternateFunctionSelect        
00000edd  GPIO_ConfigureAnalogModeSelect               
00000ff5  GPIO_ConfigureCommit                         
00000f55  GPIO_ConfigureDigitalEnable                  
000010b1  GPIO_ConfigureInterruptMask                  
0000113d  GPIO_ConfigureOutputPin                      
20000c60  GPIO_ConfigurePin_PF1                        
00000efd  GPIO_ConfigurePortControl                    
0000106b  GPIO_EXTIClearInterrupt                      
0000124d  GPIO_EnableAFSEL_GPTM                        
00001299  GPIO_EnableAFSEL_UART                        
000011bd  GPIO_ReadBitBandBits                         
00000d83  GPIO_SetData                                 
00000cf7  GPIO_SetPinStatus                            
00001189  GPIO_ToggleBitBandBits                       
00000e0f  GPIO_TogglePinValue                          
000011e3  GPIO_WriteBitBandBits                        
00002e9f  GPTM_Config_32BitTimer0A                     
00002ea3  GPTM_Config_32BitTimer0B                     
00002ea7  GPTM_Config_32BitTimer1A                     
00002eab  GPTM_Config_32BitTimer1B                     
00002eaf  GPTM_Config_32BitTimer2A                     
00002eb3  GPTM_Config_32BitTimer2B                     
00002eb7  GPTM_Config_32BitTimer3A                     
00002ebb  GPTM_Config_32BitTimer3B                     
00002ebf  GPTM_Config_32BitTimer4A                     
00002ec3  GPTM_Config_32BitTimer4B                     
00002ec7  GPTM_Config_32BitTimer5A                     
00002ecb  GPTM_Config_32BitTimer5B                     
20000978  GPTM_Config_ArrPtrStruct                     
00001cd9  GPTM_GenerateDelay                           
00001b73  GPTM_GeneratePWM                             
00001c15  GPTM_InitializeDelayMode                     
00001a61  GPTM_InitializePWM                           
20000c18  IndexCounter                                 
20000c4c  ListA                                        
20000c50  ListB                                        
20000c54  ListC                                        
20000c24  ListD                                        
20000800  ListDest                                     
20000c2c  ListE                                        
20000c34  ListF                                        
00001ead  NVIC_AssignPriority                          
00001dd9  NVIC_Clear_Interrupt                         
00001e49  NVIC_Clear_Pending                           
00001da1  NVIC_Enable_Interrupt                        
00001e81  NVIC_SetPriorityGrouping                     
00001e11  NVIC_Set_Pending                             
20000bfc  Pt_DMAChannel28_MemToMem                     
20000c00  Pt_DMAChannel29_MemToMem                     
20000bf8  Pt_DMAChannel30_MemToMem                     
000012fb  RegisterCallbackFunction                     
00002737  ResetISR                                     
00002219  SC_ADC_ClkIntialization                      
000021eb  SC_GetPWMFrequency                           
0000214f  SC_GetSystemClock                            
0000202f  SC_Initialization                            
000021b7  SC_PWMClkIntialization                       
00002e97  SC_PWMDIV                                    
00002e88  SC_SYSDIV                                    
20000c64  ScatterGatherFlag                            
000029d0  SourceAddressPointerRegisters                
20000c3c  SourceBufferUART                             
20000000  SourceBuffer_DMA                             
000022b1  SysTickConfigureClockSource                  
00002343  SysTickGenerateDelay_Interrupt               
000022cd  SysTickGenerateDelay_Polling                 
000022a1  SystickHandler                               
00002391  Systick_ClearFlag                            
00002333  Systick_RegisterCallbackFunction             
00002ecf  UART0_AFSELConfig                            
0000026d  UART0_IntHandler                             
00000b35  UART0_RegisterCallbackFunction               
00002ed2  UART1_AFSELConfig                            
000002eb  UART1_IntHandler                             
00000b4f  UART1_RegisterCallbackFunction               
00002ed5  UART2_AFSELConfig                            
00000369  UART2_IntHandler                             
00000b69  UART2_RegisterCallbackFunction               
00002ed8  UART3_AFSELConfig                            
000003e7  UART3_IntHandler                             
00000b83  UART3_RegisterCallbackFunction               
00002edb  UART4_AFSELConfig                            
00000465  UART4_IntHandler                             
00000ba5  UART4_RegisterCallbackFunction               
00002ede  UART5_AFSELConfig                            
000004e3  UART5_IntHandler                             
00000bbf  UART5_RegisterCallbackFunction               
00002ee1  UART6_AFSELConfig                            
00000569  UART6_IntHandler                             
00000bd9  UART6_RegisterCallbackFunction               
00002ee4  UART7_AFSELConfig                            
000005f5  UART7_IntHandler                             
00000bf3  UART7_RegisterCallbackFunction               
20000c04  UARTChannel1_Config                          
20000c63  UARTDMA_RxFlag                               
20000c62  UARTDMA_TxFlag                               
00000781  UART_ConfigureInterruptSource                
00000aab  UART_DMA_Reload_AlternateControlStructure    
00000a6d  UART_DMA_Reload_PrimaryControlStructure      
00000681  UART_Initialization                          
20000c44  UART_InterruptNum_Arr                        
00000aed  UART_RecCharwTimeOut                         
00000a39  UART_Receive_DMA                             
0000094b  UART_RecieveChar_Interrupt                   
000008a3  UART_RecieveChar_Polling                     
000008f1  UART_TransmitChar_Interrupt                  
00000851  UART_TransmitChar_Polling                    
000009ad  UART_Transmit_DMA                            
20000e68  __STACK_END                                  
00000200  __STACK_SIZE                                 
20000e68  __STACK_TOP                                  
00003078  __TI_CINIT_Base                              
00003088  __TI_CINIT_Limit                             
00003064  __TI_Handler_Table_Base                      
00003070  __TI_Handler_Table_Limit                     
00002671  __TI_auto_init_nobinit_nopinit               
00002609  __TI_decompress_lzss                         
0000271d  __TI_decompress_none                         
ffffffff  __TI_pprof_out_hndl                          
ffffffff  __TI_prof_data_size                          
ffffffff  __TI_prof_data_start                         
00000000  __TI_static_base__                           
0000272b  __TI_zero_init                               
0000274d  __aeabi_idiv0                                
0000274d  __aeabi_ldiv0                                
0000258f  __aeabi_memclr                               
0000258f  __aeabi_memclr4                              
0000258f  __aeabi_memclr8                              
0000245d  __aeabi_memcpy                               
0000245d  __aeabi_memcpy4                              
0000245d  __aeabi_memcpy8                              
00002591  __aeabi_memset                               
00002591  __aeabi_memset4                              
00002591  __aeabi_memset8                              
000024f9  __aeabi_uldivmod                             
ffffffff  __binit__                                    
ffffffff  __c_args__                                   
UNDEFED   __mpu_init                                   
20000c68  __stack                                      
20000000  __start___llvm_prf_cnts                      
20000000  __stop___llvm_prf_cnts                       
000026b5  _c_int00_noargs                              
20000c1c  _lock                                        
0000274b  _nop                                         
UNDEFED   _system_post_cinit                           
00002743  _system_pre_init                             
20000c20  _unlock                                      
00002747  abort                                        
ffffffff  binit                                        
20000c10  charater1                                    
00000000  g_pfnVectors                                 
000023b1  main                                         
0000245d  memcpy                                       
00002597  memset                                       
20000c14  ptr_charater1                                
000026e9  rand                                         
20000400  ui8ControlTable                              


GLOBAL SYMBOLS: SORTED BY Symbol Address 

address   name                                         
-------   ----                                         
00000000  __TI_static_base__                           
00000000  g_pfnVectors                                 
00000200  __STACK_SIZE                                 
0000026d  UART0_IntHandler                             
000002eb  UART1_IntHandler                             
00000369  UART2_IntHandler                             
000003e7  UART3_IntHandler                             
00000465  UART4_IntHandler                             
000004e3  UART5_IntHandler                             
00000569  UART6_IntHandler                             
000005f5  UART7_IntHandler                             
00000681  UART_Initialization                          
00000781  UART_ConfigureInterruptSource                
00000851  UART_TransmitChar_Polling                    
000008a3  UART_RecieveChar_Polling                     
000008f1  UART_TransmitChar_Interrupt                  
0000094b  UART_RecieveChar_Interrupt                   
000009ad  UART_Transmit_DMA                            
00000a39  UART_Receive_DMA                             
00000a6d  UART_DMA_Reload_PrimaryControlStructure      
00000aab  UART_DMA_Reload_AlternateControlStructure    
00000aed  UART_RecCharwTimeOut                         
00000b35  UART0_RegisterCallbackFunction               
00000b4f  UART1_RegisterCallbackFunction               
00000b69  UART2_RegisterCallbackFunction               
00000b83  UART3_RegisterCallbackFunction               
00000ba5  UART4_RegisterCallbackFunction               
00000bbf  UART5_RegisterCallbackFunction               
00000bd9  UART6_RegisterCallbackFunction               
00000bf3  UART7_RegisterCallbackFunction               
00000c97  EXTIAIntHandler                              
00000ca7  EXTIBIntHandler                              
00000cb7  EXTICIntHandler                              
00000cc7  EXTIDIntHandler                              
00000cd7  EXTIEIntHandler                              
00000ce7  EXTIFIntHandler                              
00000cf7  GPIO_SetPinStatus                            
00000d83  GPIO_SetData                                 
00000e0f  GPIO_TogglePinValue                          
00000e51  GPIO_ConfigureAlternateFunctionSelect        
00000edd  GPIO_ConfigureAnalogModeSelect               
00000efd  GPIO_ConfigurePortControl                    
00000f55  GPIO_ConfigureDigitalEnable                  
00000ff5  GPIO_ConfigureCommit                         
0000106b  GPIO_EXTIClearInterrupt                      
000010b1  GPIO_ConfigureInterruptMask                  
0000113d  GPIO_ConfigureOutputPin                      
00001189  GPIO_ToggleBitBandBits                       
000011bd  GPIO_ReadBitBandBits                         
000011e3  GPIO_WriteBitBandBits                        
0000124d  GPIO_EnableAFSEL_GPTM                        
00001299  GPIO_EnableAFSEL_UART                        
000012fb  RegisterCallbackFunction                     
00001331  DMA_SoftwareTransferHandler                  
00001353  DMA_ErrorHandler                             
0000135f  DMA_PeripheralInitialization                 
0000137b  DMA_EnableChannelAttributes                  
000013d3  DMA_DisableChannelAttributes                 
0000141d  DMA_ConfigureControlTableBaseAddress         
00001435  DMA_EnableChannel                            
00001451  DMA_ChannelControlStructureSet               
00001599  DMA_ChannelAlternateControlStructureSet      
000016c1  DMA_ConfigureChannelSoftwareRequest          
00001709  DMA_ConfigurePeripheralInterrupt             
0000174d  DMA_ConfigureChannelInterrupt                
00001795  DMA_ConfigurePriority                        
000017d9  DMA_AssignChannel                            
00001829  DMA_DeAssignChannel                          
00001879  DMA_MemoryToMemory_Transfer                  
0000189b  DMA_ChannelScatterGatherSet                  
000018dd  DMA_ChannelPeripheralScatterGatherSet        
00001919  DMA_RegisterCallbackFunction_SoftwareTransfer
00001933  DMA_RegisterCallbackFunction_ErrorHandler    
00001a61  GPTM_InitializePWM                           
00001b73  GPTM_GeneratePWM                             
00001c15  GPTM_InitializeDelayMode                     
00001cd9  GPTM_GenerateDelay                           
00001da1  NVIC_Enable_Interrupt                        
00001dd9  NVIC_Clear_Interrupt                         
00001e11  NVIC_Set_Pending                             
00001e49  NVIC_Clear_Pending                           
00001e81  NVIC_SetPriorityGrouping                     
00001ead  NVIC_AssignPriority                          
0000202f  SC_Initialization                            
0000214f  SC_GetSystemClock                            
000021b7  SC_PWMClkIntialization                       
000021eb  SC_GetPWMFrequency                           
00002219  SC_ADC_ClkIntialization                      
000022a1  SystickHandler                               
000022b1  SysTickConfigureClockSource                  
000022cd  SysTickGenerateDelay_Polling                 
00002333  Systick_RegisterCallbackFunction             
00002343  SysTickGenerateDelay_Interrupt               
00002391  Systick_ClearFlag                            
000023b1  main                                         
0000245d  __aeabi_memcpy                               
0000245d  __aeabi_memcpy4                              
0000245d  __aeabi_memcpy8                              
0000245d  memcpy                                       
000024f9  __aeabi_uldivmod                             
0000258f  __aeabi_memclr                               
0000258f  __aeabi_memclr4                              
0000258f  __aeabi_memclr8                              
00002591  __aeabi_memset                               
00002591  __aeabi_memset4                              
00002591  __aeabi_memset8                              
00002597  memset                                       
00002609  __TI_decompress_lzss                         
00002671  __TI_auto_init_nobinit_nopinit               
000026b5  _c_int00_noargs                              
000026e9  rand                                         
0000271d  __TI_decompress_none                         
0000272b  __TI_zero_init                               
00002737  ResetISR                                     
00002743  _system_pre_init                             
00002747  C$$EXIT                                      
00002747  abort                                        
0000274b  _nop                                         
0000274d  __aeabi_idiv0                                
0000274d  __aeabi_ldiv0                                
000027d0  AlternateDestinationAddressPointerRegisters  
00002850  AlternateSourceAddressPointerRegisters       
00002950  DestinationAddressPointerRegisters           
000029d0  SourceAddressPointerRegisters                
00002b70  GPIO_AFSELUARTConfig_ArrPtrStruct            
00002e88  SC_SYSDIV                                    
00002e97  SC_PWMDIV                                    
00002e9f  GPTM_Config_32BitTimer0A                     
00002ea3  GPTM_Config_32BitTimer0B                     
00002ea7  GPTM_Config_32BitTimer1A                     
00002eab  GPTM_Config_32BitTimer1B                     
00002eaf  GPTM_Config_32BitTimer2A                     
00002eb3  GPTM_Config_32BitTimer2B                     
00002eb7  GPTM_Config_32BitTimer3A                     
00002ebb  GPTM_Config_32BitTimer3B                     
00002ebf  GPTM_Config_32BitTimer4A                     
00002ec3  GPTM_Config_32BitTimer4B                     
00002ec7  GPTM_Config_32BitTimer5A                     
00002ecb  GPTM_Config_32BitTimer5B                     
00002ecf  UART0_AFSELConfig                            
00002ed2  UART1_AFSELConfig                            
00002ed5  UART2_AFSELConfig                            
00002ed8  UART3_AFSELConfig                            
00002edb  UART4_AFSELConfig                            
00002ede  UART5_AFSELConfig                            
00002ee1  UART6_AFSELConfig                            
00002ee4  UART7_AFSELConfig                            
00003064  __TI_Handler_Table_Base                      
00003070  __TI_Handler_Table_Limit                     
00003078  __TI_CINIT_Base                              
00003088  __TI_CINIT_Limit                             
20000000  SourceBuffer_DMA                             
20000000  __start___llvm_prf_cnts                      
20000000  __stop___llvm_prf_cnts                       
20000400  ui8ControlTable                              
20000800  ListDest                                     
20000918  DMA_ControlTable_Arr                         
20000948  DMA_ControlTable_PeripheralScatterGatherArr  
20000978  GPTM_Config_ArrPtrStruct                     
200009a8  DMA_ChannelsConfigRX                         
200009c8  DMA_ChannelsConfigTX                         
20000a00  GPIO_BIT_BAND_Registers                      
20000ab8  DMAChannel0_UARTChannel2RX                   
20000ac8  DMAChannel10_UARTChannel6RX                  
20000ad8  DMAChannel11_UARTChannel6TX                  
20000ae8  DMAChannel16_UARTChannel3RX                  
20000af8  DMAChannel17_UARTChannel3TX                  
20000b08  DMAChannel18_UARTChannel4RX                  
20000b18  DMAChannel19_UARTChannel4TX                  
20000b28  DMAChannel20_UARTChannel7RX                  
20000b38  DMAChannel21_UARTChannel7TX                  
20000b48  DMAChannel22_UARTChannel1RX                  
20000b58  DMAChannel23_UARTChannel1TX                  
20000b68  DMAChannel23_UARTChannel2TX                  
20000b78  DMAChannel28_MemToMem                        
20000b88  DMAChannel29_MemToMem                        
20000b98  DMAChannel30_MemToMem                        
20000ba8  DMAChannel6_UARTChannel5RX                   
20000bb8  DMAChannel7_UARTChannel5TX                   
20000bc8  DMAChannel8_UARTChannel0RX                   
20000bd8  DMAChannel9_UARTChannel0TX                   
20000bf8  Pt_DMAChannel30_MemToMem                     
20000bfc  Pt_DMAChannel28_MemToMem                     
20000c00  Pt_DMAChannel29_MemToMem                     
20000c04  UARTChannel1_Config                          
20000c10  charater1                                    
20000c14  ptr_charater1                                
20000c18  IndexCounter                                 
20000c1c  _lock                                        
20000c20  _unlock                                      
20000c24  ListD                                        
20000c2c  ListE                                        
20000c34  ListF                                        
20000c3c  SourceBufferUART                             
20000c44  UART_InterruptNum_Arr                        
20000c4c  ListA                                        
20000c50  ListB                                        
20000c54  ListC                                        
20000c60  GPIO_ConfigurePin_PF1                        
20000c62  UARTDMA_TxFlag                               
20000c63  UARTDMA_RxFlag                               
20000c64  ScatterGatherFlag                            
20000c68  __stack                                      
20000e68  __STACK_END                                  
20000e68  __STACK_TOP                                  
ffffffff  __TI_pprof_out_hndl                          
ffffffff  __TI_prof_data_size                          
ffffffff  __TI_prof_data_start                         
ffffffff  __binit__                                    
ffffffff  __c_args__                                   
ffffffff  binit                                        
UNDEFED   __mpu_init                                   
UNDEFED   _system_post_cinit                           

[213 symbols]
