<?xml version="1.0" encoding="ISO-8859-1" ?>
<link_info>
   <banner>TI ARM Linker PC v20.2.7.LTS</banner>
   <copyright>Copyright (c) 1996-2018 Texas Instruments Incorporated</copyright>
   <link_time>0x66eb1a16</link_time>
   <link_errors>0x0</link_errors>
   <output_file>HC-05_UART.out</output_file>
   <entry_point>
      <name>_c_int00_noargs</name>
      <address>0x189d</address>
   </entry_point>
   <input_file_list>
      <input_file id="fl-2">
         <path>.\</path>
         <kind>object</kind>
         <file>DMA.obj</file>
         <name>DMA.obj</name>
      </input_file>
      <input_file id="fl-3">
         <path>.\</path>
         <kind>object</kind>
         <file>DMA_config.obj</file>
         <name>DMA_config.obj</name>
      </input_file>
      <input_file id="fl-4">
         <path>.\</path>
         <kind>object</kind>
         <file>GPIO.obj</file>
         <name>GPIO.obj</name>
      </input_file>
      <input_file id="fl-5">
         <path>.\</path>
         <kind>object</kind>
         <file>GPIO_config.obj</file>
         <name>GPIO_config.obj</name>
      </input_file>
      <input_file id="fl-6">
         <path>.\</path>
         <kind>object</kind>
         <file>GPTM.obj</file>
         <name>GPTM.obj</name>
      </input_file>
      <input_file id="fl-7">
         <path>.\</path>
         <kind>object</kind>
         <file>GPTM_config.obj</file>
         <name>GPTM_config.obj</name>
      </input_file>
      <input_file id="fl-8">
         <path>.\</path>
         <kind>object</kind>
         <file>HC-05.obj</file>
         <name>HC-05.obj</name>
      </input_file>
      <input_file id="fl-9">
         <path>.\</path>
         <kind>object</kind>
         <file>NVIC.obj</file>
         <name>NVIC.obj</name>
      </input_file>
      <input_file id="fl-a">
         <path>.\</path>
         <kind>object</kind>
         <file>SystemControl.obj</file>
         <name>SystemControl.obj</name>
      </input_file>
      <input_file id="fl-b">
         <path>.\</path>
         <kind>object</kind>
         <file>SystemControl_Config.obj</file>
         <name>SystemControl_Config.obj</name>
      </input_file>
      <input_file id="fl-c">
         <path>.\</path>
         <kind>object</kind>
         <file>SystickTimer.obj</file>
         <name>SystickTimer.obj</name>
      </input_file>
      <input_file id="fl-d">
         <path>.\</path>
         <kind>object</kind>
         <file>UART.obj</file>
         <name>UART.obj</name>
      </input_file>
      <input_file id="fl-e">
         <path>.\</path>
         <kind>object</kind>
         <file>UART_config.obj</file>
         <name>UART_config.obj</name>
      </input_file>
      <input_file id="fl-f">
         <path>.\</path>
         <kind>object</kind>
         <file>main.obj</file>
         <name>main.obj</name>
      </input_file>
      <input_file id="fl-10">
         <path>.\</path>
         <kind>object</kind>
         <file>tm4c123gh6pm_startup_ccs.obj</file>
         <name>tm4c123gh6pm_startup_ccs.obj</name>
      </input_file>
      <input_file id="fl-14">
         <kind>object</kind>
         <file>&lt;internal&gt;</file>
         <name>&lt;internal&gt;</name>
      </input_file>
      <input_file id="fl-ca">
         <path>D:\CodeComposer\ccs\tools\compiler\ti-cgt-arm_20.2.7.LTS\lib\</path>
         <kind>archive</kind>
         <file>rtsv7M4_T_le_v4SPD16_eabi.lib</file>
         <name>ull_div_t2.asm.obj</name>
      </input_file>
      <input_file id="fl-cb">
         <path>D:\CodeComposer\ccs\tools\compiler\ti-cgt-arm_20.2.7.LTS\lib\</path>
         <kind>archive</kind>
         <file>rtsv7M4_T_le_v4SPD16_eabi.lib</file>
         <name>copy_zero_init.c.obj</name>
      </input_file>
      <input_file id="fl-cc">
         <path>D:\CodeComposer\ccs\tools\compiler\ti-cgt-arm_20.2.7.LTS\lib\</path>
         <kind>archive</kind>
         <file>rtsv7M4_T_le_v4SPD16_eabi.lib</file>
         <name>copy_decompress_none.c.obj</name>
      </input_file>
      <input_file id="fl-cd">
         <path>D:\CodeComposer\ccs\tools\compiler\ti-cgt-arm_20.2.7.LTS\lib\</path>
         <kind>archive</kind>
         <file>rtsv7M4_T_le_v4SPD16_eabi.lib</file>
         <name>copy_decompress_lzss.c.obj</name>
      </input_file>
      <input_file id="fl-ce">
         <path>D:\CodeComposer\ccs\tools\compiler\ti-cgt-arm_20.2.7.LTS\lib\</path>
         <kind>archive</kind>
         <file>rtsv7M4_T_le_v4SPD16_eabi.lib</file>
         <name>rand.c.obj</name>
      </input_file>
      <input_file id="fl-cf">
         <path>D:\CodeComposer\ccs\tools\compiler\ti-cgt-arm_20.2.7.LTS\lib\</path>
         <kind>archive</kind>
         <file>rtsv7M4_T_le_v4SPD16_eabi.lib</file>
         <name>boot_cortex_m.c.obj</name>
      </input_file>
      <input_file id="fl-d0">
         <path>D:\CodeComposer\ccs\tools\compiler\ti-cgt-arm_20.2.7.LTS\lib\</path>
         <kind>archive</kind>
         <file>rtsv7M4_T_le_v4SPD16_eabi.lib</file>
         <name>div0.asm.obj</name>
      </input_file>
      <input_file id="fl-d1">
         <path>D:\CodeComposer\ccs\tools\compiler\ti-cgt-arm_20.2.7.LTS\lib\</path>
         <kind>archive</kind>
         <file>rtsv7M4_T_le_v4SPD16_eabi.lib</file>
         <name>memcpy_t2.asm.obj</name>
      </input_file>
      <input_file id="fl-d2">
         <path>D:\CodeComposer\ccs\tools\compiler\ti-cgt-arm_20.2.7.LTS\lib\</path>
         <kind>archive</kind>
         <file>rtsv7M4_T_le_v4SPD16_eabi.lib</file>
         <name>memset_t2.asm.obj</name>
      </input_file>
      <input_file id="fl-d3">
         <path>D:\CodeComposer\ccs\tools\compiler\ti-cgt-arm_20.2.7.LTS\lib\</path>
         <kind>archive</kind>
         <file>rtsv7M4_T_le_v4SPD16_eabi.lib</file>
         <name>autoinit.c.obj</name>
      </input_file>
      <input_file id="fl-d4">
         <path>D:\CodeComposer\ccs\tools\compiler\ti-cgt-arm_20.2.7.LTS\lib\</path>
         <kind>archive</kind>
         <file>rtsv7M4_T_le_v4SPD16_eabi.lib</file>
         <name>pre_init.c.obj</name>
      </input_file>
      <input_file id="fl-d5">
         <path>D:\CodeComposer\ccs\tools\compiler\ti-cgt-arm_20.2.7.LTS\lib\</path>
         <kind>archive</kind>
         <file>rtsv7M4_T_le_v4SPD16_eabi.lib</file>
         <name>cpy_tbl.c.obj</name>
      </input_file>
      <input_file id="fl-d6">
         <path>D:\CodeComposer\ccs\tools\compiler\ti-cgt-arm_20.2.7.LTS\lib\</path>
         <kind>archive</kind>
         <file>rtsv7M4_T_le_v4SPD16_eabi.lib</file>
         <name>exit.c.obj</name>
      </input_file>
      <input_file id="fl-d7">
         <path>D:\CodeComposer\ccs\tools\compiler\ti-cgt-arm_20.2.7.LTS\lib\</path>
         <kind>archive</kind>
         <file>rtsv7M4_T_le_v4SPD16_eabi.lib</file>
         <name>_lock.c.obj</name>
      </input_file>
      <input_file id="fl-d8">
         <path>D:\CodeComposer\ccs\tools\compiler\ti-cgt-arm_20.2.7.LTS\lib\</path>
         <kind>archive</kind>
         <file>rtsv7M4_T_le_v4SPD16_eabi.lib</file>
         <name>args_main.c.obj</name>
      </input_file>
   </input_file_list>
   <object_component_list>
      <object_component id="oc-12">
         <name>.intvecs</name>
         <load_address>0x0</load_address>
         <run_address>0x0</run_address>
         <size>0x26c</size>
         <input_file_ref idref="fl-10"/>
      </object_component>
      <object_component id="oc-9e">
         <name>.text</name>
         <load_address>0x26c</load_address>
         <run_address>0x26c</run_address>
         <size>0x6d4</size>
         <input_file_ref idref="fl-4"/>
      </object_component>
      <object_component id="oc-33">
         <name>.text</name>
         <load_address>0x940</load_address>
         <run_address>0x940</run_address>
         <size>0x654</size>
         <input_file_ref idref="fl-2"/>
      </object_component>
      <object_component id="oc-85">
         <name>.text</name>
         <load_address>0xf94</load_address>
         <run_address>0xf94</run_address>
         <size>0x274</size>
         <input_file_ref idref="fl-9"/>
      </object_component>
      <object_component id="oc-7a">
         <name>.text</name>
         <load_address>0x1208</load_address>
         <run_address>0x1208</run_address>
         <size>0x24c</size>
         <input_file_ref idref="fl-a"/>
      </object_component>
      <object_component id="oc-2d">
         <name>.text</name>
         <load_address>0x1454</load_address>
         <run_address>0x1454</run_address>
         <size>0x150</size>
         <input_file_ref idref="fl-c"/>
      </object_component>
      <object_component id="oc-104">
         <name>.text</name>
         <load_address>0x15a4</load_address>
         <run_address>0x15a4</run_address>
         <size>0xa0</size>
         <input_file_ref idref="fl-f"/>
      </object_component>
      <object_component id="oc-47">
         <name>.text</name>
         <load_address>0x1644</load_address>
         <run_address>0x1644</run_address>
         <size>0x9c</size>
         <input_file_ref idref="fl-d1"/>
      </object_component>
      <object_component id="oc-80">
         <name>.text</name>
         <load_address>0x16e0</load_address>
         <run_address>0x16e0</run_address>
         <size>0x96</size>
         <input_file_ref idref="fl-ca"/>
      </object_component>
      <object_component id="oc-f8">
         <name>.text</name>
         <load_address>0x1776</load_address>
         <run_address>0x1776</run_address>
         <size>0x7a</size>
         <input_file_ref idref="fl-d2"/>
      </object_component>
      <object_component id="oc-15">
         <name>.text:decompress:lzss:__TI_decompress_lzss</name>
         <load_address>0x17f0</load_address>
         <run_address>0x17f0</run_address>
         <size>0x68</size>
         <input_file_ref idref="fl-cd"/>
      </object_component>
      <object_component id="oc-1e2">
         <name>.text:__TI_auto_init_nobinit_nopinit:__TI_auto_init_nobinit_nopinit</name>
         <load_address>0x1858</load_address>
         <run_address>0x1858</run_address>
         <size>0x44</size>
         <input_file_ref idref="fl-d3"/>
      </object_component>
      <object_component id="oc-65">
         <name>.text:_c_int00_noargs:_c_int00_noargs</name>
         <load_address>0x189c</load_address>
         <run_address>0x189c</run_address>
         <size>0x34</size>
         <input_file_ref idref="fl-cf"/>
      </object_component>
      <object_component id="oc-1c7">
         <name>.text:rand</name>
         <load_address>0x18d0</load_address>
         <run_address>0x18d0</run_address>
         <size>0x34</size>
         <input_file_ref idref="fl-ce"/>
      </object_component>
      <object_component id="oc-1b">
         <name>.text:decompress:none:__TI_decompress_none</name>
         <load_address>0x1904</load_address>
         <run_address>0x1904</run_address>
         <size>0xe</size>
         <input_file_ref idref="fl-cc"/>
      </object_component>
      <object_component id="oc-59">
         <name>.text:decompress:ZI:__TI_zero_init</name>
         <load_address>0x1912</load_address>
         <run_address>0x1912</run_address>
         <size>0xc</size>
         <input_file_ref idref="fl-cb"/>
      </object_component>
      <object_component id="oc-27">
         <name>.text</name>
         <load_address>0x191e</load_address>
         <run_address>0x191e</run_address>
         <size>0xc</size>
         <input_file_ref idref="fl-10"/>
      </object_component>
      <object_component id="oc-fe">
         <name>.text:_system_pre_init</name>
         <load_address>0x192a</load_address>
         <run_address>0x192a</run_address>
         <size>0x4</size>
         <input_file_ref idref="fl-d4"/>
      </object_component>
      <object_component id="oc-1d6">
         <name>.text:abort:abort</name>
         <load_address>0x192e</load_address>
         <run_address>0x192e</run_address>
         <size>0x4</size>
         <input_file_ref idref="fl-d6"/>
      </object_component>
      <object_component id="oc-29d">
         <name>.text:_nop</name>
         <load_address>0x1932</load_address>
         <run_address>0x1932</run_address>
         <size>0x2</size>
         <input_file_ref idref="fl-d7"/>
      </object_component>
      <object_component id="oc-123">
         <name>.text</name>
         <load_address>0x1934</load_address>
         <run_address>0x1934</run_address>
         <size>0x2</size>
         <input_file_ref idref="fl-d0"/>
      </object_component>
      <object_component id="oc-bc">
         <name>.const:AlternateDMA_ChannelControlWordRegisters</name>
         <load_address>0x1938</load_address>
         <run_address>0x1938</run_address>
         <size>0x80</size>
         <input_file_ref idref="fl-2"/>
      </object_component>
      <object_component id="oc-b9">
         <name>.const:AlternateDestinationAddressPointerRegisters</name>
         <load_address>0x19b8</load_address>
         <run_address>0x19b8</run_address>
         <size>0x80</size>
         <input_file_ref idref="fl-2"/>
      </object_component>
      <object_component id="oc-b6">
         <name>.const:AlternateSourceAddressPointerRegisters</name>
         <load_address>0x1a38</load_address>
         <run_address>0x1a38</run_address>
         <size>0x80</size>
         <input_file_ref idref="fl-2"/>
      </object_component>
      <object_component id="oc-b3">
         <name>.const:DMA_ChannelControlWordRegisters</name>
         <load_address>0x1ab8</load_address>
         <run_address>0x1ab8</run_address>
         <size>0x80</size>
         <input_file_ref idref="fl-2"/>
      </object_component>
      <object_component id="oc-b0">
         <name>.const:DestinationAddressPointerRegisters</name>
         <load_address>0x1b38</load_address>
         <run_address>0x1b38</run_address>
         <size>0x80</size>
         <input_file_ref idref="fl-2"/>
      </object_component>
      <object_component id="oc-ad">
         <name>.const:SourceAddressPointerRegisters</name>
         <load_address>0x1bb8</load_address>
         <run_address>0x1bb8</run_address>
         <size>0x80</size>
         <input_file_ref idref="fl-2"/>
      </object_component>
      <object_component id="oc-135">
         <name>.const:Interrupt_Priority_Register</name>
         <load_address>0x1c38</load_address>
         <run_address>0x1c38</run_address>
         <size>0x20</size>
         <input_file_ref idref="fl-9"/>
      </object_component>
      <object_component id="oc-14b">
         <name>.const:GPIO_AlternateFunctionSelect_Registers</name>
         <load_address>0x1c58</load_address>
         <run_address>0x1c58</run_address>
         <size>0x18</size>
         <input_file_ref idref="fl-4"/>
      </object_component>
      <object_component id="oc-148">
         <name>.const:GPIO_Data_Registers</name>
         <load_address>0x1c70</load_address>
         <run_address>0x1c70</run_address>
         <size>0x18</size>
         <input_file_ref idref="fl-4"/>
      </object_component>
      <object_component id="oc-151">
         <name>.const:GPIO_DigitalEnable_Registers</name>
         <load_address>0x1c88</load_address>
         <run_address>0x1c88</run_address>
         <size>0x18</size>
         <input_file_ref idref="fl-4"/>
      </object_component>
      <object_component id="oc-145">
         <name>.const:GPIO_Direction_Registers</name>
         <load_address>0x1ca0</load_address>
         <run_address>0x1ca0</run_address>
         <size>0x18</size>
         <input_file_ref idref="fl-4"/>
      </object_component>
      <object_component id="oc-15a">
         <name>.const:GPIO_InterruptClear_Registers</name>
         <load_address>0x1cb8</load_address>
         <run_address>0x1cb8</run_address>
         <size>0x18</size>
         <input_file_ref idref="fl-4"/>
      </object_component>
      <object_component id="oc-15d">
         <name>.const:GPIO_InterruptMask_Registers</name>
         <load_address>0x1cd0</load_address>
         <run_address>0x1cd0</run_address>
         <size>0x18</size>
         <input_file_ref idref="fl-4"/>
      </object_component>
      <object_component id="oc-154">
         <name>.const:GPIO_LOCK_Registers</name>
         <load_address>0x1ce8</load_address>
         <run_address>0x1ce8</run_address>
         <size>0x18</size>
         <input_file_ref idref="fl-4"/>
      </object_component>
      <object_component id="oc-14e">
         <name>.const:GPIO_PortControl_Registers</name>
         <load_address>0x1d00</load_address>
         <run_address>0x1d00</run_address>
         <size>0x18</size>
         <input_file_ref idref="fl-4"/>
      </object_component>
      <object_component id="oc-157">
         <name>.const:GPIO_Port_Commit</name>
         <load_address>0x1d18</load_address>
         <run_address>0x1d18</run_address>
         <size>0x18</size>
         <input_file_ref idref="fl-4"/>
      </object_component>
      <object_component id="oc-132">
         <name>.const:Clear_Pending_Register</name>
         <load_address>0x1d30</load_address>
         <run_address>0x1d30</run_address>
         <size>0x10</size>
         <input_file_ref idref="fl-9"/>
      </object_component>
      <object_component id="oc-12c">
         <name>.const:Interrupt_Clear_Registers</name>
         <load_address>0x1d40</load_address>
         <run_address>0x1d40</run_address>
         <size>0x10</size>
         <input_file_ref idref="fl-9"/>
      </object_component>
      <object_component id="oc-129">
         <name>.const:Interrupt_Enable_Registers</name>
         <load_address>0x1d50</load_address>
         <run_address>0x1d50</run_address>
         <size>0x10</size>
         <input_file_ref idref="fl-9"/>
      </object_component>
      <object_component id="oc-12f">
         <name>.const:Set_Pending_Register</name>
         <load_address>0x1d60</load_address>
         <run_address>0x1d60</run_address>
         <size>0x10</size>
         <input_file_ref idref="fl-9"/>
      </object_component>
      <object_component id="oc-116">
         <name>.const:.string:SC_SYSDIV</name>
         <load_address>0x1d70</load_address>
         <run_address>0x1d70</run_address>
         <size>0xf</size>
         <input_file_ref idref="fl-a"/>
      </object_component>
      <object_component id="oc-119">
         <name>.const:.string:SC_PWMDIV</name>
         <load_address>0x1d7f</load_address>
         <run_address>0x1d7f</run_address>
         <size>0x8</size>
         <input_file_ref idref="fl-a"/>
      </object_component>
      <object_component id="oc-2fa">
         <name>.cinit..data.load</name>
         <load_address>0x1d88</load_address>
         <run_address>0x1d88</run_address>
         <size>0xc6</size>
      </object_component>
      <object_component id="oc-2f8">
         <name>__TI_handler_table</name>
         <load_address>0x1e50</load_address>
         <run_address>0x1e50</run_address>
         <size>0xc</size>
      </object_component>
      <object_component id="oc-2fb">
         <name>.cinit..bss.load</name>
         <load_address>0x1e60</load_address>
         <run_address>0x1e60</run_address>
         <size>0x8</size>
      </object_component>
      <object_component id="oc-2f9">
         <name>__TI_cinit_table</name>
         <load_address>0x1e68</load_address>
         <run_address>0x1e68</run_address>
         <size>0x10</size>
      </object_component>
      <object_component id="oc-aa">
         <name>.data</name>
         <load_address>0x20000e38</load_address>
         <run_address>0x20000e38</run_address>
         <size>0x1</size>
         <input_file_ref idref="fl-2"/>
      </object_component>
      <object_component id="oc-cb">
         <name>.data:DMA_SoftwareTransfer_Callback</name>
         <load_address>0x20000c98</load_address>
         <run_address>0x20000c98</run_address>
         <size>0x80</size>
         <input_file_ref idref="fl-2"/>
      </object_component>
      <object_component id="oc-ce">
         <name>.data:DMA_ErrorHandler_Callback</name>
         <load_address>0x20000c18</load_address>
         <run_address>0x20000c18</run_address>
         <size>0x80</size>
         <input_file_ref idref="fl-2"/>
      </object_component>
      <object_component id="oc-bf">
         <name>.data:DMA_ChannelMapSelectRegisters</name>
         <load_address>0x20000dd8</load_address>
         <run_address>0x20000dd8</run_address>
         <size>0x10</size>
         <input_file_ref idref="fl-2"/>
      </object_component>
      <object_component id="oc-189">
         <name>.data:DMAChannel30_MemToMem</name>
         <load_address>0x20000dc8</load_address>
         <run_address>0x20000dc8</run_address>
         <size>0x10</size>
         <input_file_ref idref="fl-3"/>
      </object_component>
      <object_component id="oc-18c">
         <name>.data:DMAChannel28_MemToMem</name>
         <load_address>0x20000da8</load_address>
         <run_address>0x20000da8</run_address>
         <size>0x10</size>
         <input_file_ref idref="fl-3"/>
      </object_component>
      <object_component id="oc-18f">
         <name>.data:DMAChannel29_MemToMem</name>
         <load_address>0x20000db8</load_address>
         <run_address>0x20000db8</run_address>
         <size>0x10</size>
         <input_file_ref idref="fl-3"/>
      </object_component>
      <object_component id="oc-c2">
         <name>.data</name>
         <load_address>0x20000de8</load_address>
         <run_address>0x20000de8</run_address>
         <size>0xc</size>
         <input_file_ref idref="fl-3"/>
      </object_component>
      <object_component id="oc-c5">
         <name>.data:DMA_ControlTable_Arr</name>
         <load_address>0x20000d18</load_address>
         <run_address>0x20000d18</run_address>
         <size>0x30</size>
         <input_file_ref idref="fl-3"/>
      </object_component>
      <object_component id="oc-c8">
         <name>.data:DMA_ControlTable_PeripheralScatterGatherArr</name>
         <load_address>0x20000d48</load_address>
         <run_address>0x20000d48</run_address>
         <size>0x30</size>
         <input_file_ref idref="fl-3"/>
      </object_component>
      <object_component id="oc-142">
         <name>.data:EXTI_Callback</name>
         <load_address>0x20000d78</load_address>
         <run_address>0x20000d78</run_address>
         <size>0x18</size>
         <input_file_ref idref="fl-4"/>
      </object_component>
      <object_component id="oc-160">
         <name>.data:GPIO_BIT_BAND_Registers</name>
         <load_address>0x20000d90</load_address>
         <run_address>0x20000d90</run_address>
         <size>0x18</size>
         <input_file_ref idref="fl-4"/>
      </object_component>
      <object_component id="oc-1cd">
         <name>.data:GPIO_ConfigurePin_PF1</name>
         <load_address>0x20000e34</load_address>
         <run_address>0x20000e34</run_address>
         <size>0x2</size>
         <input_file_ref idref="fl-5"/>
      </object_component>
      <object_component id="oc-8b">
         <name>.data</name>
         <load_address>0x20000e2c</load_address>
         <run_address>0x20000e2c</run_address>
         <size>0x4</size>
         <input_file_ref idref="fl-c"/>
      </object_component>
      <object_component id="oc-a7">
         <name>.data</name>
         <load_address>0x20000e36</load_address>
         <run_address>0x20000e36</run_address>
         <size>0x2</size>
         <input_file_ref idref="fl-d"/>
      </object_component>
      <object_component id="oc-1d0">
         <name>.data</name>
         <load_address>0x20000df4</load_address>
         <run_address>0x20000df4</run_address>
         <size>0xc</size>
         <input_file_ref idref="fl-f"/>
      </object_component>
      <object_component id="oc-1a3">
         <name>.data:ListA</name>
         <load_address>0x20000e20</load_address>
         <run_address>0x20000e20</run_address>
         <size>0x4</size>
         <input_file_ref idref="fl-f"/>
      </object_component>
      <object_component id="oc-1a6">
         <name>.data:ListB</name>
         <load_address>0x20000e24</load_address>
         <run_address>0x20000e24</run_address>
         <size>0x4</size>
         <input_file_ref idref="fl-f"/>
      </object_component>
      <object_component id="oc-1a9">
         <name>.data:ListC</name>
         <load_address>0x20000e28</load_address>
         <run_address>0x20000e28</run_address>
         <size>0x4</size>
         <input_file_ref idref="fl-f"/>
      </object_component>
      <object_component id="oc-195">
         <name>.data:ListD</name>
         <load_address>0x20000e08</load_address>
         <run_address>0x20000e08</run_address>
         <size>0x8</size>
         <input_file_ref idref="fl-f"/>
      </object_component>
      <object_component id="oc-19b">
         <name>.data:ListE</name>
         <load_address>0x20000e10</load_address>
         <run_address>0x20000e10</run_address>
         <size>0x8</size>
         <input_file_ref idref="fl-f"/>
      </object_component>
      <object_component id="oc-19e">
         <name>.data:ListF</name>
         <load_address>0x20000e18</load_address>
         <run_address>0x20000e18</run_address>
         <size>0x8</size>
         <input_file_ref idref="fl-f"/>
      </object_component>
      <object_component id="oc-271">
         <name>.data</name>
         <load_address>0x20000e30</load_address>
         <run_address>0x20000e30</run_address>
         <size>0x4</size>
         <input_file_ref idref="fl-ce"/>
      </object_component>
      <object_component id="oc-26e">
         <name>.data:$O1$$</name>
         <load_address>0x20000e00</load_address>
         <run_address>0x20000e00</run_address>
         <size>0x8</size>
         <input_file_ref idref="fl-d7"/>
      </object_component>
      <object_component id="oc-a4">
         <name>.common:ui8ControlTable</name>
         <uninitialized>true</uninitialized>
         <run_address>0x20000800</run_address>
         <size>0x400</size>
      </object_component>
      <object_component id="oc-1d3">
         <name>.common:SourceBuffer_DMA</name>
         <uninitialized>true</uninitialized>
         <run_address>0x20000400</run_address>
         <size>0x400</size>
      </object_component>
      <object_component id="oc-1d4">
         <name>.common:DestBuffer_DMA</name>
         <uninitialized>true</uninitialized>
         <run_address>0x20000000</run_address>
         <size>0x400</size>
      </object_component>
      <object_component id="oc-198">
         <name>.common:ListDest</name>
         <uninitialized>true</uninitialized>
         <run_address>0x20000c00</run_address>
         <size>0x18</size>
      </object_component>
      <object_component id="oc-24">
         <name>.stack</name>
         <uninitialized>true</uninitialized>
         <run_address>0x20000e40</run_address>
         <size>0x4</size>
         <input_file_ref idref="fl-cf"/>
      </object_component>
      <object_component id="oc-2fd">
         <name>.stack</name>
         <uninitialized>true</uninitialized>
         <run_address>0x20000e40</run_address>
         <size>0x0</size>
      </object_component>
      <object_component id="oc-a5">
         <name>.debug_info</name>
         <load_address>0x0</load_address>
         <run_address>0x0</run_address>
         <size>0x516</size>
         <input_file_ref idref="fl-2"/>
      </object_component>
      <object_component id="oc-ab">
         <name>.debug_info</name>
         <load_address>0x516</load_address>
         <run_address>0x516</run_address>
         <size>0xdb</size>
         <input_file_ref idref="fl-2"/>
      </object_component>
      <object_component id="oc-cc">
         <name>.debug_info</name>
         <load_address>0x5f1</load_address>
         <run_address>0x5f1</run_address>
         <size>0xf2</size>
         <input_file_ref idref="fl-2"/>
      </object_component>
      <object_component id="oc-cf">
         <name>.debug_info</name>
         <load_address>0x6e3</load_address>
         <run_address>0x6e3</run_address>
         <size>0xea</size>
         <input_file_ref idref="fl-2"/>
      </object_component>
      <object_component id="oc-ae">
         <name>.debug_info</name>
         <load_address>0x7cd</load_address>
         <run_address>0x7cd</run_address>
         <size>0xf3</size>
         <input_file_ref idref="fl-2"/>
      </object_component>
      <object_component id="oc-b7">
         <name>.debug_info</name>
         <load_address>0x8c0</load_address>
         <run_address>0x8c0</run_address>
         <size>0x106</size>
         <input_file_ref idref="fl-2"/>
      </object_component>
      <object_component id="oc-b1">
         <name>.debug_info</name>
         <load_address>0x9c6</load_address>
         <run_address>0x9c6</run_address>
         <size>0xfe</size>
         <input_file_ref idref="fl-2"/>
      </object_component>
      <object_component id="oc-ba">
         <name>.debug_info</name>
         <load_address>0xac4</load_address>
         <run_address>0xac4</run_address>
         <size>0x110</size>
         <input_file_ref idref="fl-2"/>
      </object_component>
      <object_component id="oc-bd">
         <name>.debug_info</name>
         <load_address>0xbd4</load_address>
         <run_address>0xbd4</run_address>
         <size>0x109</size>
         <input_file_ref idref="fl-2"/>
      </object_component>
      <object_component id="oc-b4">
         <name>.debug_info</name>
         <load_address>0xcdd</load_address>
         <run_address>0xcdd</run_address>
         <size>0xf7</size>
         <input_file_ref idref="fl-2"/>
      </object_component>
      <object_component id="oc-c0">
         <name>.debug_info</name>
         <load_address>0xdd4</load_address>
         <run_address>0xdd4</run_address>
         <size>0xf3</size>
         <input_file_ref idref="fl-2"/>
      </object_component>
      <object_component id="oc-34">
         <name>.debug_info</name>
         <load_address>0xec7</load_address>
         <run_address>0xec7</run_address>
         <size>0x1270</size>
         <input_file_ref idref="fl-2"/>
      </object_component>
      <object_component id="oc-d2">
         <name>.debug_info</name>
         <load_address>0x2137</load_address>
         <run_address>0x2137</run_address>
         <size>0x542</size>
         <input_file_ref idref="fl-2"/>
      </object_component>
      <object_component id="oc-24e">
         <name>.debug_info</name>
         <load_address>0x2679</load_address>
         <run_address>0x2679</run_address>
         <size>0x1c1</size>
         <input_file_ref idref="fl-2"/>
      </object_component>
      <object_component id="oc-16c">
         <name>.debug_info</name>
         <load_address>0x283a</load_address>
         <run_address>0x283a</run_address>
         <size>0x3ba</size>
         <input_file_ref idref="fl-2"/>
      </object_component>
      <object_component id="oc-139">
         <name>.debug_info</name>
         <load_address>0x2bf4</load_address>
         <run_address>0x2bf4</run_address>
         <size>0x12a</size>
         <input_file_ref idref="fl-2"/>
      </object_component>
      <object_component id="oc-171">
         <name>.debug_info</name>
         <load_address>0x2d1e</load_address>
         <run_address>0x2d1e</run_address>
         <size>0x9c0</size>
         <input_file_ref idref="fl-2"/>
      </object_component>
      <object_component id="oc-d9">
         <name>.debug_info</name>
         <load_address>0x36de</load_address>
         <run_address>0x36de</run_address>
         <size>0x26b</size>
         <input_file_ref idref="fl-2"/>
      </object_component>
      <object_component id="oc-42">
         <name>.debug_info</name>
         <load_address>0x3949</load_address>
         <run_address>0x3949</run_address>
         <size>0x84</size>
         <input_file_ref idref="fl-2"/>
      </object_component>
      <object_component id="oc-8f">
         <name>.debug_info</name>
         <load_address>0x39cd</load_address>
         <run_address>0x39cd</run_address>
         <size>0xa1</size>
         <input_file_ref idref="fl-2"/>
      </object_component>
      <object_component id="oc-1b2">
         <name>.debug_info</name>
         <load_address>0x3a6e</load_address>
         <run_address>0x3a6e</run_address>
         <size>0x2a4</size>
         <input_file_ref idref="fl-2"/>
      </object_component>
      <object_component id="oc-194">
         <name>.debug_info</name>
         <load_address>0x3d12</load_address>
         <run_address>0x3d12</run_address>
         <size>0x1a9</size>
         <input_file_ref idref="fl-3"/>
      </object_component>
      <object_component id="oc-18a">
         <name>.debug_info</name>
         <load_address>0x3ebb</load_address>
         <run_address>0x3ebb</run_address>
         <size>0xea</size>
         <input_file_ref idref="fl-3"/>
      </object_component>
      <object_component id="oc-18d">
         <name>.debug_info</name>
         <load_address>0x3fa5</load_address>
         <run_address>0x3fa5</run_address>
         <size>0xeb</size>
         <input_file_ref idref="fl-3"/>
      </object_component>
      <object_component id="oc-190">
         <name>.debug_info</name>
         <load_address>0x4090</load_address>
         <run_address>0x4090</run_address>
         <size>0xeb</size>
         <input_file_ref idref="fl-3"/>
      </object_component>
      <object_component id="oc-c3">
         <name>.debug_info</name>
         <load_address>0x417b</load_address>
         <run_address>0x417b</run_address>
         <size>0x175</size>
         <input_file_ref idref="fl-3"/>
      </object_component>
      <object_component id="oc-c6">
         <name>.debug_info</name>
         <load_address>0x42f0</load_address>
         <run_address>0x42f0</run_address>
         <size>0xe9</size>
         <input_file_ref idref="fl-3"/>
      </object_component>
      <object_component id="oc-c9">
         <name>.debug_info</name>
         <load_address>0x43d9</load_address>
         <run_address>0x43d9</run_address>
         <size>0x117</size>
         <input_file_ref idref="fl-3"/>
      </object_component>
      <object_component id="oc-253">
         <name>.debug_info</name>
         <load_address>0x44f0</load_address>
         <run_address>0x44f0</run_address>
         <size>0xa18</size>
         <input_file_ref idref="fl-3"/>
      </object_component>
      <object_component id="oc-169">
         <name>.debug_info</name>
         <load_address>0x4f08</load_address>
         <run_address>0x4f08</run_address>
         <size>0x3a3</size>
         <input_file_ref idref="fl-4"/>
      </object_component>
      <object_component id="oc-143">
         <name>.debug_info</name>
         <load_address>0x52ab</load_address>
         <run_address>0x52ab</run_address>
         <size>0xd3</size>
         <input_file_ref idref="fl-4"/>
      </object_component>
      <object_component id="oc-146">
         <name>.debug_info</name>
         <load_address>0x537e</load_address>
         <run_address>0x537e</run_address>
         <size>0xea</size>
         <input_file_ref idref="fl-4"/>
      </object_component>
      <object_component id="oc-14c">
         <name>.debug_info</name>
         <load_address>0x5468</load_address>
         <run_address>0x5468</run_address>
         <size>0x106</size>
         <input_file_ref idref="fl-4"/>
      </object_component>
      <object_component id="oc-15e">
         <name>.debug_info</name>
         <load_address>0x556e</load_address>
         <run_address>0x556e</run_address>
         <size>0xf2</size>
         <input_file_ref idref="fl-4"/>
      </object_component>
      <object_component id="oc-149">
         <name>.debug_info</name>
         <load_address>0x5660</load_address>
         <run_address>0x5660</run_address>
         <size>0xe0</size>
         <input_file_ref idref="fl-4"/>
      </object_component>
      <object_component id="oc-152">
         <name>.debug_info</name>
         <load_address>0x5740</load_address>
         <run_address>0x5740</run_address>
         <size>0xf2</size>
         <input_file_ref idref="fl-4"/>
      </object_component>
      <object_component id="oc-14f">
         <name>.debug_info</name>
         <load_address>0x5832</load_address>
         <run_address>0x5832</run_address>
         <size>0xee</size>
         <input_file_ref idref="fl-4"/>
      </object_component>
      <object_component id="oc-155">
         <name>.debug_info</name>
         <load_address>0x5920</load_address>
         <run_address>0x5920</run_address>
         <size>0xe0</size>
         <input_file_ref idref="fl-4"/>
      </object_component>
      <object_component id="oc-158">
         <name>.debug_info</name>
         <load_address>0x5a00</load_address>
         <run_address>0x5a00</run_address>
         <size>0xda</size>
         <input_file_ref idref="fl-4"/>
      </object_component>
      <object_component id="oc-15b">
         <name>.debug_info</name>
         <load_address>0x5ada</load_address>
         <run_address>0x5ada</run_address>
         <size>0xf4</size>
         <input_file_ref idref="fl-4"/>
      </object_component>
      <object_component id="oc-161">
         <name>.debug_info</name>
         <load_address>0x5bce</load_address>
         <run_address>0x5bce</run_address>
         <size>0xe9</size>
         <input_file_ref idref="fl-4"/>
      </object_component>
      <object_component id="oc-9f">
         <name>.debug_info</name>
         <load_address>0x5cb7</load_address>
         <run_address>0x5cb7</run_address>
         <size>0x18e5</size>
         <input_file_ref idref="fl-4"/>
      </object_component>
      <object_component id="oc-164">
         <name>.debug_info</name>
         <load_address>0x759c</load_address>
         <run_address>0x759c</run_address>
         <size>0x3ba</size>
         <input_file_ref idref="fl-4"/>
      </object_component>
      <object_component id="oc-247">
         <name>.debug_info</name>
         <load_address>0x7956</load_address>
         <run_address>0x7956</run_address>
         <size>0x66f</size>
         <input_file_ref idref="fl-4"/>
      </object_component>
      <object_component id="oc-1ce">
         <name>.debug_info</name>
         <load_address>0x7fc5</load_address>
         <run_address>0x7fc5</run_address>
         <size>0xeb</size>
         <input_file_ref idref="fl-5"/>
      </object_component>
      <object_component id="oc-141">
         <name>.debug_info</name>
         <load_address>0x80b0</load_address>
         <run_address>0x80b0</run_address>
         <size>0x3f2</size>
         <input_file_ref idref="fl-6"/>
      </object_component>
      <object_component id="oc-99">
         <name>.debug_info</name>
         <load_address>0x84a2</load_address>
         <run_address>0x84a2</run_address>
         <size>0x2b8</size>
         <input_file_ref idref="fl-6"/>
      </object_component>
      <object_component id="oc-11e">
         <name>.debug_info</name>
         <load_address>0x875a</load_address>
         <run_address>0x875a</run_address>
         <size>0x32d</size>
         <input_file_ref idref="fl-6"/>
      </object_component>
      <object_component id="oc-22a">
         <name>.debug_info</name>
         <load_address>0x8a87</load_address>
         <run_address>0x8a87</run_address>
         <size>0x663</size>
         <input_file_ref idref="fl-6"/>
      </object_component>
      <object_component id="oc-21d">
         <name>.debug_info</name>
         <load_address>0x90ea</load_address>
         <run_address>0x90ea</run_address>
         <size>0x287</size>
         <input_file_ref idref="fl-9"/>
      </object_component>
      <object_component id="oc-12a">
         <name>.debug_info</name>
         <load_address>0x9371</load_address>
         <run_address>0x9371</run_address>
         <size>0xed</size>
         <input_file_ref idref="fl-9"/>
      </object_component>
      <object_component id="oc-12d">
         <name>.debug_info</name>
         <load_address>0x945e</load_address>
         <run_address>0x945e</run_address>
         <size>0xeb</size>
         <input_file_ref idref="fl-9"/>
      </object_component>
      <object_component id="oc-130">
         <name>.debug_info</name>
         <load_address>0x9549</load_address>
         <run_address>0x9549</run_address>
         <size>0xe1</size>
         <input_file_ref idref="fl-9"/>
      </object_component>
      <object_component id="oc-133">
         <name>.debug_info</name>
         <load_address>0x962a</load_address>
         <run_address>0x962a</run_address>
         <size>0xe5</size>
         <input_file_ref idref="fl-9"/>
      </object_component>
      <object_component id="oc-136">
         <name>.debug_info</name>
         <load_address>0x970f</load_address>
         <run_address>0x970f</run_address>
         <size>0xef</size>
         <input_file_ref idref="fl-9"/>
      </object_component>
      <object_component id="oc-88">
         <name>.debug_info</name>
         <load_address>0x97fe</load_address>
         <run_address>0x97fe</run_address>
         <size>0x619</size>
         <input_file_ref idref="fl-9"/>
      </object_component>
      <object_component id="oc-298">
         <name>.debug_info</name>
         <load_address>0x9e17</load_address>
         <run_address>0x9e17</run_address>
         <size>0x113</size>
         <input_file_ref idref="fl-9"/>
      </object_component>
      <object_component id="oc-11d">
         <name>.debug_info</name>
         <load_address>0x9f2a</load_address>
         <run_address>0x9f2a</run_address>
         <size>0x281</size>
         <input_file_ref idref="fl-a"/>
      </object_component>
      <object_component id="oc-117">
         <name>.debug_info</name>
         <load_address>0xa1ab</load_address>
         <run_address>0xa1ab</run_address>
         <size>0xd5</size>
         <input_file_ref idref="fl-a"/>
      </object_component>
      <object_component id="oc-11a">
         <name>.debug_info</name>
         <load_address>0xa280</load_address>
         <run_address>0xa280</run_address>
         <size>0xd5</size>
         <input_file_ref idref="fl-a"/>
      </object_component>
      <object_component id="oc-7b">
         <name>.debug_info</name>
         <load_address>0xa355</load_address>
         <run_address>0xa355</run_address>
         <size>0x613</size>
         <input_file_ref idref="fl-a"/>
      </object_component>
      <object_component id="oc-140">
         <name>.debug_info</name>
         <load_address>0xa968</load_address>
         <run_address>0xa968</run_address>
         <size>0x2d1</size>
         <input_file_ref idref="fl-c"/>
      </object_component>
      <object_component id="oc-8c">
         <name>.debug_info</name>
         <load_address>0xac39</load_address>
         <run_address>0xac39</run_address>
         <size>0xe1</size>
         <input_file_ref idref="fl-c"/>
      </object_component>
      <object_component id="oc-2e">
         <name>.debug_info</name>
         <load_address>0xad1a</load_address>
         <run_address>0xad1a</run_address>
         <size>0x829</size>
         <input_file_ref idref="fl-c"/>
      </object_component>
      <object_component id="oc-94">
         <name>.debug_info</name>
         <load_address>0xb543</load_address>
         <run_address>0xb543</run_address>
         <size>0x48</size>
         <input_file_ref idref="fl-c"/>
      </object_component>
      <object_component id="oc-178">
         <name>.debug_info</name>
         <load_address>0xb58b</load_address>
         <run_address>0xb58b</run_address>
         <size>0x616</size>
         <input_file_ref idref="fl-d"/>
      </object_component>
      <object_component id="oc-a8">
         <name>.debug_info</name>
         <load_address>0xbba1</load_address>
         <run_address>0xbba1</run_address>
         <size>0x103</size>
         <input_file_ref idref="fl-d"/>
      </object_component>
      <object_component id="oc-199">
         <name>.debug_info</name>
         <load_address>0xbca4</load_address>
         <run_address>0xbca4</run_address>
         <size>0x71e</size>
         <input_file_ref idref="fl-f"/>
      </object_component>
      <object_component id="oc-1d1">
         <name>.debug_info</name>
         <load_address>0xc3c2</load_address>
         <run_address>0xc3c2</run_address>
         <size>0x120</size>
         <input_file_ref idref="fl-f"/>
      </object_component>
      <object_component id="oc-1a4">
         <name>.debug_info</name>
         <load_address>0xc4e2</load_address>
         <run_address>0xc4e2</run_address>
         <size>0xc4</size>
         <input_file_ref idref="fl-f"/>
      </object_component>
      <object_component id="oc-1a7">
         <name>.debug_info</name>
         <load_address>0xc5a6</load_address>
         <run_address>0xc5a6</run_address>
         <size>0xc4</size>
         <input_file_ref idref="fl-f"/>
      </object_component>
      <object_component id="oc-1aa">
         <name>.debug_info</name>
         <load_address>0xc66a</load_address>
         <run_address>0xc66a</run_address>
         <size>0xc4</size>
         <input_file_ref idref="fl-f"/>
      </object_component>
      <object_component id="oc-196">
         <name>.debug_info</name>
         <load_address>0xc72e</load_address>
         <run_address>0xc72e</run_address>
         <size>0xc4</size>
         <input_file_ref idref="fl-f"/>
      </object_component>
      <object_component id="oc-19c">
         <name>.debug_info</name>
         <load_address>0xc7f2</load_address>
         <run_address>0xc7f2</run_address>
         <size>0xc4</size>
         <input_file_ref idref="fl-f"/>
      </object_component>
      <object_component id="oc-19f">
         <name>.debug_info</name>
         <load_address>0xc8b6</load_address>
         <run_address>0xc8b6</run_address>
         <size>0xc4</size>
         <input_file_ref idref="fl-f"/>
      </object_component>
      <object_component id="oc-105">
         <name>.debug_info</name>
         <load_address>0xc97a</load_address>
         <run_address>0xc97a</run_address>
         <size>0x25a</size>
         <input_file_ref idref="fl-f"/>
      </object_component>
      <object_component id="oc-3b">
         <name>.debug_info</name>
         <load_address>0xcbd4</load_address>
         <run_address>0xcbd4</run_address>
         <size>0x331</size>
         <input_file_ref idref="fl-10"/>
      </object_component>
      <object_component id="oc-13">
         <name>.debug_info</name>
         <load_address>0xcf05</load_address>
         <run_address>0xcf05</run_address>
         <size>0xe6</size>
         <input_file_ref idref="fl-10"/>
      </object_component>
      <object_component id="oc-2b">
         <name>.debug_info</name>
         <load_address>0xcfeb</load_address>
         <run_address>0xcfeb</run_address>
         <size>0x262</size>
         <input_file_ref idref="fl-10"/>
      </object_component>
      <object_component id="oc-de">
         <name>.debug_info</name>
         <load_address>0xd24d</load_address>
         <run_address>0xd24d</run_address>
         <size>0xbb</size>
         <input_file_ref idref="fl-10"/>
      </object_component>
      <object_component id="oc-82">
         <name>.debug_info</name>
         <load_address>0xd308</load_address>
         <run_address>0xd308</run_address>
         <size>0x134</size>
         <input_file_ref idref="fl-ca"/>
      </object_component>
      <object_component id="oc-f7">
         <name>.debug_info</name>
         <load_address>0xd43c</load_address>
         <run_address>0xd43c</run_address>
         <size>0x2d4</size>
         <input_file_ref idref="fl-cb"/>
      </object_component>
      <object_component id="oc-5a">
         <name>.debug_info</name>
         <load_address>0xd710</load_address>
         <run_address>0xd710</run_address>
         <size>0x1b5</size>
         <input_file_ref idref="fl-cb"/>
      </object_component>
      <object_component id="oc-f2">
         <name>.debug_info</name>
         <load_address>0xd8c5</load_address>
         <run_address>0xd8c5</run_address>
         <size>0x46</size>
         <input_file_ref idref="fl-cb"/>
      </object_component>
      <object_component id="oc-1be">
         <name>.debug_info</name>
         <load_address>0xd90b</load_address>
         <run_address>0xd90b</run_address>
         <size>0x2c</size>
         <input_file_ref idref="fl-cb"/>
      </object_component>
      <object_component id="oc-52">
         <name>.debug_info</name>
         <load_address>0xd937</load_address>
         <run_address>0xd937</run_address>
         <size>0x2a8</size>
         <input_file_ref idref="fl-cc"/>
      </object_component>
      <object_component id="oc-1c">
         <name>.debug_info</name>
         <load_address>0xdbdf</load_address>
         <run_address>0xdbdf</run_address>
         <size>0x1ea</size>
         <input_file_ref idref="fl-cc"/>
      </object_component>
      <object_component id="oc-4d">
         <name>.debug_info</name>
         <load_address>0xddc9</load_address>
         <run_address>0xddc9</run_address>
         <size>0x46</size>
         <input_file_ref idref="fl-cc"/>
      </object_component>
      <object_component id="oc-ea">
         <name>.debug_info</name>
         <load_address>0xde0f</load_address>
         <run_address>0xde0f</run_address>
         <size>0x2c</size>
         <input_file_ref idref="fl-cc"/>
      </object_component>
      <object_component id="oc-e8">
         <name>.debug_info</name>
         <load_address>0xde3b</load_address>
         <run_address>0xde3b</run_address>
         <size>0x29e</size>
         <input_file_ref idref="fl-cd"/>
      </object_component>
      <object_component id="oc-17">
         <name>.debug_info</name>
         <load_address>0xe0d9</load_address>
         <run_address>0xe0d9</run_address>
         <size>0x250</size>
         <input_file_ref idref="fl-cd"/>
      </object_component>
      <object_component id="oc-3d">
         <name>.debug_info</name>
         <load_address>0xe329</load_address>
         <run_address>0xe329</run_address>
         <size>0x60</size>
         <input_file_ref idref="fl-cd"/>
      </object_component>
      <object_component id="oc-1b7">
         <name>.debug_info</name>
         <load_address>0xe389</load_address>
         <run_address>0xe389</run_address>
         <size>0x46</size>
         <input_file_ref idref="fl-cd"/>
      </object_component>
      <object_component id="oc-e3">
         <name>.debug_info</name>
         <load_address>0xe3cf</load_address>
         <run_address>0xe3cf</run_address>
         <size>0x39</size>
         <input_file_ref idref="fl-cd"/>
      </object_component>
      <object_component id="oc-272">
         <name>.debug_info</name>
         <load_address>0xe408</load_address>
         <run_address>0xe408</run_address>
         <size>0xfb</size>
         <input_file_ref idref="fl-ce"/>
      </object_component>
      <object_component id="oc-1c8">
         <name>.debug_info</name>
         <load_address>0xe503</load_address>
         <run_address>0xe503</run_address>
         <size>0x13d</size>
         <input_file_ref idref="fl-ce"/>
      </object_component>
      <object_component id="oc-25">
         <name>.debug_info</name>
         <load_address>0xe640</load_address>
         <run_address>0xe640</run_address>
         <size>0x10b</size>
         <input_file_ref idref="fl-cf"/>
      </object_component>
      <object_component id="oc-67">
         <name>.debug_info</name>
         <load_address>0xe74b</load_address>
         <run_address>0xe74b</run_address>
         <size>0x1a9</size>
         <input_file_ref idref="fl-cf"/>
      </object_component>
      <object_component id="oc-124">
         <name>.debug_info</name>
         <load_address>0xe8f4</load_address>
         <run_address>0xe8f4</run_address>
         <size>0x115</size>
         <input_file_ref idref="fl-d0"/>
      </object_component>
      <object_component id="oc-48">
         <name>.debug_info</name>
         <load_address>0xea09</load_address>
         <run_address>0xea09</run_address>
         <size>0x119</size>
         <input_file_ref idref="fl-d1"/>
      </object_component>
      <object_component id="oc-fa">
         <name>.debug_info</name>
         <load_address>0xeb22</load_address>
         <run_address>0xeb22</run_address>
         <size>0x147</size>
         <input_file_ref idref="fl-d2"/>
      </object_component>
      <object_component id="oc-281">
         <name>.debug_info</name>
         <load_address>0xec69</load_address>
         <run_address>0xec69</run_address>
         <size>0x4b3</size>
         <input_file_ref idref="fl-d3"/>
      </object_component>
      <object_component id="oc-1e5">
         <name>.debug_info</name>
         <load_address>0xf11c</load_address>
         <run_address>0xf11c</run_address>
         <size>0x1a6</size>
         <input_file_ref idref="fl-d3"/>
      </object_component>
      <object_component id="oc-2af">
         <name>.debug_info</name>
         <load_address>0xf2c2</load_address>
         <run_address>0xf2c2</run_address>
         <size>0x39</size>
         <input_file_ref idref="fl-d3"/>
      </object_component>
      <object_component id="oc-2c3">
         <name>.debug_info</name>
         <load_address>0xf2fb</load_address>
         <run_address>0xf2fb</run_address>
         <size>0x39</size>
         <input_file_ref idref="fl-d3"/>
      </object_component>
      <object_component id="oc-2b4">
         <name>.debug_info</name>
         <load_address>0xf334</load_address>
         <run_address>0xf334</run_address>
         <size>0x39</size>
         <input_file_ref idref="fl-d3"/>
      </object_component>
      <object_component id="oc-2b9">
         <name>.debug_info</name>
         <load_address>0xf36d</load_address>
         <run_address>0xf36d</run_address>
         <size>0xcd</size>
         <input_file_ref idref="fl-d3"/>
      </object_component>
      <object_component id="oc-ff">
         <name>.debug_info</name>
         <load_address>0xf43a</load_address>
         <run_address>0xf43a</run_address>
         <size>0x153</size>
         <input_file_ref idref="fl-d4"/>
      </object_component>
      <object_component id="oc-1da">
         <name>.debug_info</name>
         <load_address>0xf58d</load_address>
         <run_address>0xf58d</run_address>
         <size>0x122</size>
         <input_file_ref idref="fl-d6"/>
      </object_component>
      <object_component id="oc-2a5">
         <name>.debug_info</name>
         <load_address>0xf6af</load_address>
         <run_address>0xf6af</run_address>
         <size>0x2c9</size>
         <input_file_ref idref="fl-d7"/>
      </object_component>
      <object_component id="oc-26f">
         <name>.debug_info</name>
         <load_address>0xf978</load_address>
         <run_address>0xf978</run_address>
         <size>0x11e</size>
         <input_file_ref idref="fl-d7"/>
      </object_component>
      <object_component id="oc-2a1">
         <name>.debug_info</name>
         <load_address>0xfa96</load_address>
         <run_address>0xfa96</run_address>
         <size>0x12e</size>
         <input_file_ref idref="fl-d7"/>
      </object_component>
      <object_component id="oc-2fe">
         <name>.debug_info</name>
         <load_address>0xfbc4</load_address>
         <run_address>0xfbc4</run_address>
         <size>0x99</size>
      </object_component>
      <object_component id="oc-16b">
         <name>.debug_line</name>
         <load_address>0x0</load_address>
         <run_address>0x0</run_address>
         <size>0x59</size>
         <input_file_ref idref="fl-2"/>
      </object_component>
      <object_component id="oc-17a">
         <name>.debug_line</name>
         <load_address>0x59</load_address>
         <run_address>0x59</run_address>
         <size>0x2c</size>
         <input_file_ref idref="fl-2"/>
      </object_component>
      <object_component id="oc-1af">
         <name>.debug_line</name>
         <load_address>0x85</load_address>
         <run_address>0x85</run_address>
         <size>0x2c</size>
         <input_file_ref idref="fl-2"/>
      </object_component>
      <object_component id="oc-1b1">
         <name>.debug_line</name>
         <load_address>0xb1</load_address>
         <run_address>0xb1</run_address>
         <size>0x2c</size>
         <input_file_ref idref="fl-2"/>
      </object_component>
      <object_component id="oc-17c">
         <name>.debug_line</name>
         <load_address>0xdd</load_address>
         <run_address>0xdd</run_address>
         <size>0x2c</size>
         <input_file_ref idref="fl-2"/>
      </object_component>
      <object_component id="oc-182">
         <name>.debug_line</name>
         <load_address>0x109</load_address>
         <run_address>0x109</run_address>
         <size>0x2c</size>
         <input_file_ref idref="fl-2"/>
      </object_component>
      <object_component id="oc-17e">
         <name>.debug_line</name>
         <load_address>0x135</load_address>
         <run_address>0x135</run_address>
         <size>0x2c</size>
         <input_file_ref idref="fl-2"/>
      </object_component>
      <object_component id="oc-184">
         <name>.debug_line</name>
         <load_address>0x161</load_address>
         <run_address>0x161</run_address>
         <size>0x2c</size>
         <input_file_ref idref="fl-2"/>
      </object_component>
      <object_component id="oc-186">
         <name>.debug_line</name>
         <load_address>0x18d</load_address>
         <run_address>0x18d</run_address>
         <size>0x2c</size>
         <input_file_ref idref="fl-2"/>
      </object_component>
      <object_component id="oc-180">
         <name>.debug_line</name>
         <load_address>0x1b9</load_address>
         <run_address>0x1b9</run_address>
         <size>0x2c</size>
         <input_file_ref idref="fl-2"/>
      </object_component>
      <object_component id="oc-188">
         <name>.debug_line</name>
         <load_address>0x1e5</load_address>
         <run_address>0x1e5</run_address>
         <size>0x2c</size>
         <input_file_ref idref="fl-2"/>
      </object_component>
      <object_component id="oc-37">
         <name>.debug_line</name>
         <load_address>0x211</load_address>
         <run_address>0x211</run_address>
         <size>0x2d9</size>
         <input_file_ref idref="fl-2"/>
      </object_component>
      <object_component id="oc-d5">
         <name>.debug_line</name>
         <load_address>0x4ea</load_address>
         <run_address>0x4ea</run_address>
         <size>0x33</size>
         <input_file_ref idref="fl-2"/>
      </object_component>
      <object_component id="oc-251">
         <name>.debug_line</name>
         <load_address>0x51d</load_address>
         <run_address>0x51d</run_address>
         <size>0x34</size>
         <input_file_ref idref="fl-2"/>
      </object_component>
      <object_component id="oc-16f">
         <name>.debug_line</name>
         <load_address>0x551</load_address>
         <run_address>0x551</run_address>
         <size>0x34</size>
         <input_file_ref idref="fl-2"/>
      </object_component>
      <object_component id="oc-13c">
         <name>.debug_line</name>
         <load_address>0x585</load_address>
         <run_address>0x585</run_address>
         <size>0x34</size>
         <input_file_ref idref="fl-2"/>
      </object_component>
      <object_component id="oc-174">
         <name>.debug_line</name>
         <load_address>0x5b9</load_address>
         <run_address>0x5b9</run_address>
         <size>0x30</size>
         <input_file_ref idref="fl-2"/>
      </object_component>
      <object_component id="oc-dc">
         <name>.debug_line</name>
         <load_address>0x5e9</load_address>
         <run_address>0x5e9</run_address>
         <size>0x71</size>
         <input_file_ref idref="fl-2"/>
      </object_component>
      <object_component id="oc-45">
         <name>.debug_line</name>
         <load_address>0x65a</load_address>
         <run_address>0x65a</run_address>
         <size>0x20</size>
         <input_file_ref idref="fl-2"/>
      </object_component>
      <object_component id="oc-92">
         <name>.debug_line</name>
         <load_address>0x67a</load_address>
         <run_address>0x67a</run_address>
         <size>0x2d</size>
         <input_file_ref idref="fl-2"/>
      </object_component>
      <object_component id="oc-1b5">
         <name>.debug_line</name>
         <load_address>0x6a7</load_address>
         <run_address>0x6a7</run_address>
         <size>0x75</size>
         <input_file_ref idref="fl-2"/>
      </object_component>
      <object_component id="oc-25f">
         <name>.debug_line</name>
         <load_address>0x71c</load_address>
         <run_address>0x71c</run_address>
         <size>0x33</size>
         <input_file_ref idref="fl-3"/>
      </object_component>
      <object_component id="oc-259">
         <name>.debug_line</name>
         <load_address>0x74f</load_address>
         <run_address>0x74f</run_address>
         <size>0x33</size>
         <input_file_ref idref="fl-3"/>
      </object_component>
      <object_component id="oc-25b">
         <name>.debug_line</name>
         <load_address>0x782</load_address>
         <run_address>0x782</run_address>
         <size>0x33</size>
         <input_file_ref idref="fl-3"/>
      </object_component>
      <object_component id="oc-25d">
         <name>.debug_line</name>
         <load_address>0x7b5</load_address>
         <run_address>0x7b5</run_address>
         <size>0x33</size>
         <input_file_ref idref="fl-3"/>
      </object_component>
      <object_component id="oc-193">
         <name>.debug_line</name>
         <load_address>0x7e8</load_address>
         <run_address>0x7e8</run_address>
         <size>0x33</size>
         <input_file_ref idref="fl-3"/>
      </object_component>
      <object_component id="oc-1a2">
         <name>.debug_line</name>
         <load_address>0x81b</load_address>
         <run_address>0x81b</run_address>
         <size>0x33</size>
         <input_file_ref idref="fl-3"/>
      </object_component>
      <object_component id="oc-1ad">
         <name>.debug_line</name>
         <load_address>0x84e</load_address>
         <run_address>0x84e</run_address>
         <size>0x33</size>
         <input_file_ref idref="fl-3"/>
      </object_component>
      <object_component id="oc-256">
         <name>.debug_line</name>
         <load_address>0x881</load_address>
         <run_address>0x881</run_address>
         <size>0x31</size>
         <input_file_ref idref="fl-3"/>
      </object_component>
      <object_component id="oc-246">
         <name>.debug_line</name>
         <load_address>0x8b2</load_address>
         <run_address>0x8b2</run_address>
         <size>0x20</size>
         <input_file_ref idref="fl-4"/>
      </object_component>
      <object_component id="oc-230">
         <name>.debug_line</name>
         <load_address>0x8d2</load_address>
         <run_address>0x8d2</run_address>
         <size>0x2d</size>
         <input_file_ref idref="fl-4"/>
      </object_component>
      <object_component id="oc-232">
         <name>.debug_line</name>
         <load_address>0x8ff</load_address>
         <run_address>0x8ff</run_address>
         <size>0x2d</size>
         <input_file_ref idref="fl-4"/>
      </object_component>
      <object_component id="oc-236">
         <name>.debug_line</name>
         <load_address>0x92c</load_address>
         <run_address>0x92c</run_address>
         <size>0x2d</size>
         <input_file_ref idref="fl-4"/>
      </object_component>
      <object_component id="oc-242">
         <name>.debug_line</name>
         <load_address>0x959</load_address>
         <run_address>0x959</run_address>
         <size>0x2d</size>
         <input_file_ref idref="fl-4"/>
      </object_component>
      <object_component id="oc-234">
         <name>.debug_line</name>
         <load_address>0x986</load_address>
         <run_address>0x986</run_address>
         <size>0x2d</size>
         <input_file_ref idref="fl-4"/>
      </object_component>
      <object_component id="oc-23a">
         <name>.debug_line</name>
         <load_address>0x9b3</load_address>
         <run_address>0x9b3</run_address>
         <size>0x2d</size>
         <input_file_ref idref="fl-4"/>
      </object_component>
      <object_component id="oc-238">
         <name>.debug_line</name>
         <load_address>0x9e0</load_address>
         <run_address>0x9e0</run_address>
         <size>0x2d</size>
         <input_file_ref idref="fl-4"/>
      </object_component>
      <object_component id="oc-23c">
         <name>.debug_line</name>
         <load_address>0xa0d</load_address>
         <run_address>0xa0d</run_address>
         <size>0x2d</size>
         <input_file_ref idref="fl-4"/>
      </object_component>
      <object_component id="oc-23e">
         <name>.debug_line</name>
         <load_address>0xa3a</load_address>
         <run_address>0xa3a</run_address>
         <size>0x2d</size>
         <input_file_ref idref="fl-4"/>
      </object_component>
      <object_component id="oc-240">
         <name>.debug_line</name>
         <load_address>0xa67</load_address>
         <run_address>0xa67</run_address>
         <size>0x2d</size>
         <input_file_ref idref="fl-4"/>
      </object_component>
      <object_component id="oc-244">
         <name>.debug_line</name>
         <load_address>0xa94</load_address>
         <run_address>0xa94</run_address>
         <size>0x2d</size>
         <input_file_ref idref="fl-4"/>
      </object_component>
      <object_component id="oc-a2">
         <name>.debug_line</name>
         <load_address>0xac1</load_address>
         <run_address>0xac1</run_address>
         <size>0x337</size>
         <input_file_ref idref="fl-4"/>
      </object_component>
      <object_component id="oc-167">
         <name>.debug_line</name>
         <load_address>0xdf8</load_address>
         <run_address>0xdf8</run_address>
         <size>0x34</size>
         <input_file_ref idref="fl-4"/>
      </object_component>
      <object_component id="oc-24a">
         <name>.debug_line</name>
         <load_address>0xe2c</load_address>
         <run_address>0xe2c</run_address>
         <size>0x31</size>
         <input_file_ref idref="fl-4"/>
      </object_component>
      <object_component id="oc-276">
         <name>.debug_line</name>
         <load_address>0xe5d</load_address>
         <run_address>0xe5d</run_address>
         <size>0x34</size>
         <input_file_ref idref="fl-5"/>
      </object_component>
      <object_component id="oc-229">
         <name>.debug_line</name>
         <load_address>0xe91</load_address>
         <run_address>0xe91</run_address>
         <size>0x43</size>
         <input_file_ref idref="fl-6"/>
      </object_component>
      <object_component id="oc-9c">
         <name>.debug_line</name>
         <load_address>0xed4</load_address>
         <run_address>0xed4</run_address>
         <size>0x34</size>
         <input_file_ref idref="fl-6"/>
      </object_component>
      <object_component id="oc-121">
         <name>.debug_line</name>
         <load_address>0xf08</load_address>
         <run_address>0xf08</run_address>
         <size>0x3d</size>
         <input_file_ref idref="fl-6"/>
      </object_component>
      <object_component id="oc-22d">
         <name>.debug_line</name>
         <load_address>0xf45</load_address>
         <run_address>0xf45</run_address>
         <size>0x31</size>
         <input_file_ref idref="fl-6"/>
      </object_component>
      <object_component id="oc-297">
         <name>.debug_line</name>
         <load_address>0xf76</load_address>
         <run_address>0xf76</run_address>
         <size>0x20</size>
         <input_file_ref idref="fl-9"/>
      </object_component>
      <object_component id="oc-21c">
         <name>.debug_line</name>
         <load_address>0xf96</load_address>
         <run_address>0xf96</run_address>
         <size>0x2d</size>
         <input_file_ref idref="fl-9"/>
      </object_component>
      <object_component id="oc-21f">
         <name>.debug_line</name>
         <load_address>0xfc3</load_address>
         <run_address>0xfc3</run_address>
         <size>0x2d</size>
         <input_file_ref idref="fl-9"/>
      </object_component>
      <object_component id="oc-221">
         <name>.debug_line</name>
         <load_address>0xff0</load_address>
         <run_address>0xff0</run_address>
         <size>0x2d</size>
         <input_file_ref idref="fl-9"/>
      </object_component>
      <object_component id="oc-223">
         <name>.debug_line</name>
         <load_address>0x101d</load_address>
         <run_address>0x101d</run_address>
         <size>0x2d</size>
         <input_file_ref idref="fl-9"/>
      </object_component>
      <object_component id="oc-225">
         <name>.debug_line</name>
         <load_address>0x104a</load_address>
         <run_address>0x104a</run_address>
         <size>0x2d</size>
         <input_file_ref idref="fl-9"/>
      </object_component>
      <object_component id="oc-87">
         <name>.debug_line</name>
         <load_address>0x1077</load_address>
         <run_address>0x1077</run_address>
         <size>0xf9</size>
         <input_file_ref idref="fl-9"/>
      </object_component>
      <object_component id="oc-29b">
         <name>.debug_line</name>
         <load_address>0x1170</load_address>
         <run_address>0x1170</run_address>
         <size>0x31</size>
         <input_file_ref idref="fl-9"/>
      </object_component>
      <object_component id="oc-219">
         <name>.debug_line</name>
         <load_address>0x11a1</load_address>
         <run_address>0x11a1</run_address>
         <size>0x20</size>
         <input_file_ref idref="fl-a"/>
      </object_component>
      <object_component id="oc-215">
         <name>.debug_line</name>
         <load_address>0x11c1</load_address>
         <run_address>0x11c1</run_address>
         <size>0x36</size>
         <input_file_ref idref="fl-a"/>
      </object_component>
      <object_component id="oc-217">
         <name>.debug_line</name>
         <load_address>0x11f7</load_address>
         <run_address>0x11f7</run_address>
         <size>0x36</size>
         <input_file_ref idref="fl-a"/>
      </object_component>
      <object_component id="oc-7f">
         <name>.debug_line</name>
         <load_address>0x122d</load_address>
         <run_address>0x122d</run_address>
         <size>0x15e</size>
         <input_file_ref idref="fl-a"/>
      </object_component>
      <object_component id="oc-227">
         <name>.debug_line</name>
         <load_address>0x138b</load_address>
         <run_address>0x138b</run_address>
         <size>0x43</size>
         <input_file_ref idref="fl-c"/>
      </object_component>
      <object_component id="oc-13f">
         <name>.debug_line</name>
         <load_address>0x13ce</load_address>
         <run_address>0x13ce</run_address>
         <size>0x35</size>
         <input_file_ref idref="fl-c"/>
      </object_component>
      <object_component id="oc-31">
         <name>.debug_line</name>
         <load_address>0x1403</load_address>
         <run_address>0x1403</run_address>
         <size>0x148</size>
         <input_file_ref idref="fl-c"/>
      </object_component>
      <object_component id="oc-97">
         <name>.debug_line</name>
         <load_address>0x154b</load_address>
         <run_address>0x154b</run_address>
         <size>0x35</size>
         <input_file_ref idref="fl-c"/>
      </object_component>
      <object_component id="oc-24d">
         <name>.debug_line</name>
         <load_address>0x1580</load_address>
         <run_address>0x1580</run_address>
         <size>0x8a</size>
         <input_file_ref idref="fl-d"/>
      </object_component>
      <object_component id="oc-177">
         <name>.debug_line</name>
         <load_address>0x160a</load_address>
         <run_address>0x160a</run_address>
         <size>0x2d</size>
         <input_file_ref idref="fl-d"/>
      </object_component>
      <object_component id="oc-263">
         <name>.debug_line</name>
         <load_address>0x1637</load_address>
         <run_address>0x1637</run_address>
         <size>0xba</size>
         <input_file_ref idref="fl-f"/>
      </object_component>
      <object_component id="oc-278">
         <name>.debug_line</name>
         <load_address>0x16f1</load_address>
         <run_address>0x16f1</run_address>
         <size>0x2d</size>
         <input_file_ref idref="fl-f"/>
      </object_component>
      <object_component id="oc-269">
         <name>.debug_line</name>
         <load_address>0x171e</load_address>
         <run_address>0x171e</run_address>
         <size>0x2d</size>
         <input_file_ref idref="fl-f"/>
      </object_component>
      <object_component id="oc-26b">
         <name>.debug_line</name>
         <load_address>0x174b</load_address>
         <run_address>0x174b</run_address>
         <size>0x2d</size>
         <input_file_ref idref="fl-f"/>
      </object_component>
      <object_component id="oc-26d">
         <name>.debug_line</name>
         <load_address>0x1778</load_address>
         <run_address>0x1778</run_address>
         <size>0x2d</size>
         <input_file_ref idref="fl-f"/>
      </object_component>
      <object_component id="oc-261">
         <name>.debug_line</name>
         <load_address>0x17a5</load_address>
         <run_address>0x17a5</run_address>
         <size>0x2d</size>
         <input_file_ref idref="fl-f"/>
      </object_component>
      <object_component id="oc-265">
         <name>.debug_line</name>
         <load_address>0x17d2</load_address>
         <run_address>0x17d2</run_address>
         <size>0x2d</size>
         <input_file_ref idref="fl-f"/>
      </object_component>
      <object_component id="oc-267">
         <name>.debug_line</name>
         <load_address>0x17ff</load_address>
         <run_address>0x17ff</run_address>
         <size>0x2d</size>
         <input_file_ref idref="fl-f"/>
      </object_component>
      <object_component id="oc-108">
         <name>.debug_line</name>
         <load_address>0x182c</load_address>
         <run_address>0x182c</run_address>
         <size>0x6d</size>
         <input_file_ref idref="fl-f"/>
      </object_component>
      <object_component id="oc-d8">
         <name>.debug_line</name>
         <load_address>0x1899</load_address>
         <run_address>0x1899</run_address>
         <size>0x41</size>
         <input_file_ref idref="fl-10"/>
      </object_component>
      <object_component id="oc-3a">
         <name>.debug_line</name>
         <load_address>0x18da</load_address>
         <run_address>0x18da</run_address>
         <size>0x41</size>
         <input_file_ref idref="fl-10"/>
      </object_component>
      <object_component id="oc-28">
         <name>.debug_line</name>
         <load_address>0x191b</load_address>
         <run_address>0x191b</run_address>
         <size>0xa1</size>
         <input_file_ref idref="fl-10"/>
      </object_component>
      <object_component id="oc-e1">
         <name>.debug_line</name>
         <load_address>0x19bc</load_address>
         <run_address>0x19bc</run_address>
         <size>0x72</size>
         <input_file_ref idref="fl-10"/>
      </object_component>
      <object_component id="oc-81">
         <name>.debug_line</name>
         <load_address>0x1a2e</load_address>
         <run_address>0x1a2e</run_address>
         <size>0x81</size>
         <input_file_ref idref="fl-ca"/>
      </object_component>
      <object_component id="oc-1c4">
         <name>.debug_line</name>
         <load_address>0x1aaf</load_address>
         <run_address>0x1aaf</run_address>
         <size>0x92</size>
         <input_file_ref idref="fl-cb"/>
      </object_component>
      <object_component id="oc-5d">
         <name>.debug_line</name>
         <load_address>0x1b41</load_address>
         <run_address>0x1b41</run_address>
         <size>0x53</size>
         <input_file_ref idref="fl-cb"/>
      </object_component>
      <object_component id="oc-f5">
         <name>.debug_line</name>
         <load_address>0x1b94</load_address>
         <run_address>0x1b94</run_address>
         <size>0x34</size>
         <input_file_ref idref="fl-cb"/>
      </object_component>
      <object_component id="oc-1c1">
         <name>.debug_line</name>
         <load_address>0x1bc8</load_address>
         <run_address>0x1bc8</run_address>
         <size>0x92</size>
         <input_file_ref idref="fl-cb"/>
      </object_component>
      <object_component id="oc-f0">
         <name>.debug_line</name>
         <load_address>0x1c5a</load_address>
         <run_address>0x1c5a</run_address>
         <size>0x20</size>
         <input_file_ref idref="fl-cc"/>
      </object_component>
      <object_component id="oc-1f">
         <name>.debug_line</name>
         <load_address>0x1c7a</load_address>
         <run_address>0x1c7a</run_address>
         <size>0x55</size>
         <input_file_ref idref="fl-cc"/>
      </object_component>
      <object_component id="oc-50">
         <name>.debug_line</name>
         <load_address>0x1ccf</load_address>
         <run_address>0x1ccf</run_address>
         <size>0x3a</size>
         <input_file_ref idref="fl-cc"/>
      </object_component>
      <object_component id="oc-ed">
         <name>.debug_line</name>
         <load_address>0x1d09</load_address>
         <run_address>0x1d09</run_address>
         <size>0x92</size>
[...]
         <name>DMA_ChannelAlternateControlStructureSet</name>
         <value>0xb9d</value>
         <object_component_ref idref="oc-33"/>
      </symbol>
      <symbol id="sm-ff">
         <name>DMA_SoftwareTransferHandler</name>
         <value>0x941</value>
         <object_component_ref idref="oc-33"/>
      </symbol>
      <symbol id="sm-100">
         <name>DMA_RegisterCallbackFunction_SoftwareTransfer</name>
         <value>0xf1d</value>
         <object_component_ref idref="oc-33"/>
      </symbol>
      <symbol id="sm-101">
         <name>DestinationAddressPointerRegisters</name>
         <value>0x1b38</value>
         <object_component_ref idref="oc-b0"/>
      </symbol>
      <symbol id="sm-102">
         <name>DMA_EnableChannelAttributes</name>
         <value>0x981</value>
         <object_component_ref idref="oc-33"/>
      </symbol>
      <symbol id="sm-103">
         <name>ScatterGatherFlag</name>
         <value>0x20000e38</value>
         <object_component_ref idref="oc-aa"/>
      </symbol>
      <symbol id="sm-104">
         <name>DMA_ChannelControlStructureSet</name>
         <value>0xa57</value>
         <object_component_ref idref="oc-33"/>
      </symbol>
      <symbol id="sm-105">
         <name>DMA_PeripheralInitialization</name>
         <value>0x965</value>
         <object_component_ref idref="oc-33"/>
      </symbol>
      <symbol id="sm-106">
         <name>DMA_ConfigureChannelSoftwareRequest</name>
         <value>0xcc5</value>
         <object_component_ref idref="oc-33"/>
      </symbol>
      <symbol id="sm-107">
         <name>DMA_EnableChannel</name>
         <value>0xa3b</value>
         <object_component_ref idref="oc-33"/>
      </symbol>
      <symbol id="sm-108">
         <name>DMA_ConfigurePriority</name>
         <value>0xd99</value>
         <object_component_ref idref="oc-33"/>
      </symbol>
      <symbol id="sm-109">
         <name>DMA_MemoryToMemory_Transfer</name>
         <value>0xe7d</value>
         <object_component_ref idref="oc-33"/>
      </symbol>
      <symbol id="sm-10a">
         <name>DMA_DisableChannelAttributes</name>
         <value>0x9d9</value>
         <object_component_ref idref="oc-33"/>
      </symbol>
      <symbol id="sm-10b">
         <name>DMA_ConfigureChannelInterrupt</name>
         <value>0xd51</value>
         <object_component_ref idref="oc-33"/>
      </symbol>
      <symbol id="sm-10c">
         <name>DMA_ChannelScatterGatherSet</name>
         <value>0xe9f</value>
         <object_component_ref idref="oc-33"/>
      </symbol>
      <symbol id="sm-10d">
         <name>AlternateDestinationAddressPointerRegisters</name>
         <value>0x19b8</value>
         <object_component_ref idref="oc-b9"/>
      </symbol>
      <symbol id="sm-10e">
         <name>SourceAddressPointerRegisters</name>
         <value>0x1bb8</value>
         <object_component_ref idref="oc-ad"/>
      </symbol>
      <symbol id="sm-10f">
         <name>AlternateSourceAddressPointerRegisters</name>
         <value>0x1a38</value>
         <object_component_ref idref="oc-b6"/>
      </symbol>
      <symbol id="sm-110">
         <name>DMA_DeAssignChannel</name>
         <value>0xe2d</value>
         <object_component_ref idref="oc-33"/>
      </symbol>
      <symbol id="sm-111">
         <name>DMA_ErrorHandler</name>
         <value>0x959</value>
         <object_component_ref idref="oc-33"/>
      </symbol>
      <symbol id="sm-112">
         <name>DMA_RegisterCallbackFunction_ErrorHandler</name>
         <value>0xf37</value>
         <object_component_ref idref="oc-33"/>
      </symbol>
      <symbol id="sm-142">
         <name>DMAChannel30_MemToMem</name>
         <value>0x20000dc8</value>
         <object_component_ref idref="oc-189"/>
      </symbol>
      <symbol id="sm-143">
         <name>DMAChannel28_MemToMem</name>
         <value>0x20000da8</value>
         <object_component_ref idref="oc-18c"/>
      </symbol>
      <symbol id="sm-144">
         <name>Pt_DMAChannel30_MemToMem</name>
         <value>0x20000de8</value>
         <object_component_ref idref="oc-c2"/>
      </symbol>
      <symbol id="sm-145">
         <name>Pt_DMAChannel28_MemToMem</name>
         <value>0x20000dec</value>
         <object_component_ref idref="oc-c2"/>
      </symbol>
      <symbol id="sm-146">
         <name>DMA_ControlTable_PeripheralScatterGatherArr</name>
         <value>0x20000d48</value>
         <object_component_ref idref="oc-c8"/>
      </symbol>
      <symbol id="sm-147">
         <name>DMAChannel29_MemToMem</name>
         <value>0x20000db8</value>
         <object_component_ref idref="oc-18f"/>
      </symbol>
      <symbol id="sm-148">
         <name>Pt_DMAChannel29_MemToMem</name>
         <value>0x20000df0</value>
         <object_component_ref idref="oc-c2"/>
      </symbol>
      <symbol id="sm-149">
         <name>DMA_ControlTable_Arr</name>
         <value>0x20000d18</value>
         <object_component_ref idref="oc-c5"/>
      </symbol>
      <symbol id="sm-203">
         <name>EXTIFIntHandler</name>
         <value>0x2f7</value>
         <object_component_ref idref="oc-9e"/>
      </symbol>
      <symbol id="sm-204">
         <name>EXTIAIntHandler</name>
         <value>0x2a7</value>
         <object_component_ref idref="oc-9e"/>
      </symbol>
      <symbol id="sm-205">
         <name>RegisterCallbackFunction</name>
         <value>0x90b</value>
         <object_component_ref idref="oc-9e"/>
      </symbol>
      <symbol id="sm-206">
         <name>EXTIBIntHandler</name>
         <value>0x2b7</value>
         <object_component_ref idref="oc-9e"/>
      </symbol>
      <symbol id="sm-207">
         <name>EXTICIntHandler</name>
         <value>0x2c7</value>
         <object_component_ref idref="oc-9e"/>
      </symbol>
      <symbol id="sm-208">
         <name>GPIO_EnableAFSEL_GPTM</name>
         <value>0x85d</value>
         <object_component_ref idref="oc-9e"/>
      </symbol>
      <symbol id="sm-209">
         <name>GPIO_EnableAFSEL_UART</name>
         <value>0x8a9</value>
         <object_component_ref idref="oc-9e"/>
      </symbol>
      <symbol id="sm-20a">
         <name>GPIO_TogglePinValue</name>
         <value>0x41f</value>
         <object_component_ref idref="oc-9e"/>
      </symbol>
      <symbol id="sm-20b">
         <name>GPIO_ConfigureCommit</name>
         <value>0x605</value>
         <object_component_ref idref="oc-9e"/>
      </symbol>
      <symbol id="sm-20c">
         <name>GPIO_ConfigureAlternateFunctionSelect</name>
         <value>0x461</value>
         <object_component_ref idref="oc-9e"/>
      </symbol>
      <symbol id="sm-20d">
         <name>GPIO_ConfigureOutputPin</name>
         <value>0x74d</value>
         <object_component_ref idref="oc-9e"/>
      </symbol>
      <symbol id="sm-20e">
         <name>GPIO_ConfigureInterruptMask</name>
         <value>0x6c1</value>
         <object_component_ref idref="oc-9e"/>
      </symbol>
      <symbol id="sm-20f">
         <name>GPIO_ReadBitBandBits</name>
         <value>0x7cd</value>
         <object_component_ref idref="oc-9e"/>
      </symbol>
      <symbol id="sm-210">
         <name>GPIO_EXTIClearInterrupt</name>
         <value>0x67b</value>
         <object_component_ref idref="oc-9e"/>
      </symbol>
      <symbol id="sm-211">
         <name>GPIO_SetData</name>
         <value>0x393</value>
         <object_component_ref idref="oc-9e"/>
      </symbol>
      <symbol id="sm-212">
         <name>GPIO_ConfigurePortControl</name>
         <value>0x50d</value>
         <object_component_ref idref="oc-9e"/>
      </symbol>
      <symbol id="sm-213">
         <name>GPIO_WriteBitBandBits</name>
         <value>0x7f3</value>
         <object_component_ref idref="oc-9e"/>
      </symbol>
      <symbol id="sm-214">
         <name>GPIO_ConfigureAnalogModeSelect</name>
         <value>0x4ed</value>
         <object_component_ref idref="oc-9e"/>
      </symbol>
      <symbol id="sm-215">
         <name>GPIO_BIT_BAND_Registers</name>
         <value>0x20000d90</value>
         <object_component_ref idref="oc-160"/>
      </symbol>
      <symbol id="sm-216">
         <name>GPIO_ConfigureDigitalEnable</name>
         <value>0x565</value>
         <object_component_ref idref="oc-9e"/>
      </symbol>
      <symbol id="sm-217">
         <name>GPIO_ToggleBitBandBits</name>
         <value>0x799</value>
         <object_component_ref idref="oc-9e"/>
      </symbol>
      <symbol id="sm-218">
         <name>GPIO_SetPinStatus</name>
         <value>0x307</value>
         <object_component_ref idref="oc-9e"/>
      </symbol>
      <symbol id="sm-219">
         <name>EXTIDIntHandler</name>
         <value>0x2d7</value>
         <object_component_ref idref="oc-9e"/>
      </symbol>
      <symbol id="sm-21a">
         <name>EXTIEIntHandler</name>
         <value>0x2e7</value>
         <object_component_ref idref="oc-9e"/>
      </symbol>
      <symbol id="sm-222">
         <name>GPIO_ConfigurePin_PF1</name>
         <value>0x20000e34</value>
         <object_component_ref idref="oc-1cd"/>
      </symbol>
      <symbol id="sm-27d">
         <name>NVIC_Set_Pending</name>
         <value>0x1005</value>
         <object_component_ref idref="oc-85"/>
      </symbol>
      <symbol id="sm-27e">
         <name>NVIC_Clear_Pending</name>
         <value>0x103d</value>
         <object_component_ref idref="oc-85"/>
      </symbol>
      <symbol id="sm-27f">
         <name>NVIC_Clear_Interrupt</name>
         <value>0xfcd</value>
         <object_component_ref idref="oc-85"/>
      </symbol>
      <symbol id="sm-280">
         <name>NVIC_Enable_Interrupt</name>
         <value>0xf95</value>
         <object_component_ref idref="oc-85"/>
      </symbol>
      <symbol id="sm-281">
         <name>NVIC_SetPriorityGrouping</name>
         <value>0x1075</value>
         <object_component_ref idref="oc-85"/>
      </symbol>
      <symbol id="sm-282">
         <name>NVIC_AssignPriority</name>
         <value>0x10a1</value>
         <object_component_ref idref="oc-85"/>
      </symbol>
      <symbol id="sm-2c2">
         <name>SC_PWMDIV</name>
         <value>0x1d7f</value>
         <object_component_ref idref="oc-119"/>
      </symbol>
      <symbol id="sm-2c3">
         <name>SC_GetSystemClock</name>
         <value>0x1343</value>
         <object_component_ref idref="oc-7a"/>
      </symbol>
      <symbol id="sm-2c4">
         <name>SC_Initialization</name>
         <value>0x1223</value>
         <object_component_ref idref="oc-7a"/>
      </symbol>
      <symbol id="sm-2c5">
         <name>SC_GetPWMFrequency</name>
         <value>0x13df</value>
         <object_component_ref idref="oc-7a"/>
      </symbol>
      <symbol id="sm-2c6">
         <name>SC_PWMClkIntialization</name>
         <value>0x13ab</value>
         <object_component_ref idref="oc-7a"/>
      </symbol>
      <symbol id="sm-2c7">
         <name>SC_SYSDIV</name>
         <value>0x1d70</value>
         <object_component_ref idref="oc-116"/>
      </symbol>
      <symbol id="sm-2c8">
         <name>SC_ADC_ClkIntialization</name>
         <value>0x140d</value>
         <object_component_ref idref="oc-7a"/>
      </symbol>
      <symbol id="sm-2f7">
         <name>Systick_ClearFlag</name>
         <value>0x1585</value>
         <object_component_ref idref="oc-2d"/>
      </symbol>
      <symbol id="sm-2f8">
         <name>Systick_RegisterCallbackFunction</name>
         <value>0x1527</value>
         <object_component_ref idref="oc-2d"/>
      </symbol>
      <symbol id="sm-2f9">
         <name>SysTickGenerateDelay_Polling</name>
         <value>0x14c1</value>
         <object_component_ref idref="oc-2d"/>
      </symbol>
      <symbol id="sm-2fa">
         <name>SysTickGenerateDelay_Interrupt</name>
         <value>0x1537</value>
         <object_component_ref idref="oc-2d"/>
      </symbol>
      <symbol id="sm-2fb">
         <name>SystickHandler</name>
         <value>0x1495</value>
         <object_component_ref idref="oc-2d"/>
      </symbol>
      <symbol id="sm-2fc">
         <name>SysTickConfigureClockSource</name>
         <value>0x14a5</value>
         <object_component_ref idref="oc-2d"/>
      </symbol>
      <symbol id="sm-308">
         <name>UARTDMA_TxFlag</name>
         <value>0x20000e36</value>
         <object_component_ref idref="oc-a7"/>
      </symbol>
      <symbol id="sm-309">
         <name>UARTDMA_RxFlag</name>
         <value>0x20000e37</value>
         <object_component_ref idref="oc-a7"/>
      </symbol>
      <symbol id="sm-34e">
         <name>SourceBuffer_DMA</name>
         <value>0x20000400</value>
      </symbol>
      <symbol id="sm-34f">
         <name>DestBuffer_DMA</name>
         <value>0x20000000</value>
      </symbol>
      <symbol id="sm-350">
         <name>ListDest</name>
         <value>0x20000c00</value>
      </symbol>
      <symbol id="sm-351">
         <name>ListC</name>
         <value>0x20000e28</value>
         <object_component_ref idref="oc-1a9"/>
      </symbol>
      <symbol id="sm-352">
         <name>ListB</name>
         <value>0x20000e24</value>
         <object_component_ref idref="oc-1a6"/>
      </symbol>
      <symbol id="sm-353">
         <name>ListA</name>
         <value>0x20000e20</value>
         <object_component_ref idref="oc-1a3"/>
      </symbol>
      <symbol id="sm-354">
         <name>ListF</name>
         <value>0x20000e18</value>
         <object_component_ref idref="oc-19e"/>
      </symbol>
      <symbol id="sm-355">
         <name>ListE</name>
         <value>0x20000e10</value>
         <object_component_ref idref="oc-19b"/>
      </symbol>
      <symbol id="sm-356">
         <name>ListD</name>
         <value>0x20000e08</value>
         <object_component_ref idref="oc-195"/>
      </symbol>
      <symbol id="sm-357">
         <name>IndexCounter</name>
         <value>0x20000dfc</value>
         <object_component_ref idref="oc-1d0"/>
      </symbol>
      <symbol id="sm-358">
         <name>charater1</name>
         <value>0x20000df4</value>
         <object_component_ref idref="oc-1d0"/>
      </symbol>
      <symbol id="sm-359">
         <name>main</name>
         <value>0x15a5</value>
         <object_component_ref idref="oc-104"/>
      </symbol>
      <symbol id="sm-35a">
         <name>ptr_charater1</name>
         <value>0x20000df8</value>
         <object_component_ref idref="oc-1d0"/>
      </symbol>
      <symbol id="sm-37b">
         <name>ResetISR</name>
         <value>0x191f</value>
         <object_component_ref idref="oc-27"/>
      </symbol>
      <symbol id="sm-37c">
         <name>g_pfnVectors</name>
         <value>0x0</value>
         <object_component_ref idref="oc-12"/>
      </symbol>
      <symbol id="sm-389">
         <name>__aeabi_uldivmod</name>
         <value>0x16e1</value>
         <object_component_ref idref="oc-80"/>
      </symbol>
      <symbol id="sm-3a0">
         <name>__TI_zero_init</name>
         <value>0x1913</value>
         <object_component_ref idref="oc-59"/>
      </symbol>
      <symbol id="sm-3b7">
         <name>__TI_decompress_none</name>
         <value>0x1905</value>
         <object_component_ref idref="oc-1b"/>
      </symbol>
      <symbol id="sm-3da">
         <name>__TI_decompress_lzss</name>
         <value>0x17f1</value>
         <object_component_ref idref="oc-15"/>
      </symbol>
      <symbol id="sm-3f0">
         <name>rand</name>
         <value>0x18d1</value>
         <object_component_ref idref="oc-1c7"/>
      </symbol>
      <symbol id="sm-403">
         <name>__stack</name>
         <value>0x20000e40</value>
         <object_component_ref idref="oc-24"/>
      </symbol>
      <symbol id="sm-404">
         <name>_c_int00_noargs</name>
         <value>0x189d</value>
         <object_component_ref idref="oc-65"/>
      </symbol>
      <symbol id="sm-40e">
         <name>__aeabi_idiv0</name>
         <value>0x1935</value>
         <object_component_ref idref="oc-123"/>
      </symbol>
      <symbol id="sm-40f">
         <name>__aeabi_ldiv0</name>
         <value>0x1935</value>
         <object_component_ref idref="oc-123"/>
      </symbol>
      <symbol id="sm-42a">
         <name>memcpy</name>
         <value>0x1645</value>
         <object_component_ref idref="oc-47"/>
      </symbol>
      <symbol id="sm-42b">
         <name>__aeabi_memcpy</name>
         <value>0x1645</value>
         <object_component_ref idref="oc-47"/>
      </symbol>
      <symbol id="sm-42c">
         <name>__aeabi_memcpy8</name>
         <value>0x1645</value>
         <object_component_ref idref="oc-47"/>
      </symbol>
      <symbol id="sm-42d">
         <name>__aeabi_memcpy4</name>
         <value>0x1645</value>
         <object_component_ref idref="oc-47"/>
      </symbol>
      <symbol id="sm-43c">
         <name>__aeabi_memset</name>
         <value>0x1779</value>
         <object_component_ref idref="oc-f8"/>
      </symbol>
      <symbol id="sm-43d">
         <name>memset</name>
         <value>0x177f</value>
         <object_component_ref idref="oc-f8"/>
      </symbol>
      <symbol id="sm-43e">
         <name>__aeabi_memset8</name>
         <value>0x1779</value>
         <object_component_ref idref="oc-f8"/>
      </symbol>
      <symbol id="sm-43f">
         <name>__aeabi_memset4</name>
         <value>0x1779</value>
         <object_component_ref idref="oc-f8"/>
      </symbol>
      <symbol id="sm-440">
         <name>__aeabi_memclr8</name>
         <value>0x1777</value>
         <object_component_ref idref="oc-f8"/>
      </symbol>
      <symbol id="sm-441">
         <name>__aeabi_memclr4</name>
         <value>0x1777</value>
         <object_component_ref idref="oc-f8"/>
      </symbol>
      <symbol id="sm-442">
         <name>__aeabi_memclr</name>
         <value>0x1777</value>
         <object_component_ref idref="oc-f8"/>
      </symbol>
      <symbol id="sm-46a">
         <name>__TI_auto_init_nobinit_nopinit</name>
         <value>0x1859</value>
         <object_component_ref idref="oc-1e2"/>
      </symbol>
      <symbol id="sm-474">
         <name>_system_pre_init</name>
         <value>0x192b</value>
         <object_component_ref idref="oc-fe"/>
      </symbol>
      <symbol id="sm-480">
         <name>C$$EXIT</name>
         <value>0x192f</value>
         <object_component_ref idref="oc-1d6"/>
      </symbol>
      <symbol id="sm-481">
         <name>abort</name>
         <value>0x192f</value>
         <object_component_ref idref="oc-1d6"/>
      </symbol>
      <symbol id="sm-496">
         <name>_nop</name>
         <value>0x1933</value>
         <object_component_ref idref="oc-29d"/>
      </symbol>
      <symbol id="sm-497">
         <name>_lock</name>
         <value>0x20000e00</value>
         <object_component_ref idref="oc-26e"/>
      </symbol>
      <symbol id="sm-498">
         <name>_unlock</name>
         <value>0x20000e04</value>
         <object_component_ref idref="oc-26e"/>
      </symbol>
      <symbol id="sm-49a">
         <name>__TI_static_base__</name>
         <value>0x0</value>
      </symbol>
      <symbol id="sm-49d">
         <name>__mpu_init</name>
         <value>0x0</value>
      </symbol>
      <symbol id="sm-49e">
         <name>_system_post_cinit</name>
         <value>0x0</value>
      </symbol>
   </symbol_table>
   <title>Link successful</title>
</link_info>
