******************************************************************************
                  TI ARM Linker PC v20.2.7                     
******************************************************************************
>> Linked Sat Sep 14 15:56:15 2024

OUTPUT FILE NAME:   <HC-05_UART.out>
ENTRY POINT SYMBOL: "_c_int00_noargs"  address: 00000fb5


MEMORY CONFIGURATION

         name            origin    length      used     unused   attr    fill
----------------------  --------  ---------  --------  --------  ----  --------
  FLASH                 00000000   00040000  00001267  0003ed99  R  X
  SRAM                  20000000   00008000  00000928  000076d8  RW X


SEGMENT ALLOCATION MAP

run origin  load origin   length   init length attrs members
----------  ----------- ---------- ----------- ----- -------
00000000    00000000    00001268   00001268    r-x
  00000000    00000000    0000026c   0000026c    r-- .intvecs
  0000026c    0000026c    00000dac   00000dac    r-x .text
  00001018    00001018    000001f7   000001f7    r-- .const
  00001210    00001210    00000058   00000058    r-- .cinit
20000000    20000000    00000928   00000000    rw-
  20000000    20000000    00000500   00000000    rw- .bss
  20000500    20000500    00000228   00000000    rw- .data
  20000728    20000728    00000200   00000000    rw- .stack


SECTION ALLOCATION MAP

 output                                  attributes/
section   page    origin      length       input sections
--------  ----  ----------  ----------   ----------------
.intvecs   0    00000000    0000026c     
                  00000000    0000026c     tm4c123gh6pm_startup_ccs.obj (.intvecs)

.text      0    0000026c    00000dac     
                  0000026c    00000490     DMA.obj (.text)
                  000006fc    00000274     NVIC.obj (.text)
                  00000970    0000024c     SystemControl.obj (.text)
                  00000bbc    00000150     SystickTimer.obj (.text)
                  00000d0c    0000009c     rtsv7M4_T_le_v4SPD16_eabi.lib : memcpy_t2.asm.obj (.text)
                  00000da8    00000096                                   : ull_div_t2.asm.obj (.text)
                  00000e3e    0000007a                                   : memset_t2.asm.obj (.text)
                  00000eb8    00000068                                   : copy_decompress_lzss.c.obj (.text:decompress:lzss:__TI_decompress_lzss)
                  00000f20    00000050     main.obj (.text)
                  00000f70    00000044     rtsv7M4_T_le_v4SPD16_eabi.lib : autoinit.c.obj (.text:__TI_auto_init_nobinit_nopinit:__TI_auto_init_nobinit_nopinit)
                  00000fb4    00000034                                   : boot_cortex_m.c.obj (.text:_c_int00_noargs:_c_int00_noargs)
                  00000fe8    0000000e                                   : copy_decompress_none.c.obj (.text:decompress:none:__TI_decompress_none)
                  00000ff6    0000000c                                   : copy_zero_init.c.obj (.text:decompress:ZI:__TI_zero_init)
                  00001002    0000000c     tm4c123gh6pm_startup_ccs.obj (.text)
                  0000100e    00000004     rtsv7M4_T_le_v4SPD16_eabi.lib : pre_init.c.obj (.text:_system_pre_init)
                  00001012    00000004                                   : exit.c.obj (.text:abort:abort)
                  00001016    00000002                                   : div0.asm.obj (.text)

.const     0    00001018    000001f7     
                  00001018    00000080     DMA.obj (.const:DMA_ChannelControlWordRegisters)
                  00001098    00000080     DMA.obj (.const:DestinationAddressPointerRegisters)
                  00001118    00000080     DMA.obj (.const:SourceAddressPointerRegisters)
                  00001198    00000020     NVIC.obj (.const:Interrupt_Priority_Register)
                  000011b8    00000010     NVIC.obj (.const:Clear_Pending_Register)
                  000011c8    00000010     NVIC.obj (.const:Interrupt_Clear_Registers)
                  000011d8    00000010     NVIC.obj (.const:Interrupt_Enable_Registers)
                  000011e8    00000010     NVIC.obj (.const:Set_Pending_Register)
                  000011f8    0000000f     SystemControl.obj (.const:.string:SC_SYSDIV)
                  00001207    00000008     SystemControl.obj (.const:.string:SC_PWMDIV)

.cinit     0    00001210    00000058     
                  00001210    0000002f     (.cinit..data.load) [load image, compression = lzss]
                  0000123f    00000001     --HOLE-- [fill = 0]
                  00001240    0000000c     (__TI_handler_table)
                  0000124c    00000004     --HOLE-- [fill = 0]
                  00001250    00000008     (.cinit..bss.load) [load image, compression = zero_init]
                  00001258    00000010     (__TI_cinit_table)

.init_array 
*          0    00000000    00000000     UNINITIALIZED

.bss       0    20000000    00000500     UNINITIALIZED
                  20000000    00000400     (.common:ui8ControlTable)
                  20000400    00000100     (.common:DestBuffer_DMA)

.data      0    20000500    00000228     UNINITIALIZED
                  20000500    00000100     main.obj (.data:SourceBuffer_DMA)
                  20000600    00000080     DMA.obj (.data:DMA_ErrorHandler_Callback)
                  20000680    00000080     DMA.obj (.data:DMA_SoftwareTransfer_Callback)
                  20000700    00000010     DMA_config.obj (.data:DMAChannel30_MemToMem)
                  20000710    00000010     DMA.obj (.data:DMA_ChannelMapSelectRegisters)
                  20000720    00000004     DMA_config.obj (.data)
                  20000724    00000004     SystickTimer.obj (.data)

.stack     0    20000728    00000200     UNINITIALIZED
                  20000728    00000004     rtsv7M4_T_le_v4SPD16_eabi.lib : boot_cortex_m.c.obj (.stack)
                  2000072c    000001fc     --HOLE--

__llvm_prf_cnts 
*          0    20000000    00000000     UNINITIALIZED

MODULE SUMMARY

       Module                         code   ro data   rw data
       ------                         ----   -------   -------
    .\
       DMA.obj                        1168   384       1296   
       NVIC.obj                       628    96        0      
       tm4c123gh6pm_startup_ccs.obj   12     620       0      
       SystemControl.obj              588    23        0      
       main.obj                       80     0         512    
       SystickTimer.obj               336    0         4      
       DMA_config.obj                 0      0         20     
    +--+------------------------------+------+---------+---------+
       Total:                         2812   1123      1832   
                                                              
    D:\CodeComposer\ccs\tools\compiler\ti-cgt-arm_20.2.7.LTS\lib\rtsv7M4_T_le_v4SPD16_eabi.lib
       memcpy_t2.asm.obj              156    0         0      
       ull_div_t2.asm.obj             150    0         0      
       memset_t2.asm.obj              122    0         0      
       copy_decompress_lzss.c.obj     104    0         0      
       autoinit.c.obj                 68     0         0      
       boot_cortex_m.c.obj            52     0         0      
       copy_decompress_none.c.obj     14     0         0      
       copy_zero_init.c.obj           12     0         0      
       exit.c.obj                     4      0         0      
       pre_init.c.obj                 4      0         0      
       div0.asm.obj                   2      0         0      
    +--+------------------------------+------+---------+---------+
       Total:                         688    0         0      
                                                              
       Stack:                         0      0         512    
       Linker Generated:              0      83        0      
    +--+------------------------------+------+---------+---------+
       Grand Total:                   3500   1206      2344   


LINKER GENERATED COPY TABLES

__TI_cinit_table @ 00001258 records: 2, size/record: 8, table size: 16
	.data: load addr=00001210, load size=0000002f bytes, run addr=20000500, run size=00000228 bytes, compression=lzss
	.bss: load addr=00001250, load size=00000008 bytes, run addr=20000000, run size=00000500 bytes, compression=zero_init


LINKER GENERATED HANDLER TABLE

__TI_handler_table @ 00001240 records: 3, size/record: 4, table size: 12
	index: 0, handler: __TI_decompress_lzss
	index: 1, handler: __TI_decompress_none
	index: 2, handler: __TI_zero_init


GLOBAL SYMBOLS: SORTED ALPHABETICALLY BY Name 

address   name                                         
-------   ----                                         
00001013  C$$EXIT                                      
20000700  DMAChannel30_MemToMem                        
000005cd  DMA_AssignChannel                            
0000039f  DMA_ChannelControlStructureSet               
0000051d  DMA_ConfigureChannelInterrupt                
000004a9  DMA_ConfigureChannelSoftwareRequest          
0000036b  DMA_ConfigureControlTableBaseAddress         
000004ed  DMA_ConfigurePeripheralInterrupt             
00000571  DMA_ConfigurePriority                        
00000625  DMA_DeAssignChannel                          
00000321  DMA_DisableChannelAttributes                 
00000383  DMA_EnableChannel                            
000002c9  DMA_EnableChannelAttributes                  
00000299  DMA_ErrorHandler                             
0000067d  DMA_MemoryToMemory_Transfer                  
000002a5  DMA_PeripheralInitialization                 
000006bd  DMA_RegisterCallbackFunction_ErrorHandler    
0000069f  DMA_RegisterCallbackFunction_SoftwareTransfer
0000026d  DMA_SoftwareTransferHandler                  
20000400  DestBuffer_DMA                               
00001098  DestinationAddressPointerRegisters           
00000809  NVIC_AssignPriority                          
00000735  NVIC_Clear_Interrupt                         
000007a5  NVIC_Clear_Pending                           
000006fd  NVIC_Enable_Interrupt                        
000007dd  NVIC_SetPriorityGrouping                     
0000076d  NVIC_Set_Pending                             
20000720  Pt_DMAChannel30_MemToMem                     
00001003  ResetISR                                     
00000b75  SC_ADC_ClkIntialization                      
00000b47  SC_GetPWMFrequency                           
00000aab  SC_GetSystemClock                            
0000098b  SC_Initialization                            
00000b13  SC_PWMClkIntialization                       
00001207  SC_PWMDIV                                    
000011f8  SC_SYSDIV                                    
00001118  SourceAddressPointerRegisters                
20000500  SourceBuffer_DMA                             
00000c0d  SysTickConfigureClockSource                  
00000c9f  SysTickGenerateDelay_Interrupt               
00000c29  SysTickGenerateDelay_Polling                 
00000bfd  SystickHandler                               
00000ced  Systick_ClearFlag                            
00000c8f  Systick_RegisterCallbackFunction             
20000928  __STACK_END                                  
00000200  __STACK_SIZE                                 
20000928  __STACK_TOP                                  
00001258  __TI_CINIT_Base                              
00001268  __TI_CINIT_Limit                             
00001240  __TI_Handler_Table_Base                      
0000124c  __TI_Handler_Table_Limit                     
00000f71  __TI_auto_init_nobinit_nopinit               
00000eb9  __TI_decompress_lzss                         
00000fe9  __TI_decompress_none                         
ffffffff  __TI_pprof_out_hndl                          
ffffffff  __TI_prof_data_size                          
ffffffff  __TI_prof_data_start                         
00000000  __TI_static_base__                           
00000ff7  __TI_zero_init                               
00001017  __aeabi_idiv0                                
00001017  __aeabi_ldiv0                                
00000e3f  __aeabi_memclr                               
00000e3f  __aeabi_memclr4                              
00000e3f  __aeabi_memclr8                              
00000d0d  __aeabi_memcpy                               
00000d0d  __aeabi_memcpy4                              
00000d0d  __aeabi_memcpy8                              
00000e41  __aeabi_memset                               
00000e41  __aeabi_memset4                              
00000e41  __aeabi_memset8                              
00000da9  __aeabi_uldivmod                             
ffffffff  __binit__                                    
ffffffff  __c_args__                                   
UNDEFED   __mpu_init                                   
20000728  __stack                                      
20000000  __start___llvm_prf_cnts                      
20000000  __stop___llvm_prf_cnts                       
00000fb5  _c_int00_noargs                              
UNDEFED   _system_post_cinit                           
0000100f  _system_pre_init                             
00001013  abort                                        
ffffffff  binit                                        
00000000  g_pfnVectors                                 
00000f21  main                                         
00000d0d  memcpy                                       
00000e47  memset                                       
20000000  ui8ControlTable                              


GLOBAL SYMBOLS: SORTED BY Symbol Address 

address   name                                         
-------   ----                                         
00000000  __TI_static_base__                           
00000000  g_pfnVectors                                 
00000200  __STACK_SIZE                                 
0000026d  DMA_SoftwareTransferHandler                  
00000299  DMA_ErrorHandler                             
000002a5  DMA_PeripheralInitialization                 
000002c9  DMA_EnableChannelAttributes                  
00000321  DMA_DisableChannelAttributes                 
0000036b  DMA_ConfigureControlTableBaseAddress         
00000383  DMA_EnableChannel                            
0000039f  DMA_ChannelControlStructureSet               
000004a9  DMA_ConfigureChannelSoftwareRequest          
000004ed  DMA_ConfigurePeripheralInterrupt             
0000051d  DMA_ConfigureChannelInterrupt                
00000571  DMA_ConfigurePriority                        
000005cd  DMA_AssignChannel                            
00000625  DMA_DeAssignChannel                          
0000067d  DMA_MemoryToMemory_Transfer                  
0000069f  DMA_RegisterCallbackFunction_SoftwareTransfer
000006bd  DMA_RegisterCallbackFunction_ErrorHandler    
000006fd  NVIC_Enable_Interrupt                        
00000735  NVIC_Clear_Interrupt                         
0000076d  NVIC_Set_Pending                             
000007a5  NVIC_Clear_Pending                           
000007dd  NVIC_SetPriorityGrouping                     
00000809  NVIC_AssignPriority                          
0000098b  SC_Initialization                            
00000aab  SC_GetSystemClock                            
00000b13  SC_PWMClkIntialization                       
00000b47  SC_GetPWMFrequency                           
00000b75  SC_ADC_ClkIntialization                      
00000bfd  SystickHandler                               
00000c0d  SysTickConfigureClockSource                  
00000c29  SysTickGenerateDelay_Polling                 
00000c8f  Systick_RegisterCallbackFunction             
00000c9f  SysTickGenerateDelay_Interrupt               
00000ced  Systick_ClearFlag                            
00000d0d  __aeabi_memcpy                               
00000d0d  __aeabi_memcpy4                              
00000d0d  __aeabi_memcpy8                              
00000d0d  memcpy                                       
00000da9  __aeabi_uldivmod                             
00000e3f  __aeabi_memclr                               
00000e3f  __aeabi_memclr4                              
00000e3f  __aeabi_memclr8                              
00000e41  __aeabi_memset                               
00000e41  __aeabi_memset4                              
00000e41  __aeabi_memset8                              
00000e47  memset                                       
00000eb9  __TI_decompress_lzss                         
00000f21  main                                         
00000f71  __TI_auto_init_nobinit_nopinit               
00000fb5  _c_int00_noargs                              
00000fe9  __TI_decompress_none                         
00000ff7  __TI_zero_init                               
00001003  ResetISR                                     
0000100f  _system_pre_init                             
00001013  C$$EXIT                                      
00001013  abort                                        
00001017  __aeabi_idiv0                                
00001017  __aeabi_ldiv0                                
00001098  DestinationAddressPointerRegisters           
00001118  SourceAddressPointerRegisters                
000011f8  SC_SYSDIV                                    
00001207  SC_PWMDIV                                    
00001240  __TI_Handler_Table_Base                      
0000124c  __TI_Handler_Table_Limit                     
00001258  __TI_CINIT_Base                              
00001268  __TI_CINIT_Limit                             
20000000  __start___llvm_prf_cnts                      
20000000  __stop___llvm_prf_cnts                       
20000000  ui8ControlTable                              
20000400  DestBuffer_DMA                               
20000500  SourceBuffer_DMA                             
20000700  DMAChannel30_MemToMem                        
20000720  Pt_DMAChannel30_MemToMem                     
20000728  __stack                                      
20000928  __STACK_END                                  
20000928  __STACK_TOP                                  
ffffffff  __TI_pprof_out_hndl                          
ffffffff  __TI_prof_data_size                          
ffffffff  __TI_prof_data_start                         
ffffffff  __binit__                                    
ffffffff  __c_args__                                   
ffffffff  binit                                        
UNDEFED   __mpu_init                                   
UNDEFED   _system_post_cinit                           

[87 symbols]
