<?xml version="1.0" encoding="ISO-8859-1" ?>
<link_info>
   <banner>TI ARM Linker PC v20.2.7.LTS</banner>
   <copyright>Copyright (c) 1996-2018 Texas Instruments Incorporated</copyright>
   <link_time>0x66e5c7da</link_time>
   <link_errors>0x0</link_errors>
   <output_file>HC-05_UART.out</output_file>
   <entry_point>
      <name>_c_int00_noargs</name>
      <address>0x23b1</address>
   </entry_point>
   <input_file_list>
      <input_file id="fl-2">
         <path>.\</path>
         <kind>object</kind>
         <file>DMA.obj</file>
         <name>DMA.obj</name>
      </input_file>
      <input_file id="fl-3">
         <path>.\</path>
         <kind>object</kind>
         <file>DMA_config.obj</file>
         <name>DMA_config.obj</name>
      </input_file>
      <input_file id="fl-4">
         <path>.\</path>
         <kind>object</kind>
         <file>GPIO.obj</file>
         <name>GPIO.obj</name>
      </input_file>
      <input_file id="fl-5">
         <path>.\</path>
         <kind>object</kind>
         <file>GPIO_config.obj</file>
         <name>GPIO_config.obj</name>
      </input_file>
      <input_file id="fl-6">
         <path>.\</path>
         <kind>object</kind>
         <file>GPTM.obj</file>
         <name>GPTM.obj</name>
      </input_file>
      <input_file id="fl-7">
         <path>.\</path>
         <kind>object</kind>
         <file>GPTM_config.obj</file>
         <name>GPTM_config.obj</name>
      </input_file>
      <input_file id="fl-8">
         <path>.\</path>
         <kind>object</kind>
         <file>HC-05.obj</file>
         <name>HC-05.obj</name>
      </input_file>
      <input_file id="fl-9">
         <path>.\</path>
         <kind>object</kind>
         <file>NVIC.obj</file>
         <name>NVIC.obj</name>
      </input_file>
      <input_file id="fl-a">
         <path>.\</path>
         <kind>object</kind>
         <file>SystemControl.obj</file>
         <name>SystemControl.obj</name>
      </input_file>
      <input_file id="fl-b">
         <path>.\</path>
         <kind>object</kind>
         <file>SystemControl_Config.obj</file>
         <name>SystemControl_Config.obj</name>
      </input_file>
      <input_file id="fl-c">
         <path>.\</path>
         <kind>object</kind>
         <file>SystickTimer.obj</file>
         <name>SystickTimer.obj</name>
      </input_file>
      <input_file id="fl-d">
         <path>.\</path>
         <kind>object</kind>
         <file>UART.obj</file>
         <name>UART.obj</name>
      </input_file>
      <input_file id="fl-e">
         <path>.\</path>
         <kind>object</kind>
         <file>UART_config.obj</file>
         <name>UART_config.obj</name>
      </input_file>
      <input_file id="fl-f">
         <path>.\</path>
         <kind>object</kind>
         <file>main.obj</file>
         <name>main.obj</name>
      </input_file>
      <input_file id="fl-10">
         <path>.\</path>
         <kind>object</kind>
         <file>tm4c123gh6pm_startup_ccs.obj</file>
         <name>tm4c123gh6pm_startup_ccs.obj</name>
      </input_file>
      <input_file id="fl-14">
         <kind>object</kind>
         <file>&lt;internal&gt;</file>
         <name>&lt;internal&gt;</name>
      </input_file>
      <input_file id="fl-ca">
         <path>D:\CodeComposer\ccs\tools\compiler\ti-cgt-arm_20.2.7.LTS\lib\</path>
         <kind>archive</kind>
         <file>rtsv7M4_T_le_v4SPD16_eabi.lib</file>
         <name>ull_div_t2.asm.obj</name>
      </input_file>
      <input_file id="fl-cb">
         <path>D:\CodeComposer\ccs\tools\compiler\ti-cgt-arm_20.2.7.LTS\lib\</path>
         <kind>archive</kind>
         <file>rtsv7M4_T_le_v4SPD16_eabi.lib</file>
         <name>copy_zero_init.c.obj</name>
      </input_file>
      <input_file id="fl-cc">
         <path>D:\CodeComposer\ccs\tools\compiler\ti-cgt-arm_20.2.7.LTS\lib\</path>
         <kind>archive</kind>
         <file>rtsv7M4_T_le_v4SPD16_eabi.lib</file>
         <name>copy_decompress_none.c.obj</name>
      </input_file>
      <input_file id="fl-cd">
         <path>D:\CodeComposer\ccs\tools\compiler\ti-cgt-arm_20.2.7.LTS\lib\</path>
         <kind>archive</kind>
         <file>rtsv7M4_T_le_v4SPD16_eabi.lib</file>
         <name>copy_decompress_lzss.c.obj</name>
      </input_file>
      <input_file id="fl-ce">
         <path>D:\CodeComposer\ccs\tools\compiler\ti-cgt-arm_20.2.7.LTS\lib\</path>
         <kind>archive</kind>
         <file>rtsv7M4_T_le_v4SPD16_eabi.lib</file>
         <name>boot_cortex_m.c.obj</name>
      </input_file>
      <input_file id="fl-cf">
         <path>D:\CodeComposer\ccs\tools\compiler\ti-cgt-arm_20.2.7.LTS\lib\</path>
         <kind>archive</kind>
         <file>rtsv7M4_T_le_v4SPD16_eabi.lib</file>
         <name>div0.asm.obj</name>
      </input_file>
      <input_file id="fl-d0">
         <path>D:\CodeComposer\ccs\tools\compiler\ti-cgt-arm_20.2.7.LTS\lib\</path>
         <kind>archive</kind>
         <file>rtsv7M4_T_le_v4SPD16_eabi.lib</file>
         <name>memcpy_t2.asm.obj</name>
      </input_file>
      <input_file id="fl-d1">
         <path>D:\CodeComposer\ccs\tools\compiler\ti-cgt-arm_20.2.7.LTS\lib\</path>
         <kind>archive</kind>
         <file>rtsv7M4_T_le_v4SPD16_eabi.lib</file>
         <name>memset_t2.asm.obj</name>
      </input_file>
      <input_file id="fl-d2">
         <path>D:\CodeComposer\ccs\tools\compiler\ti-cgt-arm_20.2.7.LTS\lib\</path>
         <kind>archive</kind>
         <file>rtsv7M4_T_le_v4SPD16_eabi.lib</file>
         <name>autoinit.c.obj</name>
      </input_file>
      <input_file id="fl-d3">
         <path>D:\CodeComposer\ccs\tools\compiler\ti-cgt-arm_20.2.7.LTS\lib\</path>
         <kind>archive</kind>
         <file>rtsv7M4_T_le_v4SPD16_eabi.lib</file>
         <name>pre_init.c.obj</name>
      </input_file>
      <input_file id="fl-d4">
         <path>D:\CodeComposer\ccs\tools\compiler\ti-cgt-arm_20.2.7.LTS\lib\</path>
         <kind>archive</kind>
         <file>rtsv7M4_T_le_v4SPD16_eabi.lib</file>
         <name>cpy_tbl.c.obj</name>
      </input_file>
      <input_file id="fl-d5">
         <path>D:\CodeComposer\ccs\tools\compiler\ti-cgt-arm_20.2.7.LTS\lib\</path>
         <kind>archive</kind>
         <file>rtsv7M4_T_le_v4SPD16_eabi.lib</file>
         <name>exit.c.obj</name>
      </input_file>
      <input_file id="fl-d6">
         <path>D:\CodeComposer\ccs\tools\compiler\ti-cgt-arm_20.2.7.LTS\lib\</path>
         <kind>archive</kind>
         <file>rtsv7M4_T_le_v4SPD16_eabi.lib</file>
         <name>_lock.c.obj</name>
      </input_file>
      <input_file id="fl-d7">
         <path>D:\CodeComposer\ccs\tools\compiler\ti-cgt-arm_20.2.7.LTS\lib\</path>
         <kind>archive</kind>
         <file>rtsv7M4_T_le_v4SPD16_eabi.lib</file>
         <name>args_main.c.obj</name>
      </input_file>
   </input_file_list>
   <object_component_list>
      <object_component id="oc-12">
         <name>.intvecs</name>
         <load_address>0x0</load_address>
         <run_address>0x0</run_address>
         <size>0x26c</size>
         <input_file_ref idref="fl-10"/>
      </object_component>
      <object_component id="oc-178">
         <name>.text</name>
         <load_address>0x26c</load_address>
         <run_address>0x26c</run_address>
         <size>0x96c</size>
         <input_file_ref idref="fl-d"/>
      </object_component>
      <object_component id="oc-1fa">
         <name>.text</name>
         <load_address>0xbd8</load_address>
         <run_address>0xbd8</run_address>
         <size>0x634</size>
         <input_file_ref idref="fl-4"/>
      </object_component>
      <object_component id="oc-33">
         <name>.text</name>
         <load_address>0x120c</load_address>
         <run_address>0x120c</run_address>
         <size>0x4e0</size>
         <input_file_ref idref="fl-2"/>
      </object_component>
      <object_component id="oc-21b">
         <name>.text</name>
         <load_address>0x16ec</load_address>
         <run_address>0x16ec</run_address>
         <size>0x410</size>
         <input_file_ref idref="fl-6"/>
      </object_component>
      <object_component id="oc-85">
         <name>.text</name>
         <load_address>0x1afc</load_address>
         <run_address>0x1afc</run_address>
         <size>0x274</size>
         <input_file_ref idref="fl-9"/>
      </object_component>
      <object_component id="oc-7a">
         <name>.text</name>
         <load_address>0x1d70</load_address>
         <run_address>0x1d70</run_address>
         <size>0x24c</size>
         <input_file_ref idref="fl-a"/>
      </object_component>
      <object_component id="oc-2d">
         <name>.text</name>
         <load_address>0x1fbc</load_address>
         <run_address>0x1fbc</run_address>
         <size>0x150</size>
         <input_file_ref idref="fl-c"/>
      </object_component>
      <object_component id="oc-47">
         <name>.text</name>
         <load_address>0x210c</load_address>
         <run_address>0x210c</run_address>
         <size>0x9c</size>
         <input_file_ref idref="fl-d0"/>
      </object_component>
      <object_component id="oc-80">
         <name>.text</name>
         <load_address>0x21a8</load_address>
         <run_address>0x21a8</run_address>
         <size>0x96</size>
         <input_file_ref idref="fl-ca"/>
      </object_component>
      <object_component id="oc-ec">
         <name>.text</name>
         <load_address>0x223e</load_address>
         <run_address>0x223e</run_address>
         <size>0x7a</size>
         <input_file_ref idref="fl-d1"/>
      </object_component>
      <object_component id="oc-15">
         <name>.text:decompress:lzss:__TI_decompress_lzss</name>
         <load_address>0x22b8</load_address>
         <run_address>0x22b8</run_address>
         <size>0x68</size>
         <input_file_ref idref="fl-cd"/>
      </object_component>
      <object_component id="oc-f8">
         <name>.text</name>
         <load_address>0x2320</load_address>
         <run_address>0x2320</run_address>
         <size>0x4c</size>
         <input_file_ref idref="fl-f"/>
      </object_component>
      <object_component id="oc-194">
         <name>.text:__TI_auto_init_nobinit_nopinit:__TI_auto_init_nobinit_nopinit</name>
         <load_address>0x236c</load_address>
         <run_address>0x236c</run_address>
         <size>0x44</size>
         <input_file_ref idref="fl-d2"/>
      </object_component>
      <object_component id="oc-65">
         <name>.text:_c_int00_noargs:_c_int00_noargs</name>
         <load_address>0x23b0</load_address>
         <run_address>0x23b0</run_address>
         <size>0x34</size>
         <input_file_ref idref="fl-ce"/>
      </object_component>
      <object_component id="oc-1b">
         <name>.text:decompress:none:__TI_decompress_none</name>
         <load_address>0x23e4</load_address>
         <run_address>0x23e4</run_address>
         <size>0xe</size>
         <input_file_ref idref="fl-cc"/>
      </object_component>
      <object_component id="oc-59">
         <name>.text:decompress:ZI:__TI_zero_init</name>
         <load_address>0x23f2</load_address>
         <run_address>0x23f2</run_address>
         <size>0xc</size>
         <input_file_ref idref="fl-cb"/>
      </object_component>
      <object_component id="oc-27">
         <name>.text</name>
         <load_address>0x23fe</load_address>
         <run_address>0x23fe</run_address>
         <size>0xc</size>
         <input_file_ref idref="fl-10"/>
      </object_component>
      <object_component id="oc-f2">
         <name>.text:_system_pre_init</name>
         <load_address>0x240a</load_address>
         <run_address>0x240a</run_address>
         <size>0x4</size>
         <input_file_ref idref="fl-d3"/>
      </object_component>
      <object_component id="oc-188">
         <name>.text:abort:abort</name>
         <load_address>0x240e</load_address>
         <run_address>0x240e</run_address>
         <size>0x4</size>
         <input_file_ref idref="fl-d5"/>
      </object_component>
      <object_component id="oc-117">
         <name>.text</name>
         <load_address>0x2412</load_address>
         <run_address>0x2412</run_address>
         <size>0x2</size>
         <input_file_ref idref="fl-cf"/>
      </object_component>
      <object_component id="oc-b9">
         <name>.const:AlternateDestinationAddressPointerRegisters</name>
         <load_address>0x2414</load_address>
         <run_address>0x2414</run_address>
         <size>0x80</size>
         <input_file_ref idref="fl-2"/>
      </object_component>
      <object_component id="oc-b6">
         <name>.const:AlternateSourceAddressPointerRegisters</name>
         <load_address>0x2494</load_address>
         <run_address>0x2494</run_address>
         <size>0x80</size>
         <input_file_ref idref="fl-2"/>
      </object_component>
      <object_component id="oc-b3">
         <name>.const:DMA_ChannelControlWordRegisters</name>
         <load_address>0x2514</load_address>
         <run_address>0x2514</run_address>
         <size>0x80</size>
         <input_file_ref idref="fl-2"/>
      </object_component>
      <object_component id="oc-b0">
         <name>.const:DestinationAddressPointerRegisters</name>
         <load_address>0x2594</load_address>
         <run_address>0x2594</run_address>
         <size>0x80</size>
         <input_file_ref idref="fl-2"/>
      </object_component>
      <object_component id="oc-aa">
         <name>.const:SourceAddressPointerRegisters</name>
         <load_address>0x2614</load_address>
         <run_address>0x2614</run_address>
         <size>0x80</size>
         <input_file_ref idref="fl-2"/>
      </object_component>
      <object_component id="oc-2de">
         <name>.const:GPTM_TimerMode</name>
         <load_address>0x2694</load_address>
         <run_address>0x2694</run_address>
         <size>0x60</size>
         <input_file_ref idref="fl-6"/>
      </object_component>
      <object_component id="oc-2db">
         <name>.const:GPTM_ConfigurationRegisters</name>
         <load_address>0x26f4</load_address>
         <run_address>0x26f4</run_address>
         <size>0x30</size>
         <input_file_ref idref="fl-6"/>
      </object_component>
      <object_component id="oc-2d8">
         <name>.const:GPTM_Control</name>
         <load_address>0x2724</load_address>
         <run_address>0x2724</run_address>
         <size>0x30</size>
         <input_file_ref idref="fl-6"/>
      </object_component>
      <object_component id="oc-2f0">
         <name>.const:GPTM_ICRRegisters</name>
         <load_address>0x2754</load_address>
         <run_address>0x2754</run_address>
         <size>0x30</size>
         <input_file_ref idref="fl-6"/>
      </object_component>
      <object_component id="oc-2ed">
         <name>.const:GPTM_RISRegisters</name>
         <load_address>0x2784</load_address>
         <run_address>0x2784</run_address>
         <size>0x30</size>
         <input_file_ref idref="fl-6"/>
      </object_component>
      <object_component id="oc-17e">
         <name>.const:GPIO_AFSELUARTConfig_ArrPtrStruct</name>
         <load_address>0x27b4</load_address>
         <run_address>0x27b4</run_address>
         <size>0x20</size>
         <input_file_ref idref="fl-5"/>
      </object_component>
      <object_component id="oc-129">
         <name>.const:Interrupt_Priority_Register</name>
         <load_address>0x27d4</load_address>
         <run_address>0x27d4</run_address>
         <size>0x20</size>
         <input_file_ref idref="fl-9"/>
      </object_component>
      <object_component id="oc-218">
         <name>.const:UART_ClockConfigurationRegisters</name>
         <load_address>0x27f4</load_address>
         <run_address>0x27f4</run_address>
         <size>0x20</size>
         <input_file_ref idref="fl-d"/>
      </object_component>
      <object_component id="oc-20c">
         <name>.const:UART_ControlRegisters</name>
         <load_address>0x2814</load_address>
         <run_address>0x2814</run_address>
         <size>0x20</size>
         <input_file_ref idref="fl-d"/>
      </object_component>
      <object_component id="oc-22d">
         <name>.const:UART_DMAControlRegisters</name>
         <load_address>0x2834</load_address>
         <run_address>0x2834</run_address>
         <size>0x20</size>
         <input_file_ref idref="fl-d"/>
      </object_component>
      <object_component id="oc-227">
         <name>.const:UART_DataRegisters</name>
         <load_address>0x2854</load_address>
         <run_address>0x2854</run_address>
         <size>0x20</size>
         <input_file_ref idref="fl-d"/>
      </object_component>
      <object_component id="oc-224">
         <name>.const:UART_FlagRegisters</name>
         <load_address>0x2874</load_address>
         <run_address>0x2874</run_address>
         <size>0x20</size>
         <input_file_ref idref="fl-d"/>
      </object_component>
      <object_component id="oc-212">
         <name>.const:UART_FractionalBaudRateDivisorRegisters</name>
         <load_address>0x2894</load_address>
         <run_address>0x2894</run_address>
         <size>0x20</size>
         <input_file_ref idref="fl-d"/>
      </object_component>
      <object_component id="oc-20f">
         <name>.const:UART_IntegerBaudRateDivisorRegisters</name>
         <load_address>0x28b4</load_address>
         <run_address>0x28b4</run_address>
         <size>0x20</size>
         <input_file_ref idref="fl-d"/>
      </object_component>
      <object_component id="oc-221">
         <name>.const:UART_InterruptMaskRegisters</name>
         <load_address>0x28d4</load_address>
         <run_address>0x28d4</run_address>
         <size>0x20</size>
         <input_file_ref idref="fl-d"/>
      </object_component>
      <object_component id="oc-215">
         <name>.const:UART_LineControlRegisters</name>
         <load_address>0x28f4</load_address>
         <run_address>0x28f4</run_address>
         <size>0x20</size>
         <input_file_ref idref="fl-d"/>
      </object_component>
      <object_component id="oc-1eb">
         <name>.const:UART_MaskedInterruptStatusRegisters</name>
         <load_address>0x2914</load_address>
         <run_address>0x2914</run_address>
         <size>0x20</size>
         <input_file_ref idref="fl-d"/>
      </object_component>
      <object_component id="oc-2ad">
         <name>.const:GPIO_AlternateFunctionSelect_Registers</name>
         <load_address>0x2934</load_address>
         <run_address>0x2934</run_address>
         <size>0x18</size>
         <input_file_ref idref="fl-4"/>
      </object_component>
      <object_component id="oc-2aa">
         <name>.const:GPIO_Data_Registers</name>
         <load_address>0x294c</load_address>
         <run_address>0x294c</run_address>
         <size>0x18</size>
         <input_file_ref idref="fl-4"/>
      </object_component>
      <object_component id="oc-2b3">
         <name>.const:GPIO_DigitalEnable_Registers</name>
         <load_address>0x2964</load_address>
         <run_address>0x2964</run_address>
         <size>0x18</size>
         <input_file_ref idref="fl-4"/>
      </object_component>
      <object_component id="oc-2bc">
         <name>.const:GPIO_InterruptClear_Registers</name>
         <load_address>0x297c</load_address>
         <run_address>0x297c</run_address>
         <size>0x18</size>
         <input_file_ref idref="fl-4"/>
      </object_component>
      <object_component id="oc-2bf">
         <name>.const:GPIO_InterruptMask_Registers</name>
         <load_address>0x2994</load_address>
         <run_address>0x2994</run_address>
         <size>0x18</size>
         <input_file_ref idref="fl-4"/>
      </object_component>
      <object_component id="oc-2b6">
         <name>.const:GPIO_LOCK_Registers</name>
         <load_address>0x29ac</load_address>
         <run_address>0x29ac</run_address>
         <size>0x18</size>
         <input_file_ref idref="fl-4"/>
      </object_component>
      <object_component id="oc-2b0">
         <name>.const:GPIO_PortControl_Registers</name>
         <load_address>0x29c4</load_address>
         <run_address>0x29c4</run_address>
         <size>0x18</size>
         <input_file_ref idref="fl-4"/>
      </object_component>
      <object_component id="oc-2b9">
         <name>.const:GPIO_Port_Commit</name>
         <load_address>0x29dc</load_address>
         <run_address>0x29dc</run_address>
         <size>0x18</size>
         <input_file_ref idref="fl-4"/>
      </object_component>
      <object_component id="oc-2e7">
         <name>.const:GPTM_32BitTimerB_IntervalLoad</name>
         <load_address>0x29f4</load_address>
         <run_address>0x29f4</run_address>
         <size>0x18</size>
         <input_file_ref idref="fl-6"/>
      </object_component>
      <object_component id="oc-2ea">
         <name>.const:GPTM_32BitTimerB_Match</name>
         <load_address>0x2a0c</load_address>
         <run_address>0x2a0c</run_address>
         <size>0x18</size>
         <input_file_ref idref="fl-6"/>
      </object_component>
      <object_component id="oc-2e1">
         <name>.const:GPTM_32_64_BitTimerA_IntervalLoad</name>
         <load_address>0x2a24</load_address>
         <run_address>0x2a24</run_address>
         <size>0x18</size>
         <input_file_ref idref="fl-6"/>
      </object_component>
      <object_component id="oc-2e4">
         <name>.const:GPTM_32_64_BitTimerA_Match</name>
         <load_address>0x2a3c</load_address>
         <run_address>0x2a3c</run_address>
         <size>0x18</size>
         <input_file_ref idref="fl-6"/>
      </object_component>
      <object_component id="oc-126">
         <name>.const:Clear_Pending_Register</name>
         <load_address>0x2a54</load_address>
         <run_address>0x2a54</run_address>
         <size>0x10</size>
         <input_file_ref idref="fl-9"/>
      </object_component>
      <object_component id="oc-120">
         <name>.const:Interrupt_Clear_Registers</name>
         <load_address>0x2a64</load_address>
         <run_address>0x2a64</run_address>
         <size>0x10</size>
         <input_file_ref idref="fl-9"/>
      </object_component>
      <object_component id="oc-11d">
         <name>.const:Interrupt_Enable_Registers</name>
         <load_address>0x2a74</load_address>
         <run_address>0x2a74</run_address>
         <size>0x10</size>
         <input_file_ref idref="fl-9"/>
      </object_component>
      <object_component id="oc-123">
         <name>.const:Set_Pending_Register</name>
         <load_address>0x2a84</load_address>
         <run_address>0x2a84</run_address>
         <size>0x10</size>
         <input_file_ref idref="fl-9"/>
      </object_component>
      <object_component id="oc-10a">
         <name>.const:.string:SC_SYSDIV</name>
         <load_address>0x2a94</load_address>
         <run_address>0x2a94</run_address>
         <size>0xf</size>
         <input_file_ref idref="fl-a"/>
      </object_component>
      <object_component id="oc-10d">
         <name>.const:.string:SC_PWMDIV</name>
         <load_address>0x2aa3</load_address>
         <run_address>0x2aa3</run_address>
         <size>0x8</size>
         <input_file_ref idref="fl-a"/>
      </object_component>
      <object_component id="oc-318">
         <name>.const:GPTM_Config_32BitTimer0A</name>
         <load_address>0x2aab</load_address>
         <run_address>0x2aab</run_address>
         <size>0x4</size>
         <input_file_ref idref="fl-7"/>
      </object_component>
      <object_component id="oc-31b">
         <name>.const:GPTM_Config_32BitTimer0B</name>
         <load_address>0x2aaf</load_address>
         <run_address>0x2aaf</run_address>
         <size>0x4</size>
         <input_file_ref idref="fl-7"/>
      </object_component>
      <object_component id="oc-31e">
         <name>.const:GPTM_Config_32BitTimer1A</name>
         <load_address>0x2ab3</load_address>
         <run_address>0x2ab3</run_address>
         <size>0x4</size>
         <input_file_ref idref="fl-7"/>
      </object_component>
      <object_component id="oc-321">
         <name>.const:GPTM_Config_32BitTimer1B</name>
         <load_address>0x2ab7</load_address>
         <run_address>0x2ab7</run_address>
         <size>0x4</size>
         <input_file_ref idref="fl-7"/>
      </object_component>
      <object_component id="oc-324">
         <name>.const:GPTM_Config_32BitTimer2A</name>
         <load_address>0x2abb</load_address>
         <run_address>0x2abb</run_address>
         <size>0x4</size>
         <input_file_ref idref="fl-7"/>
      </object_component>
      <object_component id="oc-327">
         <name>.const:GPTM_Config_32BitTimer2B</name>
         <load_address>0x2abf</load_address>
         <run_address>0x2abf</run_address>
         <size>0x4</size>
         <input_file_ref idref="fl-7"/>
      </object_component>
      <object_component id="oc-32a">
         <name>.const:GPTM_Config_32BitTimer3A</name>
         <load_address>0x2ac3</load_address>
         <run_address>0x2ac3</run_address>
         <size>0x4</size>
         <input_file_ref idref="fl-7"/>
      </object_component>
      <object_component id="oc-32d">
         <name>.const:GPTM_Config_32BitTimer3B</name>
         <load_address>0x2ac7</load_address>
         <run_address>0x2ac7</run_address>
         <size>0x4</size>
         <input_file_ref idref="fl-7"/>
      </object_component>
      <object_component id="oc-330">
         <name>.const:GPTM_Config_32BitTimer4A</name>
         <load_address>0x2acb</load_address>
         <run_address>0x2acb</run_address>
         <size>0x4</size>
         <input_file_ref idref="fl-7"/>
      </object_component>
      <object_component id="oc-333">
         <name>.const:GPTM_Config_32BitTimer4B</name>
         <load_address>0x2acf</load_address>
         <run_address>0x2acf</run_address>
         <size>0x4</size>
         <input_file_ref idref="fl-7"/>
      </object_component>
      <object_component id="oc-336">
         <name>.const:GPTM_Config_32BitTimer5A</name>
         <load_address>0x2ad3</load_address>
         <run_address>0x2ad3</run_address>
         <size>0x4</size>
         <input_file_ref idref="fl-7"/>
      </object_component>
      <object_component id="oc-339">
         <name>.const:GPTM_Config_32BitTimer5B</name>
         <load_address>0x2ad7</load_address>
         <run_address>0x2ad7</run_address>
         <size>0x4</size>
         <input_file_ref idref="fl-7"/>
      </object_component>
      <object_component id="oc-238">
         <name>.const:UART0_AFSELConfig</name>
         <load_address>0x2adb</load_address>
         <run_address>0x2adb</run_address>
         <size>0x3</size>
         <input_file_ref idref="fl-5"/>
      </object_component>
      <object_component id="oc-23b">
         <name>.const:UART1_AFSELConfig</name>
         <load_address>0x2ade</load_address>
         <run_address>0x2ade</run_address>
         <size>0x3</size>
         <input_file_ref idref="fl-5"/>
      </object_component>
      <object_component id="oc-23e">
         <name>.const:UART2_AFSELConfig</name>
         <load_address>0x2ae1</load_address>
         <run_address>0x2ae1</run_address>
         <size>0x3</size>
         <input_file_ref idref="fl-5"/>
      </object_component>
      <object_component id="oc-241">
         <name>.const:UART3_AFSELConfig</name>
         <load_address>0x2ae4</load_address>
         <run_address>0x2ae4</run_address>
         <size>0x3</size>
         <input_file_ref idref="fl-5"/>
      </object_component>
      <object_component id="oc-244">
         <name>.const:UART4_AFSELConfig</name>
         <load_address>0x2ae7</load_address>
         <run_address>0x2ae7</run_address>
         <size>0x3</size>
         <input_file_ref idref="fl-5"/>
      </object_component>
      <object_component id="oc-247">
         <name>.const:UART5_AFSELConfig</name>
         <load_address>0x2aea</load_address>
         <run_address>0x2aea</run_address>
         <size>0x3</size>
         <input_file_ref idref="fl-5"/>
      </object_component>
      <object_component id="oc-24a">
         <name>.const:UART6_AFSELConfig</name>
         <load_address>0x2aed</load_address>
         <run_address>0x2aed</run_address>
         <size>0x3</size>
         <input_file_ref idref="fl-5"/>
      </object_component>
      <object_component id="oc-24d">
         <name>.const:UART7_AFSELConfig</name>
         <load_address>0x2af0</load_address>
         <run_address>0x2af0</run_address>
         <size>0x3</size>
         <input_file_ref idref="fl-5"/>
      </object_component>
      <object_component id="oc-413">
         <name>.cinit..data.load</name>
         <load_address>0x2af8</load_address>
         <run_address>0x2af8</run_address>
         <size>0xf6</size>
      </object_component>
      <object_component id="oc-411">
         <name>__TI_handler_table</name>
         <load_address>0x2bf0</load_address>
         <run_address>0x2bf0</run_address>
         <size>0xc</size>
      </object_component>
      <object_component id="oc-414">
         <name>.cinit..bss.load</name>
         <load_address>0x2c00</load_address>
         <run_address>0x2c00</run_address>
         <size>0x8</size>
      </object_component>
      <object_component id="oc-412">
         <name>__TI_cinit_table</name>
         <load_address>0x2c08</load_address>
         <run_address>0x2c08</run_address>
         <size>0x10</size>
      </object_component>
      <object_component id="oc-bf">
         <name>.data:DMA_SoftwareTransfer_Callback</name>
         <load_address>0x20000680</load_address>
         <run_address>0x20000680</run_address>
         <size>0x80</size>
         <input_file_ref idref="fl-2"/>
      </object_component>
      <object_component id="oc-c2">
         <name>.data:DMA_ErrorHandler_Callback</name>
         <load_address>0x20000600</load_address>
         <run_address>0x20000600</run_address>
         <size>0x80</size>
         <input_file_ref idref="fl-2"/>
      </object_component>
      <object_component id="oc-bc">
         <name>.data:DMA_ChannelMapSelectRegisters</name>
         <load_address>0x20000950</load_address>
         <run_address>0x20000950</run_address>
         <size>0x10</size>
         <input_file_ref idref="fl-2"/>
      </object_component>
      <object_component id="oc-2fe">
         <name>.data:DMAChannel8_UARTChannel0RX</name>
         <load_address>0x20000930</load_address>
         <run_address>0x20000930</run_address>
         <size>0x10</size>
         <input_file_ref idref="fl-3"/>
      </object_component>
      <object_component id="oc-255">
         <name>.data:DMAChannel9_UARTChannel0TX</name>
         <load_address>0x20000940</load_address>
         <run_address>0x20000940</run_address>
         <size>0x10</size>
         <input_file_ref idref="fl-3"/>
      </object_component>
      <object_component id="oc-301">
         <name>.data:DMAChannel22_UARTChannel1RX</name>
         <load_address>0x200008d0</load_address>
         <run_address>0x200008d0</run_address>
         <size>0x10</size>
         <input_file_ref idref="fl-3"/>
      </object_component>
      <object_component id="oc-258">
         <name>.data:DMAChannel23_UARTChannel1TX</name>
         <load_address>0x200008e0</load_address>
         <run_address>0x200008e0</run_address>
         <size>0x10</size>
         <input_file_ref idref="fl-3"/>
      </object_component>
      <object_component id="oc-304">
         <name>.data:DMAChannel0_UARTChannel2RX</name>
         <load_address>0x20000840</load_address>
         <run_address>0x20000840</run_address>
         <size>0x10</size>
         <input_file_ref idref="fl-3"/>
      </object_component>
      <object_component id="oc-25b">
         <name>.data:DMAChannel23_UARTChannel2TX</name>
         <load_address>0x200008f0</load_address>
         <run_address>0x200008f0</run_address>
         <size>0x10</size>
         <input_file_ref idref="fl-3"/>
      </object_component>
      <object_component id="oc-307">
         <name>.data:DMAChannel16_UARTChannel3RX</name>
         <load_address>0x20000870</load_address>
         <run_address>0x20000870</run_address>
         <size>0x10</size>
         <input_file_ref idref="fl-3"/>
      </object_component>
      <object_component id="oc-25e">
         <name>.data:DMAChannel17_UARTChannel3TX</name>
         <load_address>0x20000880</load_address>
         <run_address>0x20000880</run_address>
         <size>0x10</size>
         <input_file_ref idref="fl-3"/>
      </object_component>
      <object_component id="oc-30a">
         <name>.data:DMAChannel18_UARTChannel4RX</name>
         <load_address>0x20000890</load_address>
         <run_address>0x20000890</run_address>
         <size>0x10</size>
         <input_file_ref idref="fl-3"/>
      </object_component>
      <object_component id="oc-261">
         <name>.data:DMAChannel19_UARTChannel4TX</name>
         <load_address>0x200008a0</load_address>
         <run_address>0x200008a0</run_address>
         <size>0x10</size>
         <input_file_ref idref="fl-3"/>
      </object_component>
      <object_component id="oc-30d">
         <name>.data:DMAChannel6_UARTChannel5RX</name>
         <load_address>0x20000910</load_address>
         <run_address>0x20000910</run_address>
         <size>0x10</size>
         <input_file_ref idref="fl-3"/>
      </object_component>
      <object_component id="oc-264">
         <name>.data:DMAChannel7_UARTChannel5TX</name>
         <load_address>0x20000920</load_address>
         <run_address>0x20000920</run_address>
         <size>0x10</size>
         <input_file_ref idref="fl-3"/>
      </object_component>
      <object_component id="oc-310">
         <name>.data:DMAChannel10_UARTChannel6RX</name>
         <load_address>0x20000850</load_address>
         <run_address>0x20000850</run_address>
         <size>0x10</size>
         <input_file_ref idref="fl-3"/>
      </object_component>
      <object_component id="oc-267">
         <name>.data:DMAChannel11_UARTChannel6TX</name>
         <load_address>0x20000860</load_address>
         <run_address>0x20000860</run_address>
         <size>0x10</size>
         <input_file_ref idref="fl-3"/>
      </object_component>
      <object_component id="oc-313">
         <name>.data:DMAChannel20_UARTChannel7RX</name>
         <load_address>0x200008b0</load_address>
         <run_address>0x200008b0</run_address>
         <size>0x10</size>
         <input_file_ref idref="fl-3"/>
      </object_component>
      <object_component id="oc-26a">
         <name>.data:DMAChannel21_UARTChannel7TX</name>
         <load_address>0x200008c0</load_address>
         <run_address>0x200008c0</run_address>
         <size>0x10</size>
         <input_file_ref idref="fl-3"/>
      </object_component>
      <object_component id="oc-184">
         <name>.data:DMA_ChannelsConfigTX</name>
         <load_address>0x20000750</load_address>
         <run_address>0x20000750</run_address>
         <size>0x20</size>
         <input_file_ref idref="fl-3"/>
      </object_component>
      <object_component id="oc-230">
         <name>.data:DMA_ChannelsConfigRX</name>
         <load_address>0x20000730</load_address>
         <run_address>0x20000730</run_address>
         <size>0x20</size>
         <input_file_ref idref="fl-3"/>
      </object_component>
      <object_component id="oc-136">
         <name>.data:DMAChannel30_MemToMem</name>
         <load_address>0x20000900</load_address>
         <run_address>0x20000900</run_address>
         <size>0x10</size>
         <input_file_ref idref="fl-3"/>
      </object_component>
      <object_component id="oc-9e">
         <name>.data</name>
         <load_address>0x20000974</load_address>
         <run_address>0x20000974</run_address>
         <size>0x4</size>
         <input_file_ref idref="fl-3"/>
      </object_component>
      <object_component id="oc-2a7">
         <name>.data:EXTI_Callback</name>
         <load_address>0x20000770</load_address>
         <run_address>0x20000770</run_address>
         <size>0x18</size>
         <input_file_ref idref="fl-4"/>
      </object_component>
      <object_component id="oc-2c2">
         <name>.data:GPIO_BIT_BAND_Registers</name>
         <load_address>0x20000788</load_address>
         <run_address>0x20000788</run_address>
         <size>0x18</size>
         <input_file_ref idref="fl-4"/>
      </object_component>
      <object_component id="oc-233">
         <name>.data:GPTM_Config_ArrPtrStruct</name>
         <load_address>0x20000700</load_address>
         <run_address>0x20000700</run_address>
         <size>0x30</size>
         <input_file_ref idref="fl-7"/>
      </object_component>
      <object_component id="oc-8b">
         <name>.data</name>
         <load_address>0x20000978</load_address>
         <run_address>0x20000978</run_address>
         <size>0x4</size>
         <input_file_ref idref="fl-c"/>
      </object_component>
      <object_component id="oc-ad">
         <name>.data</name>
         <load_address>0x2000097c</load_address>
         <run_address>0x2000097c</run_address>
         <size>0x1</size>
         <input_file_ref idref="fl-d"/>
      </object_component>
      <object_component id="oc-22a">
         <name>.data:UART_InterruptNum_Arr</name>
         <load_address>0x2000096c</load_address>
         <run_address>0x2000096c</run_address>
         <size>0x8</size>
         <input_file_ref idref="fl-d"/>
      </object_component>
      <object_component id="oc-1ee">
         <name>.data:UART0_Callback</name>
         <load_address>0x200007a0</load_address>
         <run_address>0x200007a0</run_address>
         <size>0x14</size>
         <input_file_ref idref="fl-d"/>
      </object_component>
      <object_component id="oc-1f1">
         <name>.data:UART1_Callback</name>
         <load_address>0x200007b4</load_address>
         <run_address>0x200007b4</run_address>
         <size>0x14</size>
         <input_file_ref idref="fl-d"/>
      </object_component>
      <object_component id="oc-1f4">
         <name>.data:UART2_Callback</name>
         <load_address>0x200007c8</load_address>
         <run_address>0x200007c8</run_address>
         <size>0x14</size>
         <input_file_ref idref="fl-d"/>
      </object_component>
      <object_component id="oc-1f7">
         <name>.data:UART3_Callback</name>
         <load_address>0x200007dc</load_address>
         <run_address>0x200007dc</run_address>
         <size>0x14</size>
         <input_file_ref idref="fl-d"/>
      </object_component>
      <object_component id="oc-200">
         <name>.data:UART4_Callback</name>
         <load_address>0x200007f0</load_address>
         <run_address>0x200007f0</run_address>
         <size>0x14</size>
         <input_file_ref idref="fl-d"/>
      </object_component>
      <object_component id="oc-203">
         <name>.data:UART5_Callback</name>
         <load_address>0x20000804</load_address>
         <run_address>0x20000804</run_address>
         <size>0x14</size>
         <input_file_ref idref="fl-d"/>
      </object_component>
      <object_component id="oc-206">
         <name>.data:UART6_Callback</name>
         <load_address>0x20000818</load_address>
         <run_address>0x20000818</run_address>
         <size>0x14</size>
         <input_file_ref idref="fl-d"/>
      </object_component>
      <object_component id="oc-209">
         <name>.data:UART7_Callback</name>
         <load_address>0x2000082c</load_address>
         <run_address>0x2000082c</run_address>
         <size>0x14</size>
         <input_file_ref idref="fl-d"/>
      </object_component>
      <object_component id="oc-181">
         <name>.data:UARTChannel1_Config</name>
         <load_address>0x20000960</load_address>
         <run_address>0x20000960</run_address>
         <size>0xc</size>
         <input_file_ref idref="fl-e"/>
      </object_component>
      <object_component id="oc-a1">
         <name>.data:SourceBuffer_DMA</name>
         <load_address>0x20000500</load_address>
         <run_address>0x20000500</run_address>
         <size>0x100</size>
         <input_file_ref idref="fl-f"/>
      </object_component>
      <object_component id="oc-a7">
         <name>.common:ui8ControlTable</name>
         <uninitialized>true</uninitialized>
         <run_address>0x20000000</run_address>
         <size>0x400</size>
      </object_component>
      <object_component id="oc-a4">
         <name>.common:DestBuffer_DMA</name>
         <uninitialized>true</uninitialized>
         <run_address>0x20000400</run_address>
         <size>0x100</size>
      </object_component>
      <object_component id="oc-24">
         <name>.stack</name>
         <uninitialized>true</uninitialized>
         <run_address>0x20000980</run_address>
         <size>0x4</size>
         <input_file_ref idref="fl-ce"/>
      </object_component>
      <object_component id="oc-416">
         <name>.stack</name>
         <uninitialized>true</uninitialized>
         <run_address>0x20000980</run_address>
         <size>0x0</size>
      </object_component>
      <object_component id="oc-a8">
         <name>.debug_info</name>
         <load_address>0x0</load_address>
         <run_address>0x0</run_address>
         <size>0x452</size>
         <input_file_ref idref="fl-2"/>
      </object_component>
      <object_component id="oc-c0">
         <name>.debug_info</name>
         <load_address>0x452</load_address>
         <run_address>0x452</run_address>
         <size>0xf2</size>
         <input_file_ref idref="fl-2"/>
      </object_component>
      <object_component id="oc-c3">
         <name>.debug_info</name>
         <load_address>0x544</load_address>
         <run_address>0x544</run_address>
         <size>0xea</size>
         <input_file_ref idref="fl-2"/>
      </object_component>
      <object_component id="oc-ab">
         <name>.debug_info</name>
         <load_address>0x62e</load_address>
         <run_address>0x62e</run_address>
         <size>0xf3</size>
         <input_file_ref idref="fl-2"/>
      </object_component>
      <object_component id="oc-b7">
         <name>.debug_info</name>
         <load_address>0x721</load_address>
         <run_address>0x721</run_address>
         <size>0x105</size>
         <input_file_ref idref="fl-2"/>
      </object_component>
      <object_component id="oc-b1">
         <name>.debug_info</name>
         <load_address>0x826</load_address>
         <run_address>0x826</run_address>
         <size>0xfe</size>
         <input_file_ref idref="fl-2"/>
      </object_component>
      <object_component id="oc-ba">
         <name>.debug_info</name>
         <load_address>0x924</load_address>
         <run_address>0x924</run_address>
         <size>0x110</size>
         <input_file_ref idref="fl-2"/>
      </object_component>
      <object_component id="oc-b4">
         <name>.debug_info</name>
         <load_address>0xa34</load_address>
         <run_address>0xa34</run_address>
         <size>0xf7</size>
         <input_file_ref idref="fl-2"/>
      </object_component>
      <object_component id="oc-bd">
         <name>.debug_info</name>
         <load_address>0xb2b</load_address>
         <run_address>0xb2b</run_address>
         <size>0xf3</size>
         <input_file_ref idref="fl-2"/>
      </object_component>
      <object_component id="oc-34">
         <name>.debug_info</name>
         <load_address>0xc1e</load_address>
         <run_address>0xc1e</run_address>
         <size>0x1165</size>
         <input_file_ref idref="fl-2"/>
      </object_component>
      <object_component id="oc-c6">
         <name>.debug_info</name>
         <load_address>0x1d83</load_address>
         <run_address>0x1d83</run_address>
         <size>0x4b7</size>
         <input_file_ref idref="fl-2"/>
      </object_component>
      <object_component id="oc-12d">
         <name>.debug_info</name>
         <load_address>0x223a</load_address>
         <run_address>0x223a</run_address>
         <size>0x12a</size>
         <input_file_ref idref="fl-2"/>
      </object_component>
      <object_component id="oc-14c">
         <name>.debug_info</name>
         <load_address>0x2364</load_address>
         <run_address>0x2364</run_address>
         <size>0x9c0</size>
         <input_file_ref idref="fl-2"/>
      </object_component>
      <object_component id="oc-cd">
         <name>.debug_info</name>
         <load_address>0x2d24</load_address>
         <run_address>0x2d24</run_address>
         <size>0x26b</size>
         <input_file_ref idref="fl-2"/>
      </object_component>
      <object_component id="oc-42">
         <name>.debug_info</name>
         <load_address>0x2f8f</load_address>
         <run_address>0x2f8f</run_address>
         <size>0x84</size>
         <input_file_ref idref="fl-2"/>
      </object_component>
      <object_component id="oc-8f">
         <name>.debug_info</name>
         <load_address>0x3013</load_address>
         <run_address>0x3013</run_address>
         <size>0xa1</size>
         <input_file_ref idref="fl-2"/>
      </object_component>
      <object_component id="oc-163">
         <name>.debug_info</name>
         <load_address>0x30b4</load_address>
         <run_address>0x30b4</run_address>
         <size>0x2a4</size>
         <input_file_ref idref="fl-2"/>
      </object_component>
      <object_component id="oc-13b">
         <name>.debug_info</name>
         <load_address>0x3358</load_address>
         <run_address>0x3358</run_address>
         <size>0xcb</size>
         <input_file_ref idref="fl-3"/>
      </object_component>
      <object_component id="oc-2ff">
         <name>.debug_info</name>
         <load_address>0x3423</load_address>
         <run_address>0x3423</run_address>
         <size>0xf4</size>
         <input_file_ref idref="fl-3"/>
      </object_component>
      <object_component id="oc-256">
         <name>.debug_info</name>
         <load_address>0x3517</load_address>
         <run_address>0x3517</run_address>
         <size>0xf4</size>
         <input_file_ref idref="fl-3"/>
      </object_component>
      <object_component id="oc-302">
         <name>.debug_info</name>
         <load_address>0x360b</load_address>
         <run_address>0x360b</run_address>
         <size>0xf6</size>
         <input_file_ref idref="fl-3"/>
      </object_component>
      <object_component id="oc-259">
         <name>.debug_info</name>
         <load_address>0x3701</load_address>
         <run_address>0x3701</run_address>
         <size>0xf6</size>
         <input_file_ref idref="fl-3"/>
      </object_component>
      <object_component id="oc-305">
         <name>.debug_info</name>
         <load_address>0x37f7</load_address>
         <run_address>0x37f7</run_address>
         <size>0xf4</size>
         <input_file_ref idref="fl-3"/>
      </object_component>
      <object_component id="oc-25c">
         <name>.debug_info</name>
         <load_address>0x38eb</load_address>
         <run_address>0x38eb</run_address>
         <size>0xf6</size>
         <input_file_ref idref="fl-3"/>
      </object_component>
      <object_component id="oc-308">
         <name>.debug_info</name>
         <load_address>0x39e1</load_address>
         <run_address>0x39e1</run_address>
         <size>0xf6</size>
         <input_file_ref idref="fl-3"/>
      </object_component>
      <object_component id="oc-25f">
         <name>.debug_info</name>
         <load_address>0x3ad7</load_address>
         <run_address>0x3ad7</run_address>
         <size>0xf6</size>
         <input_file_ref idref="fl-3"/>
      </object_component>
      <object_component id="oc-30b">
         <name>.debug_info</name>
         <load_address>0x3bcd</load_address>
         <run_address>0x3bcd</run_address>
         <size>0xf6</size>
         <input_file_ref idref="fl-3"/>
      </object_component>
      <object_component id="oc-262">
         <name>.debug_info</name>
         <load_address>0x3cc3</load_address>
         <run_address>0x3cc3</run_address>
         <size>0xf6</size>
         <input_file_ref idref="fl-3"/>
      </object_component>
      <object_component id="oc-30e">
         <name>.debug_info</name>
         <load_address>0x3db9</load_address>
         <run_address>0x3db9</run_address>
         <size>0xf4</size>
         <input_file_ref idref="fl-3"/>
      </object_component>
      <object_component id="oc-265">
         <name>.debug_info</name>
         <load_address>0x3ead</load_address>
         <run_address>0x3ead</run_address>
         <size>0xf4</size>
         <input_file_ref idref="fl-3"/>
      </object_component>
      <object_component id="oc-311">
         <name>.debug_info</name>
         <load_address>0x3fa1</load_address>
         <run_address>0x3fa1</run_address>
         <size>0xf6</size>
         <input_file_ref idref="fl-3"/>
      </object_component>
      <object_component id="oc-268">
         <name>.debug_info</name>
         <load_address>0x4097</load_address>
         <run_address>0x4097</run_address>
         <size>0xf6</size>
         <input_file_ref idref="fl-3"/>
      </object_component>
      <object_component id="oc-314">
         <name>.debug_info</name>
         <load_address>0x418d</load_address>
         <run_address>0x418d</run_address>
         <size>0xf6</size>
         <input_file_ref idref="fl-3"/>
      </object_component>
      <object_component id="oc-26b">
         <name>.debug_info</name>
         <load_address>0x4283</load_address>
         <run_address>0x4283</run_address>
         <size>0xf6</size>
         <input_file_ref idref="fl-3"/>
      </object_component>
      <object_component id="oc-185">
         <name>.debug_info</name>
         <load_address>0x4379</load_address>
         <run_address>0x4379</run_address>
         <size>0xe8</size>
         <input_file_ref idref="fl-3"/>
      </object_component>
      <object_component id="oc-231">
         <name>.debug_info</name>
         <load_address>0x4461</load_address>
         <run_address>0x4461</run_address>
         <size>0xe8</size>
         <input_file_ref idref="fl-3"/>
      </object_component>
      <object_component id="oc-137">
         <name>.debug_info</name>
         <load_address>0x4549</load_address>
         <run_address>0x4549</run_address>
         <size>0xea</size>
         <input_file_ref idref="fl-3"/>
      </object_component>
      <object_component id="oc-9f">
         <name>.debug_info</name>
         <load_address>0x4633</load_address>
         <run_address>0x4633</run_address>
         <size>0xf0</size>
         <input_file_ref idref="fl-3"/>
      </object_component>
      <object_component id="oc-341">
         <name>.debug_info</name>
         <load_address>0x4723</load_address>
         <run_address>0x4723</run_address>
         <size>0xa18</size>
         <input_file_ref idref="fl-3"/>
      </object_component>
      <object_component id="oc-1ea">
         <name>.debug_info</name>
         <load_address>0x513b</load_address>
         <run_address>0x513b</run_address>
         <size>0x385</size>
         <input_file_ref idref="fl-4"/>
      </object_component>
      <object_component id="oc-2a8">
         <name>.debug_info</name>
         <load_address>0x54c0</load_address>
         <run_address>0x54c0</run_address>
         <size>0xd3</size>
         <input_file_ref idref="fl-4"/>
      </object_component>
      <object_component id="oc-2ae">
         <name>.debug_info</name>
         <load_address>0x5593</load_address>
         <run_address>0x5593</run_address>
         <size>0x106</size>
         <input_file_ref idref="fl-4"/>
      </object_component>
      <object_component id="oc-2c0">
         <name>.debug_info</name>
         <load_address>0x5699</load_address>
         <run_address>0x5699</run_address>
         <size>0xf2</size>
         <input_file_ref idref="fl-4"/>
      </object_component>
      <object_component id="oc-2ab">
         <name>.debug_info</name>
         <load_address>0x578b</load_address>
         <run_address>0x578b</run_address>
         <size>0xe0</size>
         <input_file_ref idref="fl-4"/>
      </object_component>
      <object_component id="oc-2b4">
         <name>.debug_info</name>
         <load_address>0x586b</load_address>
         <run_address>0x586b</run_address>
         <size>0xf2</size>
         <input_file_ref idref="fl-4"/>
      </object_component>
      <object_component id="oc-2b1">
         <name>.debug_info</name>
         <load_address>0x595d</load_address>
         <run_address>0x595d</run_address>
         <size>0xee</size>
         <input_file_ref idref="fl-4"/>
      </object_component>
      <object_component id="oc-2b7">
         <name>.debug_info</name>
         <load_address>0x5a4b</load_address>
         <run_address>0x5a4b</run_address>
         <size>0xe0</size>
         <input_file_ref idref="fl-4"/>
      </object_component>
      <object_component id="oc-2ba">
         <name>.debug_info</name>
         <load_address>0x5b2b</load_address>
         <run_address>0x5b2b</run_address>
         <size>0xda</size>
         <input_file_ref idref="fl-4"/>
      </object_component>
      <object_component id="oc-2bd">
         <name>.debug_info</name>
         <load_address>0x5c05</load_address>
         <run_address>0x5c05</run_address>
         <size>0xf4</size>
         <input_file_ref idref="fl-4"/>
      </object_component>
      <object_component id="oc-2c3">
         <name>.debug_info</name>
         <load_address>0x5cf9</load_address>
         <run_address>0x5cf9</run_address>
         <size>0xe9</size>
         <input_file_ref idref="fl-4"/>
      </object_component>
      <object_component id="oc-1fb">
         <name>.debug_info</name>
         <load_address>0x5de2</load_address>
         <run_address>0x5de2</run_address>
         <size>0x17f9</size>
         <input_file_ref idref="fl-4"/>
      </object_component>
      <object_component id="oc-145">
         <name>.debug_info</name>
         <load_address>0x75db</load_address>
         <run_address>0x75db</run_address>
         <size>0x3ba</size>
         <input_file_ref idref="fl-4"/>
      </object_component>
      <object_component id="oc-298">
         <name>.debug_info</name>
         <load_address>0x7995</load_address>
         <run_address>0x7995</run_address>
         <size>0x59b</size>
         <input_file_ref idref="fl-4"/>
      </object_component>
      <object_component id="oc-252">
         <name>.debug_info</name>
         <load_address>0x7f30</load_address>
         <run_address>0x7f30</run_address>
         <size>0xf4</size>
         <input_file_ref idref="fl-5"/>
      </object_component>
      <object_component id="oc-239">
         <name>.debug_info</name>
         <load_address>0x8024</load_address>
         <run_address>0x8024</run_address>
         <size>0xe3</size>
         <input_file_ref idref="fl-5"/>
      </object_component>
      <object_component id="oc-23c">
         <name>.debug_info</name>
         <load_address>0x8107</load_address>
         <run_address>0x8107</run_address>
         <size>0xe3</size>
         <input_file_ref idref="fl-5"/>
      </object_component>
      <object_component id="oc-23f">
         <name>.debug_info</name>
         <load_address>0x81ea</load_address>
         <run_address>0x81ea</run_address>
         <size>0xe3</size>
         <input_file_ref idref="fl-5"/>
      </object_component>
      <object_component id="oc-242">
         <name>.debug_info</name>
         <load_address>0x82cd</load_address>
         <run_address>0x82cd</run_address>
         <size>0xe3</size>
         <input_file_ref idref="fl-5"/>
      </object_component>
      <object_component id="oc-245">
         <name>.debug_info</name>
         <load_address>0x83b0</load_address>
         <run_address>0x83b0</run_address>
         <size>0xe3</size>
         <input_file_ref idref="fl-5"/>
      </object_component>
      <object_component id="oc-248">
         <name>.debug_info</name>
         <load_address>0x8493</load_address>
         <run_address>0x8493</run_address>
         <size>0xe3</size>
         <input_file_ref idref="fl-5"/>
      </object_component>
      <object_component id="oc-24b">
         <name>.debug_info</name>
         <load_address>0x8576</load_address>
         <run_address>0x8576</run_address>
         <size>0xe3</size>
         <input_file_ref idref="fl-5"/>
      </object_component>
      <object_component id="oc-24e">
         <name>.debug_info</name>
         <load_address>0x8659</load_address>
         <run_address>0x8659</run_address>
         <size>0xe3</size>
         <input_file_ref idref="fl-5"/>
      </object_component>
      <object_component id="oc-17f">
         <name>.debug_info</name>
         <load_address>0x873c</load_address>
         <run_address>0x873c</run_address>
         <size>0x103</size>
         <input_file_ref idref="fl-5"/>
      </object_component>
      <object_component id="oc-1da">
         <name>.debug_info</name>
         <load_address>0x883f</load_address>
         <run_address>0x883f</run_address>
         <size>0x3ba</size>
         <input_file_ref idref="fl-5"/>
      </object_component>
      <object_component id="oc-135">
         <name>.debug_info</name>
         <load_address>0x8bf9</load_address>
         <run_address>0x8bf9</run_address>
         <size>0x3f2</size>
         <input_file_ref idref="fl-6"/>
      </object_component>
      <object_component id="oc-2e2">
         <name>.debug_info</name>
         <load_address>0x8feb</load_address>
         <run_address>0x8feb</run_address>
         <size>0xfb</size>
         <input_file_ref idref="fl-6"/>
      </object_component>
      <object_component id="oc-2e8">
         <name>.debug_info</name>
         <load_address>0x90e6</load_address>
         <run_address>0x90e6</run_address>
         <size>0xf3</size>
         <input_file_ref idref="fl-6"/>
      </object_component>
      <object_component id="oc-2e5">
         <name>.debug_info</name>
         <load_address>0x91d9</load_address>
         <run_address>0x91d9</run_address>
         <size>0xed</size>
         <input_file_ref idref="fl-6"/>
      </object_component>
      <object_component id="oc-2eb">
         <name>.debug_info</name>
         <load_address>0x92c6</load_address>
         <run_address>0x92c6</run_address>
         <size>0xe5</size>
         <input_file_ref idref="fl-6"/>
      </object_component>
      <object_component id="oc-2df">
         <name>.debug_info</name>
         <load_address>0x93ab</load_address>
         <run_address>0x93ab</run_address>
         <size>0xd5</size>
         <input_file_ref idref="fl-6"/>
      </object_component>
      <object_component id="oc-2d9">
         <name>.debug_info</name>
         <load_address>0x9480</load_address>
         <run_address>0x9480</run_address>
         <size>0xd1</size>
         <input_file_ref idref="fl-6"/>
      </object_component>
      <object_component id="oc-2dc">
         <name>.debug_info</name>
         <load_address>0x9551</load_address>
         <run_address>0x9551</run_address>
         <size>0xef</size>
         <input_file_ref idref="fl-6"/>
      </object_component>
      <object_component id="oc-2f1">
         <name>.debug_info</name>
         <load_address>0x9640</load_address>
         <run_address>0x9640</run_address>
         <size>0xdb</size>
         <input_file_ref idref="fl-6"/>
      </object_component>
      <object_component id="oc-2ee">
         <name>.debug_info</name>
         <load_address>0x971b</load_address>
         <run_address>0x971b</run_address>
         <size>0xdb</size>
         <input_file_ref idref="fl-6"/>
      </object_component>
      <object_component id="oc-21d">
         <name>.debug_info</name>
         <load_address>0x97f6</load_address>
         <run_address>0x97f6</run_address>
         <size>0xb8d</size>
         <input_file_ref idref="fl-6"/>
      </object_component>
      <object_component id="oc-99">
         <name>.debug_info</name>
         <load_address>0xa383</load_address>
         <run_address>0xa383</run_address>
         <size>0x2b8</size>
         <input_file_ref idref="fl-6"/>
      </object_component>
      <object_component id="oc-112">
         <name>.debug_info</name>
         <load_address>0xa63b</load_address>
         <run_address>0xa63b</run_address>
         <size>0x32d</size>
         <input_file_ref idref="fl-6"/>
      </object_component>
      <object_component id="oc-1e1">
         <name>.debug_info</name>
         <load_address>0xa968</load_address>
         <run_address>0xa968</run_address>
         <size>0x663</size>
         <input_file_ref idref="fl-6"/>
      </object_component>
      <object_component id="oc-33e">
         <name>.debug_info</name>
         <load_address>0xafcb</load_address>
         <run_address>0xafcb</run_address>
         <size>0xdb</size>
         <input_file_ref idref="fl-7"/>
      </object_component>
      <object_component id="oc-319">
         <name>.debug_info</name>
         <load_address>0xb0a6</load_address>
         <run_address>0xb0a6</run_address>
         <size>0xf1</size>
         <input_file_ref idref="fl-7"/>
      </object_component>
      <object_component id="oc-31c">
         <name>.debug_info</name>
         <load_address>0xb197</load_address>
         <run_address>0xb197</run_address>
         <size>0xf1</size>
         <input_file_ref idref="fl-7"/>
      </object_component>
      <object_component id="oc-31f">
         <name>.debug_info</name>
         <load_address>0xb288</load_address>
         <run_address>0xb288</run_address>
         <size>0xf1</size>
         <input_file_ref idref="fl-7"/>
      </object_component>
      <object_component id="oc-322">
         <name>.debug_info</name>
         <load_address>0xb379</load_address>
         <run_address>0xb379</run_address>
         <size>0xf1</size>
         <input_file_ref idref="fl-7"/>
      </object_component>
      <object_component id="oc-325">
         <name>.debug_info</name>
         <load_address>0xb46a</load_address>
         <run_address>0xb46a</run_address>
         <size>0xf1</size>
         <input_file_ref idref="fl-7"/>
      </object_component>
      <object_component id="oc-328">
         <name>.debug_info</name>
         <load_address>0xb55b</load_address>
         <run_address>0xb55b</run_address>
         <size>0xf1</size>
         <input_file_ref idref="fl-7"/>
      </object_component>
      <object_component id="oc-32b">
         <name>.debug_info</name>
         <load_address>0xb64c</load_address>
         <run_address>0xb64c</run_address>
         <size>0xf1</size>
         <input_file_ref idref="fl-7"/>
      </object_component>
      <object_component id="oc-32e">
         <name>.debug_info</name>
         <load_address>0xb73d</load_address>
         <run_address>0xb73d</run_address>
         <size>0xf1</size>
         <input_file_ref idref="fl-7"/>
      </object_component>
      <object_component id="oc-331">
         <name>.debug_info</name>
         <load_address>0xb82e</load_address>
         <run_address>0xb82e</run_address>
         <size>0xf1</size>
         <input_file_ref idref="fl-7"/>
      </object_component>
      <object_component id="oc-334">
         <name>.debug_info</name>
         <load_address>0xb91f</load_address>
         <run_address>0xb91f</run_address>
         <size>0xf1</size>
         <input_file_ref idref="fl-7"/>
      </object_component>
      <object_component id="oc-337">
         <name>.debug_info</name>
         <load_address>0xba10</load_address>
         <run_address>0xba10</run_address>
         <size>0xf1</size>
         <input_file_ref idref="fl-7"/>
      </object_component>
      <object_component id="oc-33a">
         <name>.debug_info</name>
         <load_address>0xbb01</load_address>
         <run_address>0xbb01</run_address>
         <size>0xf1</size>
         <input_file_ref idref="fl-7"/>
      </object_component>
      <object_component id="oc-234">
         <name>.debug_info</name>
         <load_address>0xbbf2</load_address>
         <run_address>0xbbf2</run_address>
         <size>0xf1</size>
         <input_file_ref idref="fl-7"/>
      </object_component>
      <object_component id="oc-140">
         <name>.debug_info</name>
         <load_address>0xbce3</load_address>
         <run_address>0xbce3</run_address>
         <size>0x1c1</size>
         <input_file_ref idref="fl-8"/>
      </object_component>
      <object_component id="oc-1cf">
         <name>.debug_info</name>
         <load_address>0xbea4</load_address>
         <run_address>0xbea4</run_address>
         <size>0x287</size>
         <input_file_ref idref="fl-9"/>
      </object_component>
      <object_component id="oc-11e">
         <name>.debug_info</name>
         <load_address>0xc12b</load_address>
         <run_address>0xc12b</run_address>
         <size>0xed</size>
         <input_file_ref idref="fl-9"/>
      </object_component>
      <object_component id="oc-121">
         <name>.debug_info</name>
         <load_address>0xc218</load_address>
         <run_address>0xc218</run_address>
         <size>0xeb</size>
         <input_file_ref idref="fl-9"/>
      </object_component>
      <object_component id="oc-124">
         <name>.debug_info</name>
         <load_address>0xc303</load_address>
         <run_address>0xc303</run_address>
         <size>0xe1</size>
         <input_file_ref idref="fl-9"/>
      </object_component>
      <object_component id="oc-127">
         <name>.debug_info</name>
         <load_address>0xc3e4</load_address>
         <run_address>0xc3e4</run_address>
         <size>0xe5</size>
         <input_file_ref idref="fl-9"/>
      </object_component>
      <object_component id="oc-12a">
         <name>.debug_info</name>
         <load_address>0xc4c9</load_address>
         <run_address>0xc4c9</run_address>
         <size>0xef</size>
         <input_file_ref idref="fl-9"/>
      </object_component>
      <object_component id="oc-88">
         <name>.debug_info</name>
         <load_address>0xc5b8</load_address>
         <run_address>0xc5b8</run_address>
         <size>0x619</size>
         <input_file_ref idref="fl-9"/>
      </object_component>
      <object_component id="oc-291">
         <name>.debug_info</name>
         <load_address>0xcbd1</load_address>
         <run_address>0xcbd1</run_address>
         <size>0x113</size>
         <input_file_ref idref="fl-9"/>
      </object_component>
      <object_component id="oc-111">
         <name>.debug_info</name>
         <load_address>0xcce4</load_address>
         <run_address>0xcce4</run_address>
         <size>0x281</size>
         <input_file_ref idref="fl-a"/>
      </object_component>
      <object_component id="oc-10b">
         <name>.debug_info</name>
         <load_address>0xcf65</load_address>
         <run_address>0xcf65</run_address>
         <size>0xd5</size>
         <input_file_ref idref="fl-a"/>
      </object_component>
      <object_component id="oc-10e">
         <name>.debug_info</name>
         <load_address>0xd03a</load_address>
         <run_address>0xd03a</run_address>
         <size>0xd5</size>
         <input_file_ref idref="fl-a"/>
      </object_component>
      <object_component id="oc-7b">
         <name>.debug_info</name>
         <load_address>0xd10f</load_address>
         <run_address>0xd10f</run_address>
         <size>0x613</size>
         <input_file_ref idref="fl-a"/>
      </object_component>
      <object_component id="oc-134">
         <name>.debug_info</name>
         <load_address>0xd722</load_address>
         <run_address>0xd722</run_address>
         <size>0x2d1</size>
         <input_file_ref idref="fl-c"/>
      </object_component>
      <object_component id="oc-8c">
         <name>.debug_info</name>
         <load_address>0xd9f3</load_address>
         <run_address>0xd9f3</run_address>
         <size>0xe1</size>
         <input_file_ref idref="fl-c"/>
      </object_component>
      <object_component id="oc-2f">
         <name>.debug_info</name>
         <load_address>0xdad4</load_address>
         <run_address>0xdad4</run_address>
         <size>0x829</size>
         <input_file_ref idref="fl-c"/>
      </object_component>
      <object_component id="oc-94">
         <name>.debug_info</name>
         <load_address>0xe2fd</load_address>
         <run_address>0xe2fd</run_address>
         <size>0x48</size>
         <input_file_ref idref="fl-c"/>
      </object_component>
      <object_component id="oc-237">
         <name>.debug_info</name>
         <load_address>0xe345</load_address>
         <run_address>0xe345</run_address>
         <size>0x5d5</size>
         <input_file_ref idref="fl-d"/>
      </object_component>
      <object_component id="oc-ae">
         <name>.debug_info</name>
         <load_address>0xe91a</load_address>
         <run_address>0xe91a</run_address>
         <size>0xd6</size>
         <input_file_ref idref="fl-d"/>
      </object_component>
      <object_component id="oc-22b">
         <name>.debug_info</name>
         <load_address>0xe9f0</load_address>
         <run_address>0xe9f0</run_address>
         <size>0xe4</size>
         <input_file_ref idref="fl-d"/>
      </object_component>
      <object_component id="oc-1ef">
         <name>.debug_info</name>
         <load_address>0xead4</load_address>
         <run_address>0xead4</run_address>
         <size>0xd5</size>
         <input_file_ref idref="fl-d"/>
      </object_component>
      <object_component id="oc-1f2">
         <name>.debug_info</name>
         <load_address>0xeba9</load_address>
         <run_address>0xeba9</run_address>
         <size>0xd5</size>
         <input_file_ref idref="fl-d"/>
      </object_component>
      <object_component id="oc-1f5">
         <name>.debug_info</name>
         <load_address>0xec7e</load_address>
         <run_address>0xec7e</run_address>
         <size>0xd5</size>
         <input_file_ref idref="fl-d"/>
      </object_component>
      <object_component id="oc-1f8">
         <name>.debug_info</name>
         <load_address>0xed53</load_address>
         <run_address>0xed53</run_address>
         <size>0xd5</size>
         <input_file_ref idref="fl-d"/>
      </object_component>
      <object_component id="oc-201">
         <name>.debug_info</name>
         <load_address>0xee28</load_address>
         <run_address>0xee28</run_address>
         <size>0xd5</size>
         <input_file_ref idref="fl-d"/>
      </object_component>
      <object_component id="oc-204">
         <name>.debug_info</name>
         <load_address>0xeefd</load_address>
         <run_address>0xeefd</run_address>
         <size>0xd5</size>
         <input_file_ref idref="fl-d"/>
      </object_component>
      <object_component id="oc-207">
         <name>.debug_info</name>
         <load_address>0xefd2</load_address>
         <run_address>0xefd2</run_address>
         <size>0xd5</size>
         <input_file_ref idref="fl-d"/>
      </object_component>
      <object_component id="oc-20a">
         <name>.debug_info</name>
         <load_address>0xf0a7</load_address>
         <run_address>0xf0a7</run_address>
         <size>0xd5</size>
         <input_file_ref idref="fl-d"/>
      </object_component>
      <object_component id="oc-228">
         <name>.debug_info</name>
         <load_address>0xf17c</load_address>
         <run_address>0xf17c</run_address>
         <size>0xdd</size>
         <input_file_ref idref="fl-d"/>
      </object_component>
      <object_component id="oc-225">
         <name>.debug_info</name>
         <load_address>0xf259</load_address>
         <run_address>0xf259</run_address>
         <size>0xdd</size>
         <input_file_ref idref="fl-d"/>
      </object_component>
      <object_component id="oc-210">
         <name>.debug_info</name>
         <load_address>0xf336</load_address>
         <run_address>0xf336</run_address>
         <size>0x101</size>
         <input_file_ref idref="fl-d"/>
      </object_component>
      <object_component id="oc-213">
         <name>.debug_info</name>
         <load_address>0xf437</load_address>
         <run_address>0xf437</run_address>
         <size>0x108</size>
         <input_file_ref idref="fl-d"/>
      </object_component>
      <object_component id="oc-219">
         <name>.debug_info</name>
         <load_address>0xf53f</load_address>
         <run_address>0xf53f</run_address>
         <size>0xfa</size>
         <input_file_ref idref="fl-d"/>
      </object_component>
      <object_component id="oc-20d">
         <name>.debug_info</name>
         <load_address>0xf639</load_address>
         <run_address>0xf639</run_address>
         <size>0xe4</size>
         <input_file_ref idref="fl-d"/>
      </object_component>
      <object_component id="oc-216">
         <name>.debug_info</name>
         <load_address>0xf71d</load_address>
         <run_address>0xf71d</run_address>
         <size>0xec</size>
         <input_file_ref idref="fl-d"/>
      </object_component>
      <object_component id="oc-222">
         <name>.debug_info</name>
         <load_address>0xf809</load_address>
         <run_address>0xf809</run_address>
         <size>0xf0</size>
         <input_file_ref idref="fl-d"/>
      </object_component>
      <object_component id="oc-1ec">
         <name>.debug_info</name>
         <load_address>0xf8f9</load_address>
         <run_address>0xf8f9</run_address>
         <size>0x100</size>
         <input_file_ref idref="fl-d"/>
      </object_component>
      <object_component id="oc-22e">
         <name>.debug_info</name>
         <load_address>0xf9f9</load_address>
         <run_address>0xf9f9</run_address>
         <size>0xea</size>
         <input_file_ref idref="fl-d"/>
      </object_component>
      <object_component id="oc-179">
         <name>.debug_info</name>
         <load_address>0xfae3</load_address>
         <run_address>0xfae3</run_address>
         <size>0x1417</size>
         <input_file_ref idref="fl-d"/>
      </object_component>
      <object_component id="oc-182">
         <name>.debug_info</name>
         <load_address>0x10efa</load_address>
         <run_address>0x10efa</run_address>
         <size>0xe7</size>
         <input_file_ref idref="fl-e"/>
      </object_component>
      <object_component id="oc-a5">
         <name>.debug_info</name>
         <load_address>0x10fe1</load_address>
         <run_address>0x10fe1</run_address>
         <size>0x558</size>
         <input_file_ref idref="fl-f"/>
      </object_component>
      <object_component id="oc-a2">
         <name>.debug_info</name>
         <load_address>0x11539</load_address>
         <run_address>0x11539</run_address>
         <size>0xda</size>
         <input_file_ref idref="fl-f"/>
      </object_component>
      <object_component id="oc-fb">
         <name>.debug_info</name>
         <load_address>0x11613</load_address>
         <run_address>0x11613</run_address>
         <size>0x1bf</size>
         <input_file_ref idref="fl-f"/>
      </object_component>
      <object_component id="oc-3b">
         <name>.debug_info</name>
         <load_address>0x117d2</load_address>
         <run_address>0x117d2</run_address>
         <size>0x331</size>
         <input_file_ref idref="fl-10"/>
      </object_component>
      <object_component id="oc-13">
         <name>.debug_info</name>
         <load_address>0x11b03</load_address>
         <run_address>0x11b03</run_address>
         <size>0xe6</size>
         <input_file_ref idref="fl-10"/>
      </object_component>
      <object_component id="oc-28">
         <name>.debug_info</name>
         <load_address>0x11be9</load_address>
         <run_address>0x11be9</run_address>
         <size>0x262</size>
         <input_file_ref idref="fl-10"/>
      </object_component>
      <object_component id="oc-d2">
         <name>.debug_info</name>
         <load_address>0x11e4b</load_address>
         <run_address>0x11e4b</run_address>
         <size>0xbb</size>
         <input_file_ref idref="fl-10"/>
      </object_component>
      <object_component id="oc-82">
         <name>.debug_info</name>
         <load_address>0x11f06</load_address>
         <run_address>0x11f06</run_address>
         <size>0x134</size>
         <input_file_ref idref="fl-ca"/>
      </object_component>
      <object_component id="oc-eb">
         <name>.debug_info</name>
         <load_address>0x1203a</load_address>
         <run_address>0x1203a</run_address>
         <size>0x2d4</size>
         <input_file_ref idref="fl-cb"/>
      </object_component>
      <object_component id="oc-5b">
         <name>.debug_info</name>
         <load_address>0x1230e</load_address>
         <run_address>0x1230e</run_address>
         <size>0x1b5</size>
         <input_file_ref idref="fl-cb"/>
      </object_component>
      <object_component id="oc-e6">
         <name>.debug_info</name>
         <load_address>0x124c3</load_address>
         <run_address>0x124c3</run_address>
         <size>0x46</size>
         <input_file_ref idref="fl-cb"/>
      </object_component>
      <object_component id="oc-16f">
         <name>.debug_info</name>
         <load_address>0x12509</load_address>
         <run_address>0x12509</run_address>
         <size>0x2c</size>
         <input_file_ref idref="fl-cb"/>
      </object_component>
      <object_component id="oc-52">
         <name>.debug_info</name>
         <load_address>0x12535</load_address>
         <run_address>0x12535</run_address>
         <size>0x2a8</size>
         <input_file_ref idref="fl-cc"/>
      </object_component>
      <object_component id="oc-1c">
         <name>.debug_info</name>
         <load_address>0x127dd</load_address>
         <run_address>0x127dd</run_address>
         <size>0x1ea</size>
         <input_file_ref idref="fl-cc"/>
      </object_component>
[...]
      <symbol id="sm-235">
         <name>GPIO_ConfigureCommit</name>
         <value>0xef5</value>
         <object_component_ref idref="oc-1fa"/>
      </symbol>
      <symbol id="sm-236">
         <name>GPIO_ConfigureAlternateFunctionSelect</name>
         <value>0xd61</value>
         <object_component_ref idref="oc-1fa"/>
      </symbol>
      <symbol id="sm-237">
         <name>GPIO_ConfigureOutputPin</name>
         <value>0x104d</value>
         <object_component_ref idref="oc-1fa"/>
      </symbol>
      <symbol id="sm-238">
         <name>GPIO_ConfigureInterruptMask</name>
         <value>0xfc1</value>
         <object_component_ref idref="oc-1fa"/>
      </symbol>
      <symbol id="sm-239">
         <name>GPIO_ReadBitBandBits</name>
         <value>0x1093</value>
         <object_component_ref idref="oc-1fa"/>
      </symbol>
      <symbol id="sm-23a">
         <name>GPIO_EXTIClearInterrupt</name>
         <value>0xf79</value>
         <object_component_ref idref="oc-1fa"/>
      </symbol>
      <symbol id="sm-23b">
         <name>GPIO_SetData</name>
         <value>0xc93</value>
         <object_component_ref idref="oc-1fa"/>
      </symbol>
      <symbol id="sm-23c">
         <name>GPIO_ConfigurePortControl</name>
         <value>0xe0d</value>
         <object_component_ref idref="oc-1fa"/>
      </symbol>
      <symbol id="sm-23d">
         <name>GPIO_WriteBitBandBits</name>
         <value>0x10bd</value>
         <object_component_ref idref="oc-1fa"/>
      </symbol>
      <symbol id="sm-23e">
         <name>GPIO_ConfigureAnalogModeSelect</name>
         <value>0xded</value>
         <object_component_ref idref="oc-1fa"/>
      </symbol>
      <symbol id="sm-23f">
         <name>GPIO_BIT_BAND_Registers</name>
         <value>0x20000788</value>
         <object_component_ref idref="oc-2c2"/>
      </symbol>
      <symbol id="sm-240">
         <name>GPIO_ConfigureDigitalEnable</name>
         <value>0xe57</value>
         <object_component_ref idref="oc-1fa"/>
      </symbol>
      <symbol id="sm-241">
         <name>GPIO_SetPinStatus</name>
         <value>0xc73</value>
         <object_component_ref idref="oc-1fa"/>
      </symbol>
      <symbol id="sm-242">
         <name>EXTIDIntHandler</name>
         <value>0xc43</value>
         <object_component_ref idref="oc-1fa"/>
      </symbol>
      <symbol id="sm-243">
         <name>EXTIEIntHandler</name>
         <value>0xc53</value>
         <object_component_ref idref="oc-1fa"/>
      </symbol>
      <symbol id="sm-283">
         <name>UART5_AFSELConfig</name>
         <value>0x2aea</value>
         <object_component_ref idref="oc-247"/>
      </symbol>
      <symbol id="sm-284">
         <name>UART3_AFSELConfig</name>
         <value>0x2ae4</value>
         <object_component_ref idref="oc-241"/>
      </symbol>
      <symbol id="sm-285">
         <name>GPIO_AFSELUARTConfig_ArrPtrStruct</name>
         <value>0x27b4</value>
         <object_component_ref idref="oc-17e"/>
      </symbol>
      <symbol id="sm-286">
         <name>UART1_AFSELConfig</name>
         <value>0x2ade</value>
         <object_component_ref idref="oc-23b"/>
      </symbol>
      <symbol id="sm-287">
         <name>UART6_AFSELConfig</name>
         <value>0x2aed</value>
         <object_component_ref idref="oc-24a"/>
      </symbol>
      <symbol id="sm-288">
         <name>UART4_AFSELConfig</name>
         <value>0x2ae7</value>
         <object_component_ref idref="oc-244"/>
      </symbol>
      <symbol id="sm-289">
         <name>UART2_AFSELConfig</name>
         <value>0x2ae1</value>
         <object_component_ref idref="oc-23e"/>
      </symbol>
      <symbol id="sm-28a">
         <name>UART7_AFSELConfig</name>
         <value>0x2af0</value>
         <object_component_ref idref="oc-24d"/>
      </symbol>
      <symbol id="sm-28b">
         <name>UART0_AFSELConfig</name>
         <value>0x2adb</value>
         <object_component_ref idref="oc-238"/>
      </symbol>
      <symbol id="sm-304">
         <name>GPTM_GenerateDelay</name>
         <value>0x1a35</value>
         <object_component_ref idref="oc-21b"/>
      </symbol>
      <symbol id="sm-305">
         <name>GPTM_InitializeDelayMode</name>
         <value>0x1971</value>
         <object_component_ref idref="oc-21b"/>
      </symbol>
      <symbol id="sm-306">
         <name>GPTM_InitializePWM</name>
         <value>0x17bd</value>
         <object_component_ref idref="oc-21b"/>
      </symbol>
      <symbol id="sm-307">
         <name>GPTM_GeneratePWM</name>
         <value>0x18cf</value>
         <object_component_ref idref="oc-21b"/>
      </symbol>
      <symbol id="sm-35a">
         <name>GPTM_Config_ArrPtrStruct</name>
         <value>0x20000700</value>
         <object_component_ref idref="oc-233"/>
      </symbol>
      <symbol id="sm-35b">
         <name>GPTM_Config_32BitTimer5A</name>
         <value>0x2ad3</value>
         <object_component_ref idref="oc-336"/>
      </symbol>
      <symbol id="sm-35c">
         <name>GPTM_Config_32BitTimer5B</name>
         <value>0x2ad7</value>
         <object_component_ref idref="oc-339"/>
      </symbol>
      <symbol id="sm-35d">
         <name>GPTM_Config_32BitTimer4A</name>
         <value>0x2acb</value>
         <object_component_ref idref="oc-330"/>
      </symbol>
      <symbol id="sm-35e">
         <name>GPTM_Config_32BitTimer4B</name>
         <value>0x2acf</value>
         <object_component_ref idref="oc-333"/>
      </symbol>
      <symbol id="sm-35f">
         <name>GPTM_Config_32BitTimer1A</name>
         <value>0x2ab3</value>
         <object_component_ref idref="oc-31e"/>
      </symbol>
      <symbol id="sm-360">
         <name>GPTM_Config_32BitTimer1B</name>
         <value>0x2ab7</value>
         <object_component_ref idref="oc-321"/>
      </symbol>
      <symbol id="sm-361">
         <name>GPTM_Config_32BitTimer0A</name>
         <value>0x2aab</value>
         <object_component_ref idref="oc-318"/>
      </symbol>
      <symbol id="sm-362">
         <name>GPTM_Config_32BitTimer0B</name>
         <value>0x2aaf</value>
         <object_component_ref idref="oc-31b"/>
      </symbol>
      <symbol id="sm-363">
         <name>GPTM_Config_32BitTimer3A</name>
         <value>0x2ac3</value>
         <object_component_ref idref="oc-32a"/>
      </symbol>
      <symbol id="sm-364">
         <name>GPTM_Config_32BitTimer3B</name>
         <value>0x2ac7</value>
         <object_component_ref idref="oc-32d"/>
      </symbol>
      <symbol id="sm-365">
         <name>GPTM_Config_32BitTimer2A</name>
         <value>0x2abb</value>
         <object_component_ref idref="oc-324"/>
      </symbol>
      <symbol id="sm-366">
         <name>GPTM_Config_32BitTimer2B</name>
         <value>0x2abf</value>
         <object_component_ref idref="oc-327"/>
      </symbol>
      <symbol id="sm-3b2">
         <name>NVIC_Set_Pending</name>
         <value>0x1b6d</value>
         <object_component_ref idref="oc-85"/>
      </symbol>
      <symbol id="sm-3b3">
         <name>NVIC_Clear_Pending</name>
         <value>0x1ba5</value>
         <object_component_ref idref="oc-85"/>
      </symbol>
      <symbol id="sm-3b4">
         <name>NVIC_Clear_Interrupt</name>
         <value>0x1b35</value>
         <object_component_ref idref="oc-85"/>
      </symbol>
      <symbol id="sm-3b5">
         <name>NVIC_Enable_Interrupt</name>
         <value>0x1afd</value>
         <object_component_ref idref="oc-85"/>
      </symbol>
      <symbol id="sm-3b6">
         <name>NVIC_SetPriorityGrouping</name>
         <value>0x1bdd</value>
         <object_component_ref idref="oc-85"/>
      </symbol>
      <symbol id="sm-3b7">
         <name>NVIC_AssignPriority</name>
         <value>0x1c09</value>
         <object_component_ref idref="oc-85"/>
      </symbol>
      <symbol id="sm-3f7">
         <name>SC_PWMDIV</name>
         <value>0x2aa3</value>
         <object_component_ref idref="oc-10d"/>
      </symbol>
      <symbol id="sm-3f8">
         <name>SC_GetSystemClock</name>
         <value>0x1eab</value>
         <object_component_ref idref="oc-7a"/>
      </symbol>
      <symbol id="sm-3f9">
         <name>SC_Initialization</name>
         <value>0x1d8b</value>
         <object_component_ref idref="oc-7a"/>
      </symbol>
      <symbol id="sm-3fa">
         <name>SC_GetPWMFrequency</name>
         <value>0x1f47</value>
         <object_component_ref idref="oc-7a"/>
      </symbol>
      <symbol id="sm-3fb">
         <name>SC_PWMClkIntialization</name>
         <value>0x1f13</value>
         <object_component_ref idref="oc-7a"/>
      </symbol>
      <symbol id="sm-3fc">
         <name>SC_SYSDIV</name>
         <value>0x2a94</value>
         <object_component_ref idref="oc-10a"/>
      </symbol>
      <symbol id="sm-3fd">
         <name>SC_ADC_ClkIntialization</name>
         <value>0x1f75</value>
         <object_component_ref idref="oc-7a"/>
      </symbol>
      <symbol id="sm-42c">
         <name>Systick_ClearFlag</name>
         <value>0x20ed</value>
         <object_component_ref idref="oc-2d"/>
      </symbol>
      <symbol id="sm-42d">
         <name>Systick_RegisterCallbackFunction</name>
         <value>0x208f</value>
         <object_component_ref idref="oc-2d"/>
      </symbol>
      <symbol id="sm-42e">
         <name>SysTickGenerateDelay_Polling</name>
         <value>0x2029</value>
         <object_component_ref idref="oc-2d"/>
      </symbol>
      <symbol id="sm-42f">
         <name>SysTickGenerateDelay_Interrupt</name>
         <value>0x209f</value>
         <object_component_ref idref="oc-2d"/>
      </symbol>
      <symbol id="sm-430">
         <name>SystickHandler</name>
         <value>0x1ffd</value>
         <object_component_ref idref="oc-2d"/>
      </symbol>
      <symbol id="sm-431">
         <name>SysTickConfigureClockSource</name>
         <value>0x200d</value>
         <object_component_ref idref="oc-2d"/>
      </symbol>
      <symbol id="sm-54d">
         <name>UART4_RegisterCallbackFunction</name>
         <value>0xb25</value>
         <object_component_ref idref="oc-178"/>
      </symbol>
      <symbol id="sm-54e">
         <name>UART_RecCharwTimeOut</name>
         <value>0xa71</value>
         <object_component_ref idref="oc-178"/>
      </symbol>
      <symbol id="sm-54f">
         <name>UART6_RegisterCallbackFunction</name>
         <value>0xb59</value>
         <object_component_ref idref="oc-178"/>
      </symbol>
      <symbol id="sm-550">
         <name>UARTDMA_TxFlag</name>
         <value>0x2000097c</value>
         <object_component_ref idref="oc-ad"/>
      </symbol>
      <symbol id="sm-551">
         <name>UART7_IntHandler</name>
         <value>0x5f5</value>
         <object_component_ref idref="oc-178"/>
      </symbol>
      <symbol id="sm-552">
         <name>UART0_RegisterCallbackFunction</name>
         <value>0xab9</value>
         <object_component_ref idref="oc-178"/>
      </symbol>
      <symbol id="sm-553">
         <name>UART0_IntHandler</name>
         <value>0x26d</value>
         <object_component_ref idref="oc-178"/>
      </symbol>
      <symbol id="sm-554">
         <name>UART2_RegisterCallbackFunction</name>
         <value>0xaf1</value>
         <object_component_ref idref="oc-178"/>
      </symbol>
      <symbol id="sm-555">
         <name>UART_Receive_DMA</name>
         <value>0xa21</value>
         <object_component_ref idref="oc-178"/>
      </symbol>
      <symbol id="sm-556">
         <name>UART5_IntHandler</name>
         <value>0x4e3</value>
         <object_component_ref idref="oc-178"/>
      </symbol>
      <symbol id="sm-557">
         <name>UART_Initialization</name>
         <value>0x681</value>
         <object_component_ref idref="oc-178"/>
      </symbol>
      <symbol id="sm-558">
         <name>UART5_RegisterCallbackFunction</name>
         <value>0xb3f</value>
         <object_component_ref idref="oc-178"/>
      </symbol>
      <symbol id="sm-559">
         <name>UART_RecieveChar_Interrupt</name>
         <value>0x94b</value>
         <object_component_ref idref="oc-178"/>
      </symbol>
      <symbol id="sm-55a">
         <name>UART_TransmitChar_Interrupt</name>
         <value>0x8f1</value>
         <object_component_ref idref="oc-178"/>
      </symbol>
      <symbol id="sm-55b">
         <name>UART6_IntHandler</name>
         <value>0x569</value>
         <object_component_ref idref="oc-178"/>
      </symbol>
      <symbol id="sm-55c">
         <name>UART_ConfigureInterruptSource</name>
         <value>0x781</value>
         <object_component_ref idref="oc-178"/>
      </symbol>
      <symbol id="sm-55d">
         <name>UART7_RegisterCallbackFunction</name>
         <value>0xb73</value>
         <object_component_ref idref="oc-178"/>
      </symbol>
      <symbol id="sm-55e">
         <name>UART3_IntHandler</name>
         <value>0x3e7</value>
         <object_component_ref idref="oc-178"/>
      </symbol>
      <symbol id="sm-55f">
         <name>UART1_RegisterCallbackFunction</name>
         <value>0xad3</value>
         <object_component_ref idref="oc-178"/>
      </symbol>
      <symbol id="sm-560">
         <name>UART_Transmit_DMA</name>
         <value>0x9a9</value>
         <object_component_ref idref="oc-178"/>
      </symbol>
      <symbol id="sm-561">
         <name>UART_InterruptNum_Arr</name>
         <value>0x2000096c</value>
         <object_component_ref idref="oc-22a"/>
      </symbol>
      <symbol id="sm-562">
         <name>UART_TransmitChar_Polling</name>
         <value>0x851</value>
         <object_component_ref idref="oc-178"/>
      </symbol>
      <symbol id="sm-563">
         <name>UART3_RegisterCallbackFunction</name>
         <value>0xb0b</value>
         <object_component_ref idref="oc-178"/>
      </symbol>
      <symbol id="sm-564">
         <name>UART4_IntHandler</name>
         <value>0x465</value>
         <object_component_ref idref="oc-178"/>
      </symbol>
      <symbol id="sm-565">
         <name>UART1_IntHandler</name>
         <value>0x2eb</value>
         <object_component_ref idref="oc-178"/>
      </symbol>
      <symbol id="sm-566">
         <name>UART2_IntHandler</name>
         <value>0x369</value>
         <object_component_ref idref="oc-178"/>
      </symbol>
      <symbol id="sm-567">
         <name>UART_RecieveChar_Polling</name>
         <value>0x8a3</value>
         <object_component_ref idref="oc-178"/>
      </symbol>
      <symbol id="sm-56f">
         <name>UARTChannel1_Config</name>
         <value>0x20000960</value>
         <object_component_ref idref="oc-181"/>
      </symbol>
      <symbol id="sm-589">
         <name>DestBuffer_DMA</name>
         <value>0x20000400</value>
      </symbol>
      <symbol id="sm-58a">
         <name>main</name>
         <value>0x2321</value>
         <object_component_ref idref="oc-f8"/>
      </symbol>
      <symbol id="sm-58b">
         <name>SourceBuffer_DMA</name>
         <value>0x20000500</value>
         <object_component_ref idref="oc-a1"/>
      </symbol>
      <symbol id="sm-5ac">
         <name>ResetISR</name>
         <value>0x23ff</value>
         <object_component_ref idref="oc-27"/>
      </symbol>
      <symbol id="sm-5ad">
         <name>g_pfnVectors</name>
         <value>0x0</value>
         <object_component_ref idref="oc-12"/>
      </symbol>
      <symbol id="sm-5ba">
         <name>__aeabi_uldivmod</name>
         <value>0x21a9</value>
         <object_component_ref idref="oc-80"/>
      </symbol>
      <symbol id="sm-5d1">
         <name>__TI_zero_init</name>
         <value>0x23f3</value>
         <object_component_ref idref="oc-59"/>
      </symbol>
      <symbol id="sm-5e8">
         <name>__TI_decompress_none</name>
         <value>0x23e5</value>
         <object_component_ref idref="oc-1b"/>
      </symbol>
      <symbol id="sm-60b">
         <name>__TI_decompress_lzss</name>
         <value>0x22b9</value>
         <object_component_ref idref="oc-15"/>
      </symbol>
      <symbol id="sm-61e">
         <name>__stack</name>
         <value>0x20000980</value>
         <object_component_ref idref="oc-24"/>
      </symbol>
      <symbol id="sm-61f">
         <name>_c_int00_noargs</name>
         <value>0x23b1</value>
         <object_component_ref idref="oc-65"/>
      </symbol>
      <symbol id="sm-629">
         <name>__aeabi_idiv0</name>
         <value>0x2413</value>
         <object_component_ref idref="oc-117"/>
      </symbol>
      <symbol id="sm-62a">
         <name>__aeabi_ldiv0</name>
         <value>0x2413</value>
         <object_component_ref idref="oc-117"/>
      </symbol>
      <symbol id="sm-645">
         <name>memcpy</name>
         <value>0x210d</value>
         <object_component_ref idref="oc-47"/>
      </symbol>
      <symbol id="sm-646">
         <name>__aeabi_memcpy</name>
         <value>0x210d</value>
         <object_component_ref idref="oc-47"/>
      </symbol>
      <symbol id="sm-647">
         <name>__aeabi_memcpy8</name>
         <value>0x210d</value>
         <object_component_ref idref="oc-47"/>
      </symbol>
      <symbol id="sm-648">
         <name>__aeabi_memcpy4</name>
         <value>0x210d</value>
         <object_component_ref idref="oc-47"/>
      </symbol>
      <symbol id="sm-657">
         <name>__aeabi_memset</name>
         <value>0x2241</value>
         <object_component_ref idref="oc-ec"/>
      </symbol>
      <symbol id="sm-658">
         <name>memset</name>
         <value>0x2247</value>
         <object_component_ref idref="oc-ec"/>
      </symbol>
      <symbol id="sm-659">
         <name>__aeabi_memset8</name>
         <value>0x2241</value>
         <object_component_ref idref="oc-ec"/>
      </symbol>
      <symbol id="sm-65a">
         <name>__aeabi_memset4</name>
         <value>0x2241</value>
         <object_component_ref idref="oc-ec"/>
      </symbol>
      <symbol id="sm-65b">
         <name>__aeabi_memclr8</name>
         <value>0x223f</value>
         <object_component_ref idref="oc-ec"/>
      </symbol>
      <symbol id="sm-65c">
         <name>__aeabi_memclr4</name>
         <value>0x223f</value>
         <object_component_ref idref="oc-ec"/>
      </symbol>
      <symbol id="sm-65d">
         <name>__aeabi_memclr</name>
         <value>0x223f</value>
         <object_component_ref idref="oc-ec"/>
      </symbol>
      <symbol id="sm-685">
         <name>__TI_auto_init_nobinit_nopinit</name>
         <value>0x236d</value>
         <object_component_ref idref="oc-194"/>
      </symbol>
      <symbol id="sm-68f">
         <name>_system_pre_init</name>
         <value>0x240b</value>
         <object_component_ref idref="oc-f2"/>
      </symbol>
      <symbol id="sm-69b">
         <name>C$$EXIT</name>
         <value>0x240f</value>
         <object_component_ref idref="oc-188"/>
      </symbol>
      <symbol id="sm-69c">
         <name>abort</name>
         <value>0x240f</value>
         <object_component_ref idref="oc-188"/>
      </symbol>
      <symbol id="sm-69f">
         <name>__TI_static_base__</name>
         <value>0x0</value>
      </symbol>
      <symbol id="sm-6a2">
         <name>__mpu_init</name>
         <value>0x0</value>
      </symbol>
      <symbol id="sm-6a3">
         <name>_system_post_cinit</name>
         <value>0x0</value>
      </symbol>
   </symbol_table>
   <title>Link successful</title>
</link_info>
